117.227.171.181 - - [17/Sep/2014:08:23:56 +0000] "GET /reset.css HTTP/1.1" 200 1015 "http://www.semicomplete.com/projects/xdotool/" "Mozilla/5.0 (Windows NT 6.1) AppleWebKit/537.36 (KHTML, like Gecko) Chrome/32.0.1700.107 Safari/537.36"
65.55.213.73 - - [17/Sep/2014:08:23:57 +0000] "GET /projects/liboverride/ HTTP/1.1" 200 12909 "-" "msnbot/2.0b (+http://search.msn.com/msnbot.htm)"
117.227.171.181 - - [17/Sep/2014:08:23:57 +0000] "GET /style2.css HTTP/1.1" 200 4877 "http://www.semicomplete.com/projects/xdotool/" "Mozilla/5.0 (Windows NT 6.1) AppleWebKit/537.36 (KHTML, like Gecko) Chrome/32.0.1700.107 Safari/537.36"
65.55.213.73 - - [17/Sep/2014:08:23:58 +0000] "GET /presentations/security HTTP/1.1" 301 337 "-" "msnbot/2.0b (+http://search.msn.com/msnbot.htm)"
117.227.171.181 - - [17/Sep/2014:08:23:58 +0000] "GET /images/jordan-80.png HTTP/1.1" 200 6146 "http://www.semicomplete.com/projects/xdotool/" "Mozilla/5.0 (Windows NT 6.1) AppleWebKit/537.36 (KHTML, like Gecko) Chrome/32.0.1700.107 Safari/537.36"
65.55.213.73 - - [17/Sep/2014:08:23:59 +0000] "GET /presentations/security/ HTTP/1.1" 200 38217 "-" "msnbot/2.0b (+http://search.msn.com/msnbot.htm)"
65.55.213.73 - - [17/Sep/2014:08:24:00 +0000] "GET /presentations/hackday08 HTTP/1.1" 301 338 "-" "msnbot/2.0b (+http://search.msn.com/msnbot.htm)"
65.55.213.73 - - [17/Sep/2014:08:24:01 +0000] "GET /presentations/hackday08/ HTTP/1.1" 200 2817 "-" "msnbot/2.0b (+http://search.msn.com/msnbot.htm)"
65.55.213.73 - - [17/Sep/2014:08:24:04 +0000] "GET /projects/keynav HTTP/1.1" 301 330 "-" "msnbot/2.0b (+http://search.msn.com/msnbot.htm)"
65.55.213.73 - - [17/Sep/2014:08:24:05 +0000] "GET /projects/keynav/ HTTP/1.1" 200 18985 "-" "msnbot/2.0b (+http://search.msn.com/msnbot.htm)"
65.55.213.74 - - [17/Sep/2014:08:24:06 +0000] "GET /presentations/hackday06 HTTP/1.1" 301 338 "-" "msnbot/2.0b (+http://search.msn.com/msnbot.htm)"
209.85.238.199 - - [17/Sep/2014:08:24:07 +0000] "GET /blog/tags/firefox?flav=rss20 HTTP/1.1" 200 16021 "-" "Feedfetcher-Google; (+http://www.google.com/feedfetcher.html; 3 subscribers; feed-id=14171215010336145331)"
65.55.213.74 - - [17/Sep/2014:08:24:08 +0000] "GET /presentations/hackday06/ HTTP/1.1" 200 6719 "-" "msnbot/2.0b (+http://search.msn.com/msnbot.htm)"
65.55.213.74 - - [17/Sep/2014:08:24:09 +0000] "GET /scripts HTTP/1.1" 301 322 "-" "msnbot/2.0b (+http://search.msn.com/msnbot.htm)"
65.55.213.74 - - [17/Sep/2014:08:24:10 +0000] "GET /scripts/ HTTP/1.1" 200 21890 "-" "msnbot/2.0b (+http://search.msn.com/msnbot.htm)"
65.55.213.74 - - [17/Sep/2014:08:24:11 +0000] "GET /articles/dynamic-dns-with-dhcp/ HTTP/1.1" 200 18848 "-" "msnbot/2.0b (+http://search.msn.com/msnbot.htm)"
65.55.213.74 - - [17/Sep/2014:08:24:13 +0000] "GET /projects/grok HTTP/1.1" 301 337 "-" "msnbot/2.0b (+http://search.msn.com/msnbot.htm)"
117.227.171.181 - - [17/Sep/2014:08:24:00 +0000] "GET /images/web/2009/banner.png HTTP/1.1" 200 52315 "http://www.semicomplete.com/projects/xdotool/" "Mozilla/5.0 (Windows NT 6.1) AppleWebKit/537.36 (KHTML, like Gecko) Chrome/32.0.1700.107 Safari/537.36"
65.55.213.74 - - [17/Sep/2014:08:24:14 +0000] "GET /projects/xpathtool HTTP/1.1" 301 333 "-" "msnbot/2.0b (+http://search.msn.com/msnbot.htm)"
65.55.213.74 - - [17/Sep/2014:08:24:15 +0000] "GET /projects/xpathtool/ HTTP/1.1" 200 10745 "-" "msnbot/2.0b (+http://search.msn.com/msnbot.htm)"
65.55.213.74 - - [17/Sep/2014:08:24:16 +0000] "GET /projects/xmlpresenter HTTP/1.1" 301 336 "-" "msnbot/2.0b (+http://search.msn.com/msnbot.htm)"
65.55.213.74 - - [17/Sep/2014:08:24:17 +0000] "GET /projects/xmlpresenter/ HTTP/1.1" 200 11628 "-" "msnbot/2.0b (+http://search.msn.com/msnbot.htm)"
65.55.213.74 - - [17/Sep/2014:08:24:19 +0000] "GET /projects HTTP/1.1" 301 323 "-" "msnbot/2.0b (+http://search.msn.com/msnbot.htm)"
65.55.213.74 - - [17/Sep/2014:08:24:20 +0000] "GET /projects/ HTTP/1.1" 200 10927 "-" "msnbot/2.0b (+http://search.msn.com/msnbot.htm)"
65.55.213.74 - - [17/Sep/2014:08:24:21 +0000] "GET /projects/xboxproxy HTTP/1.1" 301 333 "-" "msnbot/2.0b (+http://search.msn.com/msnbot.htm)"
65.55.213.74 - - [17/Sep/2014:08:24:22 +0000] "GET /projects/xboxproxy/ HTTP/1.1" 200 13171 "-" "msnbot/2.0b (+http://search.msn.com/msnbot.htm)"
65.55.213.74 - - [17/Sep/2014:08:24:23 +0000] "GET /projects/solaudio HTTP/1.1" 301 332 "-" "msnbot/2.0b (+http://search.msn.com/msnbot.htm)"
81.169.149.220 - - [17/Sep/2014:08:24:23 +0000] "GET /favicon.ico HTTP/1.1" 200 3638 "-" "Mozilla/5.0 (X11; Ubuntu; Linux x86_64; rv:26.0) Gecko/20100101 Firefox/26.0"
65.55.213.74 - - [17/Sep/2014:08:24:24 +0000] "GET /projects/solaudio/ HTTP/1.1" 200 8301 "-" "msnbot/2.0b (+http://search.msn.com/msnbot.htm)"
65.55.213.79 - - [17/Sep/2014:08:24:26 +0000] "GET /about/ HTTP/1.1" 200 11474 "-" "msnbot/2.0b (+http://search.msn.com/msnbot.htm)"
65.55.213.79 - - [17/Sep/2014:08:24:27 +0000] "GET /articles/arp-security/ HTTP/1.1" 200 19735 "-" "msnbot/2.0b (+http://search.msn.com/msnbot.htm)"
65.55.213.79 - - [17/Sep/2014:08:24:28 +0000] "GET /articles/efficiency/ HTTP/1.1" 200 36398 "-" "msnbot/2.0b (+http://search.msn.com/msnbot.htm)"
65.55.213.79 - - [17/Sep/2014:08:24:30 +0000] "GET /projects/pmbackup HTTP/1.1" 301 332 "-" "msnbot/2.0b (+http://search.msn.com/msnbot.htm)"
65.55.213.79 - - [17/Sep/2014:08:24:31 +0000] "GET /projects/pmbackup/ HTTP/1.1" 200 15945 "-" "msnbot/2.0b (+http://search.msn.com/msnbot.htm)"
65.55.213.79 - - [17/Sep/2014:08:24:32 +0000] "GET /projects/nis2ldap HTTP/1.1" 301 332 "-" "msnbot/2.0b (+http://search.msn.com/msnbot.htm)"
65.55.213.73 - - [17/Sep/2014:08:24:33 +0000] "GET /projects/nis2ldap/ HTTP/1.1" 200 8352 "-" "msnbot/2.0b (+http://search.msn.com/msnbot.htm)"
65.55.213.73 - - [17/Sep/2014:08:24:34 +0000] "GET /articles/week-of-unix-tools/ HTTP/1.1" 200 9313 "-" "msnbot/2.0b (+http://search.msn.com/msnbot.htm)"
65.55.213.73 - - [17/Sep/2014:08:24:36 +0000] "GET /projects/newpsm HTTP/1.1" 301 330 "-" "msnbot/2.0b (+http://search.msn.com/msnbot.htm)"
65.55.213.73 - - [17/Sep/2014:08:24:37 +0000] "GET /projects/newpsm/ HTTP/1.1" 200 19964 "-" "msnbot/2.0b (+http://search.msn.com/msnbot.htm)"
65.55.213.73 - - [17/Sep/2014:08:24:38 +0000] "GET /projects/firefox-urledit HTTP/1.1" 301 339 "-" "msnbot/2.0b (+http://search.msn.com/msnbot.htm)"
65.55.213.73 - - [17/Sep/2014:08:24:39 +0000] "GET /projects/firefox-urledit/ HTTP/1.1" 200 9258 "-" "msnbot/2.0b (+http://search.msn.com/msnbot.htm)"
65.55.213.73 - - [17/Sep/2014:08:24:40 +0000] "GET /articles HTTP/1.1" 301 323 "-" "msnbot/2.0b (+http://search.msn.com/msnbot.htm)"
65.55.213.73 - - [17/Sep/2014:08:24:41 +0000] "GET /articles/ HTTP/1.1" 200 9981 "-" "msnbot/2.0b (+http://search.msn.com/msnbot.htm)"
65.55.213.73 - - [17/Sep/2014:08:24:43 +0000] "GET /articles/ssh-security/ HTTP/1.1" 200 16543 "-" "msnbot/2.0b (+http://search.msn.com/msnbot.htm)"
65.55.213.73 - - [17/Sep/2014:08:24:44 +0000] "GET /projects/firefox-tabsearch HTTP/1.1" 301 341 "-" "msnbot/2.0b (+http://search.msn.com/msnbot.htm)"
65.55.213.73 - - [17/Sep/2014:08:24:45 +0000] "GET /projects/firefox-tabsearch/ HTTP/1.1" 200 9661 "-" "msnbot/2.0b (+http://search.msn.com/msnbot.htm)"
65.55.213.73 - - [17/Sep/2014:08:24:46 +0000] "GET /projects/pam_captcha HTTP/1.1" 301 335 "-" "msnbot/2.0b (+http://search.msn.com/msnbot.htm)"
65.55.213.73 - - [17/Sep/2014:08:24:47 +0000] "GET /projects/pam_captcha/ HTTP/1.1" 200 10514 "-" "msnbot/2.0b (+http://search.msn.com/msnbot.htm)"
65.55.213.73 - - [17/Sep/2014:08:24:49 +0000] "GET /articles/ppp-over-ssh/ HTTP/1.1" 200 18586 "-" "msnbot/2.0b (+http://search.msn.com/msnbot.htm)"
65.55.213.73 - - [17/Sep/2014:08:24:50 +0000] "GET /projects/xdotool HTTP/1.1" 301 331 "-" "msnbot/2.0b (+http://search.msn.com/msnbot.htm)"
65.55.213.73 - - [17/Sep/2014:08:24:51 +0000] "GET /projects/xdotool/ HTTP/1.1" 200 12292 "-" "msnbot/2.0b (+http://search.msn.com/msnbot.htm)"
65.55.213.73 - - [17/Sep/2014:08:24:52 +0000] "GET /presentations/vim HTTP/1.1" 301 332 "-" "msnbot/2.0b (+http://search.msn.com/msnbot.htm)"
207.241.237.102 - - [17/Sep/2014:08:24:53 +0000] "GET /icons/text.gif HTTP/1.0" 200 229 "http://www.semicomplete.com/scripts/" "Mozilla/5.0 (compatible; special_archiver/3.1.1 +http://www.archive.org/details/archive.org_bot)"
65.55.213.73 - - [17/Sep/2014:08:24:53 +0000] "GET /presentations/vim/ HTTP/1.1" 200 20572 "-" "msnbot/2.0b (+http://search.msn.com/msnbot.htm)"
65.55.213.73 - - [17/Sep/2014:08:24:55 +0000] "GET /projects/fex HTTP/1.1" 301 327 "-" "msnbot/2.0b (+http://search.msn.com/msnbot.htm)"
65.55.213.73 - - [17/Sep/2014:08:24:56 +0000] "GET /projects/fex/ HTTP/1.1" 200 14352 "-" "msnbot/2.0b (+http://search.msn.com/msnbot.htm)"
65.55.213.73 - - [17/Sep/2014:08:24:57 +0000] "GET /presentations/unix-basics HTTP/1.1" 301 340 "-" "msnbot/2.0b (+http://search.msn.com/msnbot.htm)"
65.55.213.73 - - [17/Sep/2014:08:24:58 +0000] "GET /presentations/unix-basics/ HTTP/1.1" 200 38555 "-" "msnbot/2.0b (+http://search.msn.com/msnbot.htm)"
65.55.213.73 - - [17/Sep/2014:08:25:00 +0000] "GET /presentations/semantic-blogging HTTP/1.1" 301 346 "-" "msnbot/2.0b (+http://search.msn.com/msnbot.htm)"
65.55.213.73 - - [17/Sep/2014:08:25:01 +0000] "GET /presentations/semantic-blogging/ HTTP/1.1" 200 6649 "-" "msnbot/2.0b (+http://search.msn.com/msnbot.htm)"
117.227.171.181 - - [17/Sep/2014:08:25:24 +0000] "GET /favicon.ico HTTP/1.1" 200 3638 "-" "Mozilla/5.0 (Windows NT 6.1) AppleWebKit/537.36 (KHTML, like Gecko) Chrome/32.0.1700.107 Safari/537.36"
46.105.14.53 - - [17/Sep/2014:08:26:17 +0000] "GET /blog/tags/puppet?flav=rss20 HTTP/1.1" 200 14872 "-" "UniversalFeedParser/4.2-pre-314-svn +http://feedparser.org/"
207.241.237.226 - - [17/Sep/2014:08:26:33 +0000] "GET /icons/back.gif HTTP/1.0" 200 216 "http://www.semicomplete.com/scripts/" "Mozilla/5.0 (compatible; special_archiver/3.1.1 +http://www.archive.org/details/archive.org_bot)"
84.85.130.133 - - [17/Sep/2014:08:27:24 +0000] "GET /projects/xdotool/ HTTP/1.1" 200 12292 "http://unix.stackexchange.com/questions/87831/how-to-send-keystrokes-f5-from-terminal-to-a-process" "Mozilla/5.0 (Windows NT 6.3; WOW64) AppleWebKit/537.36 (KHTML, like Gecko) Chrome/34.0.1838.2 Safari/537.36"
84.85.130.133 - - [17/Sep/2014:08:27:24 +0000] "GET /reset.css HTTP/1.1" 200 1015 "http://www.semicomplete.com/projects/xdotool/" "Mozilla/5.0 (Windows NT 6.3; WOW64) AppleWebKit/537.36 (KHTML, like Gecko) Chrome/34.0.1838.2 Safari/537.36"
84.85.130.133 - - [17/Sep/2014:08:27:25 +0000] "GET /style2.css HTTP/1.1" 200 4877 "http://www.semicomplete.com/projects/xdotool/" "Mozilla/5.0 (Windows NT 6.3; WOW64) AppleWebKit/537.36 (KHTML, like Gecko) Chrome/34.0.1838.2 Safari/537.36"
84.85.130.133 - - [17/Sep/2014:08:27:25 +0000] "GET /images/jordan-80.png HTTP/1.1" 200 6146 "http://www.semicomplete.com/projects/xdotool/" "Mozilla/5.0 (Windows NT 6.3; WOW64) AppleWebKit/537.36 (KHTML, like Gecko) Chrome/34.0.1838.2 Safari/537.36"
84.85.130.133 - - [17/Sep/2014:08:27:25 +0000] "GET /images/web/2009/banner.png HTTP/1.1" 200 52315 "http://www.semicomplete.com/projects/xdotool/" "Mozilla/5.0 (Windows NT 6.3; WOW64) AppleWebKit/537.36 (KHTML, like Gecko) Chrome/34.0.1838.2 Safari/537.36"
84.85.130.133 - - [17/Sep/2014:08:27:26 +0000] "GET /favicon.ico HTTP/1.1" 200 3638 "-" "Mozilla/5.0 (Windows NT 6.3; WOW64) AppleWebKit/537.36 (KHTML, like Gecko) Chrome/34.0.1838.2 Safari/537.36"
68.180.224.225 - - [17/Sep/2014:08:27:39 +0000] "GET /scripts/?C=M;O=A HTTP/1.1" 200 21894 "-" "Mozilla/5.0 (compatible; Yahoo! Slurp; http://help.yahoo.com/help/us/ysearch/slurp)"
68.180.224.225 - - [17/Sep/2014:08:28:24 +0000] "GET /scripts/?C=M;O=D HTTP/1.1" 200 21894 "-" "Mozilla/5.0 (compatible; Yahoo! Slurp; http://help.yahoo.com/help/us/ysearch/slurp)"
217.212.224.183 - - [17/Sep/2014:08:28:35 +0000] "GET /robots.txt HTTP/1.0" 200 - "-" "psbot/0.1 (+http://www.picsearch.com/bot.html)"
217.212.224.181 - - [17/Sep/2014:08:28:35 +0000] "GET /blog/projects/xmlpresenter/main.html HTTP/1.0" 200 11628 "-" "psbot/0.1 (+http://www.picsearch.com/bot.html)"
54.226.176.99 - - [17/Sep/2014:08:28:35 +0000] "GET /presentations/logstash-scale11x/ HTTP/1.1" 200 54239 "-" "Mozilla/5.0 (Macintosh; U; Intel Mac OS X 10.6; en-US; rv:1.9.2) Gecko/20100115 Firefox/3.6 (FlipboardProxy/1.1; +http://flipboard.com/browserproxy)"
194.29.137.5 - - [17/Sep/2014:08:28:38 +0000] "GET /projects/xdotool/xdotool.xhtml HTTP/1.1" 200 50112 "http://stackoverflow.com/questions/3585871/how-can-i-get-the-current-mouse-pointer-position-co-ordinates-in-x" "Mozilla/5.0 (X11; Linux i686; rv:26.0) Gecko/20100101 Firefox/26.0"
194.29.137.5 - - [17/Sep/2014:08:28:39 +0000] "GET /favicon.ico HTTP/1.1" 200 3638 "-" "Mozilla/5.0 (X11; Linux i686; rv:26.0) Gecko/20100101 Firefox/26.0"
194.29.137.5 - - [17/Sep/2014:08:28:39 +0000] "GET /favicon.ico HTTP/1.1" 200 3638 "-" "Mozilla/5.0 (X11; Linux i686; rv:26.0) Gecko/20100101 Firefox/26.0"
194.29.137.5 - - [17/Sep/2014:08:28:40 +0000] "GET /files/xdotool/docs/html/search/search.css HTTP/1.1" 200 3843 "http://www.semicomplete.com/files/xdotool/docs/html/xdo_8h.html" "Mozilla/5.0 (X11; Linux i686; rv:26.0) Gecko/20100101 Firefox/26.0"
194.29.137.5 - - [17/Sep/2014:08:28:40 +0000] "GET /files/xdotool/docs/html/tabs.css HTTP/1.1" 200 1844 "http://www.semicomplete.com/files/xdotool/docs/html/xdo_8h.html" "Mozilla/5.0 (X11; Linux i686; rv:26.0) Gecko/20100101 Firefox/26.0"
194.29.137.5 - - [17/Sep/2014:08:28:39 +0000] "GET /files/xdotool/docs/html/xdo_8h.html HTTP/1.1" 200 145776 "http://stackoverflow.com/questions/3585871/how-can-i-get-the-current-mouse-pointer-position-co-ordinates-in-x" "Mozilla/5.0 (X11; Linux i686; rv:26.0) Gecko/20100101 Firefox/26.0"
194.29.137.5 - - [17/Sep/2014:08:28:40 +0000] "GET /files/xdotool/docs/html/doxygen.css HTTP/1.1" 200 7911 "http://www.semicomplete.com/files/xdotool/docs/html/xdo_8h.html" "Mozilla/5.0 (X11; Linux i686; rv:26.0) Gecko/20100101 Firefox/26.0"
194.29.137.5 - - [17/Sep/2014:08:28:40 +0000] "GET /files/xdotool/docs/html/search/search.js HTTP/1.1" 200 21330 "http://www.semicomplete.com/files/xdotool/docs/html/xdo_8h.html" "Mozilla/5.0 (X11; Linux i686; rv:26.0) Gecko/20100101 Firefox/26.0"
194.29.137.5 - - [17/Sep/2014:08:28:41 +0000] "GET /files/xdotool/docs/html/search/close.png HTTP/1.1" 200 273 "http://www.semicomplete.com/files/xdotool/docs/html/xdo_8h.html" "Mozilla/5.0 (X11; Linux i686; rv:26.0) Gecko/20100101 Firefox/26.0"
194.29.137.5 - - [17/Sep/2014:08:28:41 +0000] "GET /files/xdotool/docs/html/search/search.png HTTP/1.1" 200 527 "http://www.semicomplete.com/files/xdotool/docs/html/xdo_8h.html" "Mozilla/5.0 (X11; Linux i686; rv:26.0) Gecko/20100101 Firefox/26.0"
194.29.137.5 - - [17/Sep/2014:08:28:41 +0000] "GET /files/xdotool/docs/html/tab_r.gif HTTP/1.1" 200 2585 "http://www.semicomplete.com/files/xdotool/docs/html/tabs.css" "Mozilla/5.0 (X11; Linux i686; rv:26.0) Gecko/20100101 Firefox/26.0"
194.29.137.5 - - [17/Sep/2014:08:28:41 +0000] "GET /files/xdotool/docs/html/tab_l.gif HTTP/1.1" 200 706 "http://www.semicomplete.com/files/xdotool/docs/html/tabs.css" "Mozilla/5.0 (X11; Linux i686; rv:26.0) Gecko/20100101 Firefox/26.0"
194.29.137.5 - - [17/Sep/2014:08:28:41 +0000] "GET /files/xdotool/docs/html/doxygen.png HTTP/1.1" 200 1281 "http://www.semicomplete.com/files/xdotool/docs/html/xdo_8h.html" "Mozilla/5.0 (X11; Linux i686; rv:26.0) Gecko/20100101 Firefox/26.0"
194.29.137.5 - - [17/Sep/2014:08:28:41 +0000] "GET /files/xdotool/docs/html/tab_b.gif HTTP/1.1" 200 35 "http://www.semicomplete.com/files/xdotool/docs/html/tabs.css" "Mozilla/5.0 (X11; Linux i686; rv:26.0) Gecko/20100101 Firefox/26.0"
68.180.224.225 - - [17/Sep/2014:08:28:45 +0000] "GET /scripts/?C=N;O=A HTTP/1.1" 200 21894 "-" "Mozilla/5.0 (compatible; Yahoo! Slurp; http://help.yahoo.com/help/us/ysearch/slurp)"
65.55.213.73 - - [17/Sep/2014:08:29:52 +0000] "GET /blog/tags/project HTTP/1.1" 200 29189 "-" "msnbot/2.0b (+http://search.msn.com/msnbot.htm)"
84.85.130.133 - - [17/Sep/2014:08:29:52 +0000] "GET /projects/xdotool/xdotool.xhtml HTTP/1.1" 200 50112 "http://www.semicomplete.com/projects/xdotool/" "Mozilla/5.0 (Windows NT 6.3; WOW64) AppleWebKit/537.36 (KHTML, like Gecko) Chrome/34.0.1838.2 Safari/537.36"
65.55.213.73 - - [17/Sep/2014:08:29:54 +0000] "GET /blog/tags/release HTTP/1.1" 200 40693 "-" "msnbot/2.0b (+http://search.msn.com/msnbot.htm)"
65.55.213.73 - - [17/Sep/2014:08:29:57 +0000] "GET /blog/tags/xdotool HTTP/1.1" 200 44297 "-" "msnbot/2.0b (+http://search.msn.com/msnbot.htm)"
192.95.12.193 - - [17/Sep/2014:08:29:57 +0000] "GET /misc/sample.log HTTP/1.1" 200 54306753 "http://www.semicomplete.com/" "Mozilla/5.0 (Macintosh; Intel Mac OS X 10.7; rv:21.0) Gecko/20100101 Firefox/21.0"
65.55.213.73 - - [17/Sep/2014:08:29:59 +0000] "GET /blog/geekery/disabling-battery-in-ubuntu-vms.html HTTP/1.1" 200 9316 "-" "msnbot/2.0b (+http://search.msn.com/msnbot.htm)"
192.95.12.193 - - [17/Sep/2014:08:30:00 +0000] "GET /blog/geekery/mounting-partitions-within-a-disk-image-in-linux.html HTTP/1.1" 200 9699 "http://www.semicomplete.com/" "Mozilla/5.0 (Macintosh; Intel Mac OS X 10.7; rv:21.0) Gecko/20100101 Firefox/21.0"
65.55.213.73 - - [17/Sep/2014:08:30:00 +0000] "GET /blog/tags/debugging HTTP/1.1" 200 24083 "-" "msnbot/2.0b (+http://search.msn.com/msnbot.htm)"
65.55.213.73 - - [17/Sep/2014:08:30:02 +0000] "GET /blog/tags/assert HTTP/1.1" 200 9514 "-" "msnbot/2.0b (+http://search.msn.com/msnbot.htm)"
65.55.213.73 - - [17/Sep/2014:08:30:03 +0000] "GET /blog/tags/C HTTP/1.1" 200 37991 "-" "msnbot/2.0b (+http://search.msn.com/msnbot.htm)"
217.212.224.181 - - [17/Sep/2014:08:30:04 +0000] "GET /demo/jquery-magicpuff.html HTTP/1.0" 304 - "-" "psbot/0.1 (+http://www.picsearch.com/bot.html)"
65.55.213.73 - - [17/Sep/2014:08:30:04 +0000] "GET /blog/tags/tf2 HTTP/1.1" 200 10021 "-" "msnbot/2.0b (+http://search.msn.com/msnbot.htm)"
65.55.213.73 - - [17/Sep/2014:08:30:06 +0000] "GET /blog/tags/Xlib HTTP/1.1" 200 25745 "-" "msnbot/2.0b (+http://search.msn.com/msnbot.htm)"
65.55.213.73 - - [17/Sep/2014:08:30:07 +0000] "GET /blog/tags/year%20review HTTP/1.1" 200 34590 "-" "msnbot/2.0b (+http://search.msn.com/msnbot.htm)"
65.55.213.73 - - [17/Sep/2014:08:30:08 +0000] "GET /blog/geekery/year-in-review-2011.html HTTP/1.1" 200 11118 "-" "msnbot/2.0b (+http://search.msn.com/msnbot.htm)"
65.55.213.73 - - [17/Sep/2014:08:30:11 +0000] "GET /blog/geekery/xdotool-2.20110530.html HTTP/1.1" 200 11936 "-" "msnbot/2.0b (+http://search.msn.com/msnbot.htm)"
95.153.89.104 - - [17/Sep/2014:08:30:12 +0000] "GET /files/rubygems615/java-ssl-debug-last-request.txt HTTP/1.1" 200 66717 "https://www.google.com/search?q=proxy+50na50" "Mozilla/5.0 (X11; U; SunOS sun4u; en-US; rv:1.7.5) Gecko/20050105 Epiphany/1.4.8"
65.55.213.73 - - [17/Sep/2014:08:30:13 +0000] "GET /blog/tags/tools HTTP/1.1" 200 26510 "-" "msnbot/2.0b (+http://search.msn.com/msnbot.htm)"
65.55.213.73 - - [17/Sep/2014:08:30:14 +0000] "GET /blog/geekery/solving-good-or-bad-problems.html HTTP/1.1" 200 10756 "-" "msnbot/2.0b (+http://search.msn.com/msnbot.htm)"
65.55.213.74 - - [17/Sep/2014:08:30:17 +0000] "GET /blog/tags/windows HTTP/1.1" 200 16691 "-" "msnbot/2.0b (+http://search.msn.com/msnbot.htm)"
65.55.213.74 - - [17/Sep/2014:08:30:18 +0000] "GET /blog/tags/installer%20failure HTTP/1.1" 200 8948 "-" "msnbot/2.0b (+http://search.msn.com/msnbot.htm)"
65.55.213.74 - - [17/Sep/2014:08:30:19 +0000] "GET /blog/tags/logstash HTTP/1.1" 200 19007 "-" "msnbot/2.0b (+http://search.msn.com/msnbot.htm)"
65.55.213.74 - - [17/Sep/2014:08:30:20 +0000] "GET /blog/growing-logstash-value.html HTTP/1.1" 200 11113 "-" "msnbot/2.0b (+http://search.msn.com/msnbot.htm)"
65.55.213.74 - - [17/Sep/2014:08:30:22 +0000] "GET /blog/tags/logging HTTP/1.1" 200 19423 "-" "msnbot/2.0b (+http://search.msn.com/msnbot.htm)"
65.55.213.74 - - [17/Sep/2014:08:30:24 +0000] "GET /blog/geekery/CEE-logging-for-profit.html HTTP/1.1" 200 13358 "-" "msnbot/2.0b (+http://search.msn.com/msnbot.htm)"
65.55.213.74 - - [17/Sep/2014:08:30:25 +0000] "GET /blog/tags/wine HTTP/1.1" 200 10021 "-" "msnbot/2.0b (+http://search.msn.com/msnbot.htm)"
65.55.213.74 - - [17/Sep/2014:08:30:26 +0000] "GET /blog/geekery/tf2-wine-linux-performance-tuning.html HTTP/1.1" 200 10021 "-" "msnbot/2.0b (+http://search.msn.com/msnbot.htm)"
65.55.213.74 - - [17/Sep/2014:08:30:27 +0000] "GET /blog/tags/rants HTTP/1.1" 200 39692 "-" "msnbot/2.0b (+http://search.msn.com/msnbot.htm)"
65.55.213.74 - - [17/Sep/2014:08:30:30 +0000] "GET /blog/tags/X11 HTTP/1.1" 200 32742 "-" "msnbot/2.0b (+http://search.msn.com/msnbot.htm)"
68.180.224.225 - - [17/Sep/2014:08:30:30 +0000] "GET /blog/tags/ipcp HTTP/1.1" 200 9983 "-" "Mozilla/5.0 (compatible; Yahoo! Slurp; http://help.yahoo.com/help/us/ysearch/slurp)"
65.55.213.74 - - [17/Sep/2014:08:30:31 +0000] "GET /blog/tags/open%20source HTTP/1.1" 200 11113 "-" "msnbot/2.0b (+http://search.msn.com/msnbot.htm)"
65.55.213.73 - - [17/Sep/2014:08:30:33 +0000] "GET /blog/geekery/insist-on-better-asserts.html HTTP/1.1" 200 9514 "-" "msnbot/2.0b (+http://search.msn.com/msnbot.htm)"
65.55.213.73 - - [17/Sep/2014:08:30:34 +0000] "GET /blog/tags/sysadmin HTTP/1.1" 200 40797 "-" "msnbot/2.0b (+http://search.msn.com/msnbot.htm)"
65.55.213.73 - - [17/Sep/2014:08:30:35 +0000] "GET /blog/tags/standards HTTP/1.1" 200 13358 "-" "msnbot/2.0b (+http://search.msn.com/msnbot.htm)"
65.55.213.73 - - [17/Sep/2014:08:30:37 +0000] "GET /blog/tags/linux HTTP/1.1" 200 29219 "-" "msnbot/2.0b (+http://search.msn.com/msnbot.htm)"
65.55.213.73 - - [17/Sep/2014:08:30:38 +0000] "GET /about/ HTTP/1.1" 200 11474 "-" "msnbot/2.0b (+http://search.msn.com/msnbot.htm)"
65.55.213.73 - - [17/Sep/2014:08:30:39 +0000] "GET /blog/geekery/installing-windows-8-consumer-preview.html HTTP/1.1" 200 8948 "-" "msnbot/2.0b (+http://search.msn.com/msnbot.htm)"
65.55.213.73 - - [17/Sep/2014:08:30:41 +0000] "GET /blog/tags/ruby HTTP/1.1" 200 35904 "-" "msnbot/2.0b (+http://search.msn.com/msnbot.htm)"
65.55.213.73 - - [17/Sep/2014:08:30:42 +0000] "GET /blog/geekery/logstash-1.0.0-release.html HTTP/1.1" 200 8764 "-" "msnbot/2.0b (+http://search.msn.com/msnbot.htm)"
65.55.213.73 - - [17/Sep/2014:08:30:43 +0000] "GET /blog/tags/management HTTP/1.1" 200 8764 "-" "msnbot/2.0b (+http://search.msn.com/msnbot.htm)"
65.55.213.73 - - [17/Sep/2014:08:30:45 +0000] "GET /blog/tags/log HTTP/1.1" 200 8764 "-" "msnbot/2.0b (+http://search.msn.com/msnbot.htm)"
46.105.14.53 - - [17/Sep/2014:08:31:20 +0000] "GET /blog/tags/puppet?flav=rss20 HTTP/1.1" 200 14872 "-" "UniversalFeedParser/4.2-pre-314-svn +http://feedparser.org/"
207.241.237.227 - - [17/Sep/2014:08:31:27 +0000] "GET /icons/blank.gif HTTP/1.0" 200 148 "http://www.semicomplete.com/scripts/" "Mozilla/5.0 (compatible; special_archiver/3.1.1 +http://www.archive.org/details/archive.org_bot)"
217.212.224.181 - - [17/Sep/2014:08:31:29 +0000] "GET /blog/tags/graphs HTTP/1.0" 200 25853 "-" "psbot/0.1 (+http://www.picsearch.com/bot.html)"
192.95.12.193 - - [17/Sep/2014:08:31:30 +0000] "GET /presentations/logstash-preso-1.0/ HTTP/1.1" 200 56479 "http://www.semicomplete.com/" "Mozilla/5.0 (Macintosh; Intel Mac OS X 10.7; rv:21.0) Gecko/20100101 Firefox/21.0"
192.95.12.193 - - [17/Sep/2014:08:31:31 +0000] "GET /style2.css HTTP/1.1" 200 4877 "http://www.semicomplete.com/" "Mozilla/5.0 (Macintosh; Intel Mac OS X 10.7; rv:21.0) Gecko/20100101 Firefox/21.0"
207.241.237.227 - - [17/Sep/2014:08:32:15 +0000] "GET /icons/folder.gif HTTP/1.0" 200 225 "http://www.semicomplete.com/scripts/" "Mozilla/5.0 (compatible; special_archiver/3.1.1 +http://www.archive.org/details/archive.org_bot)"
209.85.238.199 - - [17/Sep/2014:08:32:47 +0000] "GET / HTTP/1.1" 200 37932 "-" "Feedfetcher-Google; (+http://www.google.com/feedfetcher.html; 1 subscribers; feed-id=8003088278248648013)"
173.192.238.58 - - [17/Sep/2014:08:32:50 +0000] "GET /blog HTTP/1.1" 200 37936 "-" "Mozilla/5.0 (X11; U; Linux x86_64; en-US; rv:1.9.0.19; aggregator:Spinn3r (Spinn3r 3.1); http://spinn3r.com/robot) Gecko/2010040121 Firefox/3.0.19"
217.212.224.181 - - [17/Sep/2014:08:33:01 +0000] "GET /blog/tags/selenium HTTP/1.0" 200 9633 "-" "psbot/0.1 (+http://www.picsearch.com/bot.html)"
207.241.237.223 - - [17/Sep/2014:08:33:03 +0000] "GET /blog/geekery/oniguruma-named-capture-example.html HTTP/1.0" 200 9208 "http://www.semicomplete.com/blog/tags/C" "Mozilla/5.0 (compatible; archive.org_bot +http://www.archive.org/details/archive.org_bot)"
66.249.73.135 - - [17/Sep/2014:08:33:28 +0000] "GET /?flav=atom HTTP/1.1" 200 32352 "-" "Mozilla/5.0 (compatible; Googlebot/2.1; +http://www.google.com/bot.html)"
207.241.237.227 - - [17/Sep/2014:08:33:29 +0000] "GET /blog/tags/soekris HTTP/1.0" 200 19483 "http://www.semicomplete.com/blog/tags/C" "Mozilla/5.0 (compatible; archive.org_bot +http://www.archive.org/details/archive.org_bot)"
74.125.176.149 - - [17/Sep/2014:08:33:39 +0000] "GET /?flav=rss20 HTTP/1.1" 200 29941 "-" "FeedBurner/1.0 (http://www.FeedBurner.com)"
41.223.160.234 - - [17/Sep/2014:08:33:55 +0000] "GET /images/googledotcom.png HTTP/1.1" 200 65748 "http://www.google.com/search?q=google.com/&client=ms-android-samsung&hl=ar&gl=ae&source=android-browser-type&source=lnms&tbm=isch&sa=X&ei=7t8AU5jDEIOt0QXxgoHACg&ved=0CAgQ_AUoAA&biw=320&bih=401&dpr=0.75" "Mozilla/5.0 (Linux; U; Android 2.3.6; ar-ae; GT-S5570I Build/GINGERBREAD) AppleWebKit/533.1 (KHTML, like Gecko) Version/4.0 Mobile Safari/533.1"
50.18.71.222 - - [17/Sep/2014:08:35:08 +0000] "GET /blog/tags/puppet?flav=rss20 HTTP/1.1" 200 14872 "-" "Digg Feed Fetcher 1.0 (Mozilla/5.0 (Macintosh; Intel Mac OS X 10_7_1) AppleWebKit/534.48.3 (KHTML, like Gecko) Version/5.1 Safari/534.48.3)"
50.16.19.13 - - [17/Sep/2014:08:36:13 +0000] "GET /blog/tags/puppet?flav=rss20 HTTP/1.1" 200 14872 "http://www.semicomplete.com/blog/tags/puppet?flav=rss20" "Tiny Tiny RSS/1.11 (http://tt-rss.org/)"
46.105.14.53 - - [17/Sep/2014:08:36:17 +0000] "GET /blog/tags/puppet?flav=rss20 HTTP/1.1" 200 14872 "-" "UniversalFeedParser/4.2-pre-314-svn +http://feedparser.org/"
66.249.73.135 - - [17/Sep/2014:08:36:29 +0000] "GET /blog/tags/c++?page=2 HTTP/1.1" 200 9088 "-" "Mozilla/5.0 (compatible; Googlebot/2.1; +http://www.google.com/bot.html)"
198.228.201.147 - - [17/Sep/2014:08:37:12 +0000] "GET /articles/ssh-security/ HTTP/1.1" 200 16543 "-" "Mozilla/5.0 (iPhone; CPU iPhone OS 7_0_4 like Mac OS X) AppleWebKit/537.51.1 (KHTML, like Gecko) Version/7.0 Mobile/11B554a Safari/9537.53"
107.170.40.203 - - [17/Sep/2014:08:37:12 +0000] "GET /?flav=atom HTTP/1.1" 200 32352 "-" "Feedbin - 1 subscribers"
108.174.55.234 - - [17/Sep/2014:08:37:44 +0000] "GET /?flav=rss20 HTTP/1.1" 200 29941 "-" "-"
89.2.87.1 - - [17/Sep/2014:08:38:01 +0000] "GET /images/logstash_OSCON.pdf HTTP/1.1" 200 1693678 "http://www.google.fr/url?sa=t&rct=j&q=&esrc=s&source=web&cd=5&cad=rja&ved=0CE8QFjAE&url=http%3A%2F%2Fsemicomplete.com%2Fimages%2Flogstash_OSCON.pdf&ei=7eIAU4fJJeGm0QXzwYCACA&usg=AFQjCNF2ikX71TvpVxHLkIi36cWJowYlNA&bvm=bv.61535280,d.d2k" "Mozilla/5.0 (Windows NT 5.1; rv:26.0) Gecko/20100101 Firefox/26.0"
89.2.87.1 - - [17/Sep/2014:08:38:02 +0000] "GET /favicon.ico HTTP/1.1" 200 3638 "-" "Mozilla/5.0 (Windows NT 5.1; rv:26.0) Gecko/20100101 Firefox/26.0"
89.2.87.1 - - [17/Sep/2014:08:38:02 +0000] "GET /images/logstash_OSCON.pdf HTTP/1.1" 206 65536 "http://www.google.fr/url?sa=t&rct=j&q=&esrc=s&source=web&cd=5&cad=rja&ved=0CE8QFjAE&url=http%3A%2F%2Fsemicomplete.com%2Fimages%2Flogstash_OSCON.pdf&ei=7eIAU4fJJeGm0QXzwYCACA&usg=AFQjCNF2ikX71TvpVxHLkIi36cWJowYlNA&bvm=bv.61535280,d.d2k" "Mozilla/5.0 (Windows NT 5.1; rv:26.0) Gecko/20100101 Firefox/26.0"
89.2.87.1 - - [17/Sep/2014:08:38:02 +0000] "GET /images/logstash_OSCON.pdf HTTP/1.1" 206 55278 "http://www.google.fr/url?sa=t&rct=j&q=&esrc=s&source=web&cd=5&cad=rja&ved=0CE8QFjAE&url=http%3A%2F%2Fsemicomplete.com%2Fimages%2Flogstash_OSCON.pdf&ei=7eIAU4fJJeGm0QXzwYCACA&usg=AFQjCNF2ikX71TvpVxHLkIi36cWJowYlNA&bvm=bv.61535280,d.d2k" "Mozilla/5.0 (Windows NT 5.1; rv:26.0) Gecko/20100101 Firefox/26.0"
89.2.87.1 - - [17/Sep/2014:08:38:03 +0000] "GET /images/logstash_OSCON.pdf HTTP/1.1" 206 65536 "http://www.google.fr/url?sa=t&rct=j&q=&esrc=s&source=web&cd=5&cad=rja&ved=0CE8QFjAE&url=http%3A%2F%2Fsemicomplete.com%2Fimages%2Flogstash_OSCON.pdf&ei=7eIAU4fJJeGm0QXzwYCACA&usg=AFQjCNF2ikX71TvpVxHLkIi36cWJowYlNA&bvm=bv.61535280,d.d2k" "Mozilla/5.0 (Windows NT 5.1; rv:26.0) Gecko/20100101 Firefox/26.0"
89.2.87.1 - - [17/Sep/2014:08:38:03 +0000] "GET /images/logstash_OSCON.pdf HTTP/1.1" 206 65536 "http://www.google.fr/url?sa=t&rct=j&q=&esrc=s&source=web&cd=5&cad=rja&ved=0CE8QFjAE&url=http%3A%2F%2Fsemicomplete.com%2Fimages%2Flogstash_OSCON.pdf&ei=7eIAU4fJJeGm0QXzwYCACA&usg=AFQjCNF2ikX71TvpVxHLkIi36cWJowYlNA&bvm=bv.61535280,d.d2k" "Mozilla/5.0 (Windows NT 5.1; rv:26.0) Gecko/20100101 Firefox/26.0"
89.2.87.1 - - [17/Sep/2014:08:38:03 +0000] "GET /images/logstash_OSCON.pdf HTTP/1.1" 206 65536 "http://www.google.fr/url?sa=t&rct=j&q=&esrc=s&source=web&cd=5&cad=rja&ved=0CE8QFjAE&url=http%3A%2F%2Fsemicomplete.com%2Fimages%2Flogstash_OSCON.pdf&ei=7eIAU4fJJeGm0QXzwYCACA&usg=AFQjCNF2ikX71TvpVxHLkIi36cWJowYlNA&bvm=bv.61535280,d.d2k" "Mozilla/5.0 (Windows NT 5.1; rv:26.0) Gecko/20100101 Firefox/26.0"
89.2.87.1 - - [17/Sep/2014:08:38:03 +0000] "GET /images/logstash_OSCON.pdf HTTP/1.1" 206 131072 "http://www.google.fr/url?sa=t&rct=j&q=&esrc=s&source=web&cd=5&cad=rja&ved=0CE8QFjAE&url=http%3A%2F%2Fsemicomplete.com%2Fimages%2Flogstash_OSCON.pdf&ei=7eIAU4fJJeGm0QXzwYCACA&usg=AFQjCNF2ikX71TvpVxHLkIi36cWJowYlNA&bvm=bv.61535280,d.d2k" "Mozilla/5.0 (Windows NT 5.1; rv:26.0) Gecko/20100101 Firefox/26.0"
89.2.87.1 - - [17/Sep/2014:08:38:04 +0000] "GET /images/logstash_OSCON.pdf HTTP/1.1" 206 131072 "http://www.google.fr/url?sa=t&rct=j&q=&esrc=s&source=web&cd=5&cad=rja&ved=0CE8QFjAE&url=http%3A%2F%2Fsemicomplete.com%2Fimages%2Flogstash_OSCON.pdf&ei=7eIAU4fJJeGm0QXzwYCACA&usg=AFQjCNF2ikX71TvpVxHLkIi36cWJowYlNA&bvm=bv.61535280,d.d2k" "Mozilla/5.0 (Windows NT 5.1; rv:26.0) Gecko/20100101 Firefox/26.0"
89.2.87.1 - - [17/Sep/2014:08:38:03 +0000] "GET /images/logstash_OSCON.pdf HTTP/1.1" 206 196608 "http://www.google.fr/url?sa=t&rct=j&q=&esrc=s&source=web&cd=5&cad=rja&ved=0CE8QFjAE&url=http%3A%2F%2Fsemicomplete.com%2Fimages%2Flogstash_OSCON.pdf&ei=7eIAU4fJJeGm0QXzwYCACA&usg=AFQjCNF2ikX71TvpVxHLkIi36cWJowYlNA&bvm=bv.61535280,d.d2k" "Mozilla/5.0 (Windows NT 5.1; rv:26.0) Gecko/20100101 Firefox/26.0"
89.2.87.1 - - [17/Sep/2014:08:38:03 +0000] "GET /images/logstash_OSCON.pdf HTTP/1.1" 206 196608 "http://www.google.fr/url?sa=t&rct=j&q=&esrc=s&source=web&cd=5&cad=rja&ved=0CE8QFjAE&url=http%3A%2F%2Fsemicomplete.com%2Fimages%2Flogstash_OSCON.pdf&ei=7eIAU4fJJeGm0QXzwYCACA&usg=AFQjCNF2ikX71TvpVxHLkIi36cWJowYlNA&bvm=bv.61535280,d.d2k" "Mozilla/5.0 (Windows NT 5.1; rv:26.0) Gecko/20100101 Firefox/26.0"
89.2.87.1 - - [17/Sep/2014:08:38:04 +0000] "GET /images/logstash_OSCON.pdf HTTP/1.1" 206 65536 "http://www.google.fr/url?sa=t&rct=j&q=&esrc=s&source=web&cd=5&cad=rja&ved=0CE8QFjAE&url=http%3A%2F%2Fsemicomplete.com%2Fimages%2Flogstash_OSCON.pdf&ei=7eIAU4fJJeGm0QXzwYCACA&usg=AFQjCNF2ikX71TvpVxHLkIi36cWJowYlNA&bvm=bv.61535280,d.d2k" "Mozilla/5.0 (Windows NT 5.1; rv:26.0) Gecko/20100101 Firefox/26.0"
89.2.87.1 - - [17/Sep/2014:08:38:05 +0000] "GET /images/logstash_OSCON.pdf HTTP/1.1" 206 65536 "http://www.google.fr/url?sa=t&rct=j&q=&esrc=s&source=web&cd=5&cad=rja&ved=0CE8QFjAE&url=http%3A%2F%2Fsemicomplete.com%2Fimages%2Flogstash_OSCON.pdf&ei=7eIAU4fJJeGm0QXzwYCACA&usg=AFQjCNF2ikX71TvpVxHLkIi36cWJowYlNA&bvm=bv.61535280,d.d2k" "Mozilla/5.0 (Windows NT 5.1; rv:26.0) Gecko/20100101 Firefox/26.0"
89.2.87.1 - - [17/Sep/2014:08:38:05 +0000] "GET /images/logstash_OSCON.pdf HTTP/1.1" 206 65536 "http://www.google.fr/url?sa=t&rct=j&q=&esrc=s&source=web&cd=5&cad=rja&ved=0CE8QFjAE&url=http%3A%2F%2Fsemicomplete.com%2Fimages%2Flogstash_OSCON.pdf&ei=7eIAU4fJJeGm0QXzwYCACA&usg=AFQjCNF2ikX71TvpVxHLkIi36cWJowYlNA&bvm=bv.61535280,d.d2k" "Mozilla/5.0 (Windows NT 5.1; rv:26.0) Gecko/20100101 Firefox/26.0"
89.2.87.1 - - [17/Sep/2014:08:38:05 +0000] "GET /images/logstash_OSCON.pdf HTTP/1.1" 206 131072 "http://www.google.fr/url?sa=t&rct=j&q=&esrc=s&source=web&cd=5&cad=rja&ved=0CE8QFjAE&url=http%3A%2F%2Fsemicomplete.com%2Fimages%2Flogstash_OSCON.pdf&ei=7eIAU4fJJeGm0QXzwYCACA&usg=AFQjCNF2ikX71TvpVxHLkIi36cWJowYlNA&bvm=bv.61535280,d.d2k" "Mozilla/5.0 (Windows NT 5.1; rv:26.0) Gecko/20100101 Firefox/26.0"
89.2.87.1 - - [17/Sep/2014:08:38:05 +0000] "GET /images/logstash_OSCON.pdf HTTP/1.1" 206 131072 "http://www.google.fr/url?sa=t&rct=j&q=&esrc=s&source=web&cd=5&cad=rja&ved=0CE8QFjAE&url=http%3A%2F%2Fsemicomplete.com%2Fimages%2Flogstash_OSCON.pdf&ei=7eIAU4fJJeGm0QXzwYCACA&usg=AFQjCNF2ikX71TvpVxHLkIi36cWJowYlNA&bvm=bv.61535280,d.d2k" "Mozilla/5.0 (Windows NT 5.1; rv:26.0) Gecko/20100101 Firefox/26.0"
89.2.87.1 - - [17/Sep/2014:08:38:05 +0000] "GET /images/logstash_OSCON.pdf HTTP/1.1" 206 65536 "http://www.google.fr/url?sa=t&rct=j&q=&esrc=s&source=web&cd=5&cad=rja&ved=0CE8QFjAE&url=http%3A%2F%2Fsemicomplete.com%2Fimages%2Flogstash_OSCON.pdf&ei=7eIAU4fJJeGm0QXzwYCACA&usg=AFQjCNF2ikX71TvpVxHLkIi36cWJowYlNA&bvm=bv.61535280,d.d2k" "Mozilla/5.0 (Windows NT 5.1; rv:26.0) Gecko/20100101 Firefox/26.0"
89.2.87.1 - - [17/Sep/2014:08:38:05 +0000] "GET /images/logstash_OSCON.pdf HTTP/1.1" 206 196608 "http://www.google.fr/url?sa=t&rct=j&q=&esrc=s&source=web&cd=5&cad=rja&ved=0CE8QFjAE&url=http%3A%2F%2Fsemicomplete.com%2Fimages%2Flogstash_OSCON.pdf&ei=7eIAU4fJJeGm0QXzwYCACA&usg=AFQjCNF2ikX71TvpVxHLkIi36cWJowYlNA&bvm=bv.61535280,d.d2k" "Mozilla/5.0 (Windows NT 5.1; rv:26.0) Gecko/20100101 Firefox/26.0"
89.176.234.221 - - [17/Sep/2014:08:38:53 +0000] "GET /favicon.ico HTTP/1.1" 200 3638 "-" "Mozilla/5.0 (X11; Linux x86_64; rv:26.0) Gecko/20100101 Firefox/26.0 Iceweasel/26.0"
208.54.40.237 - - [17/Sep/2014:08:39:33 +0000] "GET /blog/geekery/puppet-exported-resource-expiration.html HTTP/1.1" 200 9804 "-" "Mozilla/5.0 (iPhone; CPU iPhone OS 7_0_4 like Mac OS X) AppleWebKit/537.51.1 (KHTML, like Gecko) CriOS/32.0.1700.21 Mobile/11B554a Safari/9537.53"
208.54.40.237 - - [17/Sep/2014:08:39:33 +0000] "GET /reset.css HTTP/1.1" 200 1015 "http://www.semicomplete.com/blog/geekery/puppet-exported-resource-expiration.html" "Mozilla/5.0 (iPhone; CPU iPhone OS 7_0_4 like Mac OS X) AppleWebKit/537.51.1 (KHTML, like Gecko) CriOS/32.0.1700.21 Mobile/11B554a Safari/9537.53"
208.54.40.237 - - [17/Sep/2014:08:39:33 +0000] "GET /style2.css HTTP/1.1" 200 4877 "http://www.semicomplete.com/blog/geekery/puppet-exported-resource-expiration.html" "Mozilla/5.0 (iPhone; CPU iPhone OS 7_0_4 like Mac OS X) AppleWebKit/537.51.1 (KHTML, like Gecko) CriOS/32.0.1700.21 Mobile/11B554a Safari/9537.53"
208.54.40.237 - - [17/Sep/2014:08:39:33 +0000] "GET /images/jordan-80.png HTTP/1.1" 200 6146 "http://www.semicomplete.com/blog/geekery/puppet-exported-resource-expiration.html" "Mozilla/5.0 (iPhone; CPU iPhone OS 7_0_4 like Mac OS X) AppleWebKit/537.51.1 (KHTML, like Gecko) CriOS/32.0.1700.21 Mobile/11B554a Safari/9537.53"
208.54.40.237 - - [17/Sep/2014:08:39:33 +0000] "GET /images/web/2009/banner.png HTTP/1.1" 200 52315 "http://www.semicomplete.com/blog/geekery/puppet-exported-resource-expiration.html" "Mozilla/5.0 (iPhone; CPU iPhone OS 7_0_4 like Mac OS X) AppleWebKit/537.51.1 (KHTML, like Gecko) CriOS/32.0.1700.21 Mobile/11B554a Safari/9537.53"
208.54.40.237 - - [17/Sep/2014:08:39:34 +0000] "GET /favicon.ico HTTP/1.1" 200 3638 "-" "Mozilla/5.0 (iPhone; CPU iPhone OS 7_0_4 like Mac OS X) AppleWebKit/537.51.1 (KHTML, like Gecko) CriOS/32.0.1700.21 Mobile/11B554a Safari/9537.53"
66.249.73.135 - - [17/Sep/2014:08:39:43 +0000] "GET /?flav=rss20 HTTP/1.1" 200 29941 "-" "Mozilla/5.0 (compatible; Googlebot/2.1; +http://www.google.com/bot.html)"
198.228.201.147 - - [17/Sep/2014:08:39:51 +0000] "GET /articles/ssh-security/ HTTP/1.1" 200 16543 "-" "Mozilla/5.0 (iPhone; CPU iPhone OS 7_0_4 like Mac OS X) AppleWebKit/537.51.1 (KHTML, like Gecko) Version/7.0 Mobile/11B554a Safari/9537.53"
46.105.14.53 - - [17/Sep/2014:08:41:20 +0000] "GET /blog/tags/puppet?flav=rss20 HTTP/1.1" 200 14872 "-" "UniversalFeedParser/4.2-pre-314-svn +http://feedparser.org/"
66.249.73.135 - - [17/Sep/2014:08:41:22 +0000] "GET /blog/tags/release HTTP/1.1" 200 40693 "-" "SAMSUNG-SGH-E250/1.0 Profile/MIDP-2.0 Configuration/CLDC-1.1 UP.Browser/6.2.3.3.c.1.101 (GUI) MMP/2.0 (compatible; Googlebot-Mobile/2.1; +http://www.google.com/bot.html)"
198.228.201.147 - - [17/Sep/2014:08:41:30 +0000] "GET /articles/ssh-security/ HTTP/1.1" 200 16543 "https://www.google.com/" "Mozilla/5.0 (iPhone; CPU iPhone OS 7_0_4 like Mac OS X) AppleWebKit/537.51.1 (KHTML, like Gecko) Version/7.0 Mobile/11B554a Safari/9537.53"
166.147.88.15 - - [17/Sep/2014:08:41:50 +0000] "GET / HTTP/1.1" 200 37932 "-" "Mozilla/5.0 (iPhone; CPU iPhone OS 7_0_4 like Mac OS X) AppleWebKit/537.51.1 (KHTML, like Gecko) Version/7.0 Mobile/11B554a Safari/9537.53"
166.147.88.15 - - [17/Sep/2014:08:41:50 +0000] "GET /reset.css HTTP/1.1" 200 1015 "http://www.semicomplete.com/" "Mozilla/5.0 (iPhone; CPU iPhone OS 7_0_4 like Mac OS X) AppleWebKit/537.51.1 (KHTML, like Gecko) Version/7.0 Mobile/11B554a Safari/9537.53"
166.147.88.15 - - [17/Sep/2014:08:41:50 +0000] "GET /style2.css HTTP/1.1" 200 4877 "http://www.semicomplete.com/" "Mozilla/5.0 (iPhone; CPU iPhone OS 7_0_4 like Mac OS X) AppleWebKit/537.51.1 (KHTML, like Gecko) Version/7.0 Mobile/11B554a Safari/9537.53"
166.147.88.15 - - [17/Sep/2014:08:41:51 +0000] "GET /images/jordan-80.png HTTP/1.1" 200 6146 "http://www.semicomplete.com/" "Mozilla/5.0 (iPhone; CPU iPhone OS 7_0_4 like Mac OS X) AppleWebKit/537.51.1 (KHTML, like Gecko) Version/7.0 Mobile/11B554a Safari/9537.53"
166.147.88.15 - - [17/Sep/2014:08:41:51 +0000] "GET /images/web/2009/banner.png HTTP/1.1" 200 52315 "http://www.semicomplete.com/" "Mozilla/5.0 (iPhone; CPU iPhone OS 7_0_4 like Mac OS X) AppleWebKit/537.51.1 (KHTML, like Gecko) Version/7.0 Mobile/11B554a Safari/9537.53"
208.91.156.11 - - [17/Sep/2014:08:42:22 +0000] "GET /files/logstash/logstash-1.3.2-monolithic.jar HTTP/1.1" 404 324 "-" "Chef Client/10.18.2 (ruby-1.9.3-p327; ohai-6.16.0; x86_64-linux; +http://opscode.com)"
183.60.243.242 - - [17/Sep/2014:08:43:09 +0000] "GET / HTTP/1.1" 200 37932 "-" "Mozilla/4.0 (compatible; MSIE 6.1; Windows NT)"
66.249.73.135 - - [17/Sep/2014:08:43:21 +0000] "GET /projects/xdotool/ HTTP/1.1" 200 12292 "-" "Mozilla/5.0 (compatible; Googlebot/2.1; +http://www.google.com/bot.html)"
100.43.83.137 - - [17/Sep/2014:08:43:30 +0000] "GET /images/google.gif HTTP/1.1" 304 - "-" "Mozilla/5.0 (compatible; YandexImages/3.0; +http://yandex.com/bots)"
209.17.114.78 - - [17/Sep/2014:08:44:49 +0000] "GET /images/elasticsearch-logstash-piesnacking.png HTTP/1.1" 200 21820 "-" "Mozilla/4.0 (compatible; MSIE 6.0; Windows NT 5.2; SV1; .NET CLR 2.0.50727; InfoPath.1)"
82.165.139.53 - - [17/Sep/2014:08:44:49 +0000] "GET /projects/xdotool/ HTTP/1.0" 200 12292 "-" "-"
23.231.5.40 - - [17/Sep/2014:08:45:01 +0000] "GET /blog/geekery/firefox-2-vertical-tabs-extension-stuff.html HTTP/1.0" 200 11468 "http://www.semicomplete.com/" "Mozilla/5.0 (Macintosh; Intel Mac OS X 10.7; rv:21.0) Gecko/20100101 Firefox/21.0"
207.241.237.221 - - [17/Sep/2014:08:45:44 +0000] "GET /blog/tags/headless HTTP/1.0" 200 11902 "http://www.semicomplete.com/blog/tags/xdotool" "Mozilla/5.0 (compatible; archive.org_bot +http://www.archive.org/details/archive.org_bot)"
46.105.14.53 - - [17/Sep/2014:08:46:17 +0000] "GET /blog/tags/puppet?flav=rss20 HTTP/1.1" 200 14872 "-" "UniversalFeedParser/4.2-pre-314-svn +http://feedparser.org/"
207.241.237.228 - - [17/Sep/2014:08:46:20 +0000] "GET /?page=1 HTTP/1.0" 200 37932 "http://semicomplete.com/?page=2" "Mozilla/5.0 (compatible; archive.org_bot +http://www.archive.org/details/archive.org_bot)"
207.241.237.228 - - [17/Sep/2014:08:46:24 +0000] "GET /files/blogposts/20101209/fullheight.html HTTP/1.0" 200 2501 "http://semicomplete.com/?page=2" "Mozilla/5.0 (compatible; archive.org_bot +http://www.archive.org/details/archive.org_bot)"
37.130.227.133 - - [17/Sep/2014:08:47:36 +0000] "GET /favicon.ico HTTP/1.1" 200 3638 "-" "Mozilla/5.0 (X11; Linux x86_64; rv:27.0) Gecko/20100101 Firefox/27.0"
180.76.6.48 - - [17/Sep/2014:08:47:37 +0000] "GET /blog/geekery/mini-freebsd-script.html?commentlimit=0 HTTP/1.1" 200 10638 "-" "Mozilla/5.0 (compatible; Baiduspider/2.0; +http://www.baidu.com/search/spider.html)"
68.180.224.225 - - [17/Sep/2014:08:48:16 +0000] "GET /blog/misc/207.html HTTP/1.1" 200 8554 "-" "Mozilla/5.0 (compatible; Yahoo! Slurp; http://help.yahoo.com/help/us/ysearch/slurp)"
31.142.223.246 - - [17/Sep/2014:08:48:23 +0000] "GET /images/googledotcom.png HTTP/1.1" 200 65748 "http://www.google.com.tr/search?q=.+www.google.com&client=ms-android-samsung&hl=ar&v=141400000&biw=320&bih=508&tbm=isch&source=lnms&sa=X&ei=3uQAU_rAKKX9ywOynoC4BA&ved=0CAgQ_AUoAA" "Mozilla/5.0 (Linux; U; Android 4.0.4; ar-ae; GT-S7562 Build/IMM76I) AppleWebKit/534.30 (KHTML, like Gecko) Version/4.0 Mobile Safari/534.30"
109.167.131.110 - - [17/Sep/2014:08:48:36 +0000] "GET /blog/geekery/screen-solaris-terminfo.html HTTP/1.1" 200 9239 "https://www.google.ru/" "Mozilla/5.0 (X11; Linux x86_64) AppleWebKit/537.36 (KHTML, like Gecko) Chrome/31.0.1650.63 Safari/537.36"
109.167.131.110 - - [17/Sep/2014:08:48:37 +0000] "GET /favicon.ico HTTP/1.1" 200 3638 "-" "Mozilla/5.0 (X11; Linux x86_64) AppleWebKit/537.36 (KHTML, like Gecko) Chrome/31.0.1650.63 Safari/537.36"
109.167.131.110 - - [17/Sep/2014:08:48:37 +0000] "GET /blog/geekery/screen-solaris-terminfo.html HTTP/1.1" 200 9239 "http://www.semicomplete.com/blog/geekery/screen-solaris-terminfo.html" "Mozilla/5.0 (X11; Linux x86_64) AppleWebKit/537.36 (KHTML, like Gecko) Chrome/31.0.1650.63 Safari/537.36"
109.167.131.110 - - [17/Sep/2014:08:48:37 +0000] "GET /reset.css HTTP/1.1" 200 1015 "http://www.semicomplete.com/blog/geekery/screen-solaris-terminfo.html" "Mozilla/5.0 (X11; Linux x86_64) AppleWebKit/537.36 (KHTML, like Gecko) Chrome/31.0.1650.63 Safari/537.36"
109.167.131.110 - - [17/Sep/2014:08:48:37 +0000] "GET /images/jordan-80.png HTTP/1.1" 200 6146 "http://www.semicomplete.com/blog/geekery/screen-solaris-terminfo.html" "Mozilla/5.0 (X11; Linux x86_64) AppleWebKit/537.36 (KHTML, like Gecko) Chrome/31.0.1650.63 Safari/537.36"
109.167.131.110 - - [17/Sep/2014:08:48:37 +0000] "GET /style2.css HTTP/1.1" 200 4877 "http://www.semicomplete.com/blog/geekery/screen-solaris-terminfo.html" "Mozilla/5.0 (X11; Linux x86_64) AppleWebKit/537.36 (KHTML, like Gecko) Chrome/31.0.1650.63 Safari/537.36"
209.85.238.199 - - [17/Sep/2014:08:48:37 +0000] "GET /?flav=atom HTTP/1.1" 200 32352 "-" "Feedfetcher-Google; (+http://www.google.com/feedfetcher.html; 16 subscribers; feed-id=3389821348893992437)"
109.167.131.110 - - [17/Sep/2014:08:48:38 +0000] "GET /images/web/2009/banner.png HTTP/1.1" 200 52315 "http://www.semicomplete.com/blog/geekery/screen-solaris-terminfo.html" "Mozilla/5.0 (X11; Linux x86_64) AppleWebKit/537.36 (KHTML, like Gecko) Chrome/31.0.1650.63 Safari/537.36"
207.241.237.101 - - [17/Sep/2014:08:49:21 +0000] "GET /blog/geekery/xdotool-1.20100227.html HTTP/1.0" 200 10675 "http://www.semicomplete.com/blog/tags/xdotool" "Mozilla/5.0 (compatible; archive.org_bot +http://www.archive.org/details/archive.org_bot)"
74.125.176.151 - - [17/Sep/2014:08:49:48 +0000] "GET /?flav=rss20 HTTP/1.1" 200 29941 "-" "FeedBurner/1.0 (http://www.FeedBurner.com)"
46.105.14.53 - - [17/Sep/2014:08:51:27 +0000] "GET /blog/tags/puppet?flav=rss20 HTTP/1.1" 200 14872 "-" "UniversalFeedParser/4.2-pre-314-svn +http://feedparser.org/"
209.85.238.199 - - [17/Sep/2014:08:52:00 +0000] "GET /?flav=rss20 HTTP/1.1" 200 29941 "-" "Feedfetcher-Google; (+http://www.google.com/feedfetcher.html; 22 subscribers; feed-id=8321906634162087507)"
207.241.237.104 - - [17/Sep/2014:08:52:04 +0000] "GET /blog/geekery/xdotool-2.20100818.html HTTP/1.0" 200 11417 "http://www.semicomplete.com/blog/tags/xdotool" "Mozilla/5.0 (compatible; archive.org_bot +http://www.archive.org/details/archive.org_bot)"
50.16.19.13 - - [17/Sep/2014:08:52:19 +0000] "GET /blog/tags/puppet?flav=rss20 HTTP/1.1" 200 14872 "http://www.semicomplete.com/blog/tags/puppet?flav=rss20" "Tiny Tiny RSS/1.11 (http://tt-rss.org/)"
88.184.51.134 - - [17/Sep/2014:08:52:50 +0000] "GET /projects/xdotool/ HTTP/1.1" 200 12292 "http://unix.stackexchange.com/questions/14879/how-to-inject-keystrokes-via-a-shell-script" "Mozilla/5.0 (X11; Linux i686 (x86_64)) AppleWebKit/537.36 (KHTML, like Gecko) Chrome/32.0.1700.102 Safari/537.36"
88.184.51.134 - - [17/Sep/2014:08:52:51 +0000] "GET /reset.css HTTP/1.1" 200 1015 "http://www.semicomplete.com/projects/xdotool/" "Mozilla/5.0 (X11; Linux i686 (x86_64)) AppleWebKit/537.36 (KHTML, like Gecko) Chrome/32.0.1700.102 Safari/537.36"
88.184.51.134 - - [17/Sep/2014:08:52:51 +0000] "GET /style2.css HTTP/1.1" 200 4877 "http://www.semicomplete.com/projects/xdotool/" "Mozilla/5.0 (X11; Linux i686 (x86_64)) AppleWebKit/537.36 (KHTML, like Gecko) Chrome/32.0.1700.102 Safari/537.36"
88.184.51.134 - - [17/Sep/2014:08:52:51 +0000] "GET /images/jordan-80.png HTTP/1.1" 200 6146 "http://www.semicomplete.com/projects/xdotool/" "Mozilla/5.0 (X11; Linux i686 (x86_64)) AppleWebKit/537.36 (KHTML, like Gecko) Chrome/32.0.1700.102 Safari/537.36"
88.184.51.134 - - [17/Sep/2014:08:52:51 +0000] "GET /images/web/2009/banner.png HTTP/1.1" 200 52315 "http://www.semicomplete.com/projects/xdotool/" "Mozilla/5.0 (X11; Linux i686 (x86_64)) AppleWebKit/537.36 (KHTML, like Gecko) Chrome/32.0.1700.102 Safari/537.36"
88.184.51.134 - - [17/Sep/2014:08:52:53 +0000] "GET /favicon.ico HTTP/1.1" 200 3638 "-" "Mozilla/5.0 (X11; Linux i686 (x86_64)) AppleWebKit/537.36 (KHTML, like Gecko) Chrome/32.0.1700.102 Safari/537.36"
143.233.204.28 - - [17/Sep/2014:08:53:01 +0000] "GET /blog/geekery/ssl-latency.html HTTP/1.0" 200 17147 "http://ru.drugspowerstore.com/" "Mozilla/4.0 (compatible; MSIE 7.0; Windows NT 5.1; Trident/4.0)"
143.233.204.28 - - [17/Sep/2014:08:53:02 +0000] "GET /blog/geekery/ssl-latency.html HTTP/1.0" 200 17147 "http://ru.drugspowerstore.com/" "Mozilla/4.0 (compatible; MSIE 7.0; Windows NT 5.1; Trident/4.0)"
143.233.204.28 - - [17/Sep/2014:08:53:03 +0000] "GET /blog/geekery/ssl-latency.html HTTP/1.0" 200 17147 "http://ru.drugspowerstore.com/" "Mozilla/5.0 (Windows NT 6.2) AppleWebKit/537.11 (KHTML, like Gecko) Chrome/23.0.1271.95 Safari/537.11"
207.241.237.102 - - [17/Sep/2014:08:53:21 +0000] "GET /files/blogposts/20100511/xephyr-ephemeral-x-example.png HTTP/1.0" 200 75275 "http://www.semicomplete.com/blog/tags/xdotool" "Mozilla/5.0 (compatible; archive.org_bot +http://www.archive.org/details/archive.org_bot)"
80.153.191.173 - - [17/Sep/2014:08:54:10 +0000] "GET /projects/keynav/ HTTP/1.1" 200 18985 "-" "Mozilla/5.0 (X11; Linux i686; rv:27.0) Gecko/20100101 conkeror/1.0pre"
80.153.191.173 - - [17/Sep/2014:08:54:11 +0000] "GET /reset.css HTTP/1.1" 200 1015 "http://www.semicomplete.com/projects/keynav/" "Mozilla/5.0 (X11; Linux i686; rv:27.0) Gecko/20100101 conkeror/1.0pre"
80.153.191.173 - - [17/Sep/2014:08:54:11 +0000] "GET /style2.css HTTP/1.1" 200 4877 "http://www.semicomplete.com/projects/keynav/" "Mozilla/5.0 (X11; Linux i686; rv:27.0) Gecko/20100101 conkeror/1.0pre"
80.153.191.173 - - [17/Sep/2014:08:54:11 +0000] "GET /images/jordan-80.png HTTP/1.1" 200 6146 "http://www.semicomplete.com/projects/keynav/" "Mozilla/5.0 (X11; Linux i686; rv:27.0) Gecko/20100101 conkeror/1.0pre"
80.153.191.173 - - [17/Sep/2014:08:54:13 +0000] "GET /projects/keynav/demo-thumb.png HTTP/1.1" 200 15141 "http://www.semicomplete.com/projects/keynav/" "Mozilla/5.0 (X11; Linux i686; rv:27.0) Gecko/20100101 conkeror/1.0pre"
80.153.191.173 - - [17/Sep/2014:08:54:12 +0000] "GET /images/web/2009/banner.png HTTP/1.1" 200 52315 "http://www.semicomplete.com/style2.css" "Mozilla/5.0 (X11; Linux i686; rv:27.0) Gecko/20100101 conkeror/1.0pre"
207.241.237.104 - - [17/Sep/2014:08:54:51 +0000] "GET /robots.txt HTTP/1.0" 200 - "-" "Mozilla/5.0 (compatible; archive.org_bot +http://www.archive.org/details/archive.org_bot)"
207.241.237.104 - - [17/Sep/2014:08:54:55 +0000] "GET /files/xdotool/docs/html/ HTTP/1.0" 200 3870 "http://www.semicomplete.com/blog/tags/xdotool" "Mozilla/5.0 (compatible; archive.org_bot +http://www.archive.org/details/archive.org_bot)"
119.63.196.16 - - [17/Sep/2014:08:55:10 +0000] "GET / HTTP/1.1" 200 36824 "-" "Mozilla/5.0 (compatible; Baiduspider/2.0; +http://www.baidu.com/search/spider.html)"
46.105.14.53 - - [17/Sep/2014:08:56:18 +0000] "GET /blog/tags/puppet?flav=rss20 HTTP/1.1" 200 14872 "-" "UniversalFeedParser/4.2-pre-314-svn +http://feedparser.org/"
180.180.119.57 - - [17/Sep/2014:08:56:20 +0000] "GET / HTTP/1.1" 200 37932 "http://www.semicomplete.com/" "Mozilla/5.0 (Macintosh; Intel Mac OS X 10.7; rv:21.0) Gecko/20100101 Firefox/21.0"
180.180.119.57 - - [17/Sep/2014:08:56:22 +0000] "GET /blog/geekery/installing-windows-8-consumer-preview.html HTTP/1.1" 200 8948 "http://www.semicomplete.com/" "Mozilla/5.0 (Macintosh; Intel Mac OS X 10.7; rv:21.0) Gecko/20100101 Firefox/21.0"
67.61.162.49 - - [17/Sep/2014:08:58:20 +0000] "GET /projects/xdotool/ HTTP/1.1" 200 12292 "http://www.google.com/url?sa=t&rct=j&q=&esrc=s&source=web&cd=2&ved=0CDIQFjAB&url=http%3A%2F%2Fwww.semicomplete.com%2Fprojects%2Fxdotool%2F&ei=s-cAU7itM4z2oAT5w4LgAg&usg=AFQjCNE3V_aCf3-gfNcbS924S6jZ6FqffA&sig2=SHjt53FTwab_lZ2-SqiQcw" "Mozilla/5.0 (X11; Linux x86_64; rv:27.0) Gecko/20100101 Firefox/27.0"
67.61.162.49 - - [17/Sep/2014:08:58:20 +0000] "GET /reset.css HTTP/1.1" 200 1015 "http://www.semicomplete.com/projects/xdotool/" "Mozilla/5.0 (X11; Linux x86_64; rv:27.0) Gecko/20100101 Firefox/27.0"
67.61.162.49 - - [17/Sep/2014:08:58:20 +0000] "GET /style2.css HTTP/1.1" 200 4877 "http://www.semicomplete.com/projects/xdotool/" "Mozilla/5.0 (X11; Linux x86_64; rv:27.0) Gecko/20100101 Firefox/27.0"
67.61.162.49 - - [17/Sep/2014:08:58:20 +0000] "GET /favicon.ico HTTP/1.1" 200 3638 "-" "Mozilla/5.0 (X11; Linux x86_64; rv:27.0) Gecko/20100101 Firefox/27.0"
