71.33.204.157 - - [17/Sep/2014:12:51:41 +0000] "GET /articles/dynamic-dns-with-dhcp/ HTTP/1.1" 200 18848 "http://www.google.com/url?sa=t&rct=j&q=&esrc=s&frm=1&source=web&cd=3&ved=0CEIQFjAC&url=http%3A%2F%2Fwww.semicomplete.com%2Farticles%2Fdynamic-dns-with-dhcp%2F&ei=YB4BU7a6BubbyQGRn4CoBQ&usg=AFQjCNEF1X4Rs52UYQyLiySTQxa97ozM4g&sig2=m8HRGxJmu20TPeLwKzjAow&bvm=bv.61535280,d.aWM" "Mozilla/5.0 (compatible; MSIE 9.0; Windows NT 6.0; Trident/5.0)"
71.33.204.157 - - [17/Sep/2014:12:51:41 +0000] "GET /reset.css HTTP/1.1" 200 1015 "http://www.semicomplete.com/articles/dynamic-dns-with-dhcp/" "Mozilla/5.0 (compatible; MSIE 9.0; Windows NT 6.0; Trident/5.0)"
71.33.204.157 - - [17/Sep/2014:12:51:41 +0000] "GET /style2.css HTTP/1.1" 200 4877 "http://www.semicomplete.com/articles/dynamic-dns-with-dhcp/" "Mozilla/5.0 (compatible; MSIE 9.0; Windows NT 6.0; Trident/5.0)"
71.33.204.157 - - [17/Sep/2014:12:51:41 +0000] "GET /images/jordan-80.png HTTP/1.1" 200 6146 "http://www.semicomplete.com/articles/dynamic-dns-with-dhcp/" "Mozilla/5.0 (compatible; MSIE 9.0; Windows NT 6.0; Trident/5.0)"
105.235.218.242 - - [17/Sep/2014:12:51:41 +0000] "GET /favicon.ico HTTP/1.1" 200 3638 "-" "Mozilla/5.0 (Windows NT 6.1) AppleWebKit/537.36 (KHTML, like Gecko) Chrome/32.0.1700.107 Safari/537.36"
71.33.204.157 - - [17/Sep/2014:12:51:42 +0000] "GET /images/web/2009/banner.png HTTP/1.1" 200 52315 "http://www.semicomplete.com/articles/dynamic-dns-with-dhcp/" "Mozilla/5.0 (compatible; MSIE 9.0; Windows NT 6.0; Trident/5.0)"
71.33.204.157 - - [17/Sep/2014:12:51:43 +0000] "GET /favicon.ico HTTP/1.1" 200 3638 "-" "Mozilla/5.0 (compatible; MSIE 9.0; Windows NT 6.0; Trident/5.0)"
207.241.237.221 - - [17/Sep/2014:12:51:52 +0000] "GET /blog/tags/boost HTTP/1.0" 200 16587 "http://www.semicomplete.com/blog/tags/year%20review" "Mozilla/5.0 (compatible; archive.org_bot +http://www.archive.org/details/archive.org_bot)"
207.241.237.223 - - [17/Sep/2014:12:52:41 +0000] "GET /blog/geekery/sparsa2006.html HTTP/1.0" 200 25306 "http://www.semicomplete.com/blog/tags/year%20review" "Mozilla/5.0 (compatible; archive.org_bot +http://www.archive.org/details/archive.org_bot)"
207.241.237.227 - - [17/Sep/2014:12:52:46 +0000] "GET /blog/tags/hackday06 HTTP/1.0" 200 14134 "http://www.semicomplete.com/blog/tags/year%20review" "Mozilla/5.0 (compatible; archive.org_bot +http://www.archive.org/details/archive.org_bot)"
207.241.237.220 - - [17/Sep/2014:12:53:22 +0000] "GET /blog/tags/sed HTTP/1.0" 200 13715 "http://www.semicomplete.com/blog/tags/year%20review" "Mozilla/5.0 (compatible; archive.org_bot +http://www.archive.org/details/archive.org_bot)"
207.241.237.227 - - [17/Sep/2014:12:53:32 +0000] "GET /blog/tags/music HTTP/1.0" 200 17268 "http://www.semicomplete.com/blog/tags/year%20review" "Mozilla/5.0 (compatible; archive.org_bot +http://www.archive.org/details/archive.org_bot)"
66.249.73.135 - - [17/Sep/2014:12:53:39 +0000] "GET /blog/tags/networking HTTP/1.1" 200 46777 "-" "Mozilla/5.0 (iPhone; CPU iPhone OS 6_0 like Mac OS X) AppleWebKit/536.26 (KHTML, like Gecko) Version/6.0 Mobile/10A5376e Safari/8536.25 (compatible; Googlebot/2.1; +http://www.google.com/bot.html)"
209.85.238.199 - - [17/Sep/2014:12:53:40 +0000] "GET /?flav=atom HTTP/1.1" 200 32352 "-" "Feedfetcher-Google; (+http://www.google.com/feedfetcher.html; 16 subscribers; feed-id=3389821348893992437)"
123.125.71.114 - - [17/Sep/2014:12:53:57 +0000] "GET / HTTP/1.1" 200 37932 "-" "Mozilla/5.0 (compatible; Baiduspider/2.0; +http://www.baidu.com/search/spider.html)"
69.115.24.125 - - [17/Sep/2014:12:54:18 +0000] "GET /projects/xdotool/xdotool.xhtml HTTP/1.1" 200 50112 "https://www.google.com/" "Mozilla/5.0 (X11; Linux x86_64) AppleWebKit/537.36 (KHTML, like Gecko) Chrome/34.0.1838.2 Safari/537.36"
69.115.24.125 - - [17/Sep/2014:12:54:18 +0000] "GET /favicon.ico HTTP/1.1" 200 3638 "-" "Mozilla/5.0 (X11; Linux x86_64) AppleWebKit/537.36 (KHTML, like Gecko) Chrome/34.0.1838.2 Safari/537.36"
220.181.108.171 - - [17/Sep/2014:12:54:39 +0000] "GET / HTTP/1.1" 200 36824 "-" "Mozilla/5.0 (compatible; Baiduspider/2.0; +http://www.baidu.com/search/spider.html)"
50.16.19.13 - - [17/Sep/2014:12:54:58 +0000] "GET /blog/tags/puppet?flav=rss20 HTTP/1.1" 200 14872 "http://www.semicomplete.com/blog/tags/puppet?flav=rss20" "Tiny Tiny RSS/1.11 (http://tt-rss.org/)"
207.241.237.225 - - [17/Sep/2014:12:55:25 +0000] "GET /blog/geekery/year-in-review-2008.html HTTP/1.0" 200 16780 "http://www.semicomplete.com/blog/tags/year%20review" "Mozilla/5.0 (compatible; archive.org_bot +http://www.archive.org/details/archive.org_bot)"
207.241.237.101 - - [17/Sep/2014:12:55:33 +0000] "GET /blog/geekery/barcamp-rochester3.html HTTP/1.0" 200 10558 "http://www.semicomplete.com/blog/tags/year%20review" "Mozilla/5.0 (compatible; archive.org_bot +http://www.archive.org/details/archive.org_bot)"
46.105.14.53 - - [17/Sep/2014:12:56:17 +0000] "GET /blog/tags/puppet?flav=rss20 HTTP/1.1" 200 14872 "-" "UniversalFeedParser/4.2-pre-314-svn +http://feedparser.org/"
207.241.237.225 - - [17/Sep/2014:12:56:31 +0000] "GET /blog/geekery/mysql-prepare-queries-not-cached HTTP/1.0" 200 12484 "http://www.semicomplete.com/blog/tags/year%20review" "Mozilla/5.0 (compatible; archive.org_bot +http://www.archive.org/details/archive.org_bot)"
79.114.119.129 - - [17/Sep/2014:12:56:33 +0000] "GET / HTTP/1.1" 200 37932 "-" "-"
208.93.0.48 - - [17/Sep/2014:12:56:35 +0000] "GET /?flav=atom HTTP/1.1" 200 32352 "-" "LiveJournal.com (webmaster@livejournal.com; for http://www.livejournal.com/users/semicomplete_rs/; 1 readers)"
207.241.237.225 - - [17/Sep/2014:12:56:47 +0000] "GET /blog/geekery/grok-pcre-sneak.html HTTP/1.0" 200 9422 "http://www.semicomplete.com/blog/tags/year%20review" "Mozilla/5.0 (compatible; archive.org_bot +http://www.archive.org/details/archive.org_bot)"
207.241.237.227 - - [17/Sep/2014:12:56:50 +0000] "GET /blog/tags/barcampsf HTTP/1.0" 200 22492 "http://www.semicomplete.com/blog/tags/year%20review" "Mozilla/5.0 (compatible; archive.org_bot +http://www.archive.org/details/archive.org_bot)"
207.241.237.103 - - [17/Sep/2014:12:56:53 +0000] "GET /blog/tags/xul HTTP/1.0" 200 12527 "http://www.semicomplete.com/blog/tags/year%20review" "Mozilla/5.0 (compatible; archive.org_bot +http://www.archive.org/details/archive.org_bot)"
79.164.36.106 - - [17/Sep/2014:12:57:07 +0000] "GET /projects/xdotool/xdotool.xhtml HTTP/1.1" 200 50112 "http://www.linux.org.ru/forum/general/8028503" "Mozilla/5.0 (X11; Linux i686) AppleWebKit/537.36 (KHTML, like Gecko) Chrome/32.0.1700.107 Safari/537.36"
79.164.36.106 - - [17/Sep/2014:12:57:08 +0000] "GET /favicon.ico HTTP/1.1" 200 3638 "-" "Mozilla/5.0 (X11; Linux i686) AppleWebKit/537.36 (KHTML, like Gecko) Chrome/32.0.1700.107 Safari/537.36"
207.241.237.103 - - [17/Sep/2014:12:57:09 +0000] "GET /blog/tags/code HTTP/1.0" 200 14472 "http://www.semicomplete.com/blog/tags/year%20review" "Mozilla/5.0 (compatible; archive.org_bot +http://www.archive.org/details/archive.org_bot)"
82.127.237.118 - - [17/Sep/2014:12:57:38 +0000] "GET /files/wifipencap.sh HTTP/1.1" 200 2804 "http://www.semicomplete.com/blog/tags/wifi" "Mozilla/5.0 (X11; Linux x86_64; rv:27.0) Gecko/20100101 Firefox/27.0"
207.241.237.103 - - [17/Sep/2014:12:57:41 +0000] "GET /blog/tags/x11 HTTP/1.0" 200 33820 "http://www.semicomplete.com/blog/tags/year%20review" "Mozilla/5.0 (compatible; archive.org_bot +http://www.archive.org/details/archive.org_bot)"
207.241.237.220 - - [17/Sep/2014:12:58:06 +0000] "GET /blog/tags/xlib HTTP/1.0" 200 23353 "http://www.semicomplete.com/blog/tags/year%20review" "Mozilla/5.0 (compatible; archive.org_bot +http://www.archive.org/details/archive.org_bot)"
66.249.73.135 - - [17/Sep/2014:12:58:13 +0000] "GET /files/xdotool/docs/html/globals.html HTTP/1.1" 304 - "-" "Mozilla/5.0 (iPhone; CPU iPhone OS 6_0 like Mac OS X) AppleWebKit/536.26 (KHTML, like Gecko) Version/6.0 Mobile/10A5376e Safari/8536.25 (compatible; Googlebot/2.1; +http://www.google.com/bot.html)"
68.180.224.225 - - [17/Sep/2014:12:59:21 +0000] "GET /robots.txt HTTP/1.1" 200 - "-" "Mozilla/5.0 (compatible; Yahoo! Slurp; http://help.yahoo.com/help/us/ysearch/slurp)"
68.180.224.225 - - [17/Sep/2014:12:59:21 +0000] "GET /blog/growing-logstash-value.html HTTP/1.1" 200 11113 "-" "Mozilla/5.0 (compatible; Yahoo! Slurp; http://help.yahoo.com/help/us/ysearch/slurp)"
66.249.73.135 - - [17/Sep/2014:13:00:10 +0000] "GET /blog/geekery/tsawm-window-manager-project.html HTTP/1.1" 200 10489 "-" "Mozilla/5.0 (iPhone; CPU iPhone OS 6_0 like Mac OS X) AppleWebKit/536.26 (KHTML, like Gecko) Version/6.0 Mobile/10A5376e Safari/8536.25 (compatible; Googlebot/2.1; +http://www.google.com/bot.html)"
54.219.196.51 - - [17/Sep/2014:13:00:11 +0000] "GET /blog/tags/puppet?flav=rss20 HTTP/1.1" 200 14872 "-" "Digg Feed Fetcher 1.0 (Mozilla/5.0 (Macintosh; Intel Mac OS X 10_7_1) AppleWebKit/534.48.3 (KHTML, like Gecko) Version/5.1 Safari/534.48.3)"
68.180.224.225 - - [17/Sep/2014:13:00:31 +0000] "GET /projects/grok HTTP/1.1" 301 341 "-" "Mozilla/5.0 (compatible; Yahoo! Slurp; http://help.yahoo.com/help/us/ysearch/slurp)"
46.105.14.53 - - [17/Sep/2014:13:01:21 +0000] "GET /blog/tags/puppet?flav=rss20 HTTP/1.1" 200 14872 "-" "UniversalFeedParser/4.2-pre-314-svn +http://feedparser.org/"
89.136.142.105 - - [17/Sep/2014:13:01:35 +0000] "GET /favicon.ico HTTP/1.1" 200 3638 "-" "Opera/9.80 (X11; Linux i686) Presto/2.12.388 Version/12.16"
89.136.142.105 - - [17/Sep/2014:13:01:35 +0000] "GET /favicon.ico HTTP/1.1" 200 3638 "-" "Opera/9.80 (X11; Linux i686) Presto/2.12.388 Version/12.16"
200.123.214.163 - - [17/Sep/2014:13:02:10 +0000] "GET /images/googledotcom.png HTTP/1.1" 200 65748 "http://www.google.com/search?redir_esc=&hl=en&client=tablet-unknown&source=android-search-app&v=200400000&qsubts=1392582678974&q=google.com.&tbm=isch&safe=images&biw=800&bih=358&aqs=.&oq=google.com.&dbl=1&noj=1" "Mozilla/5.0 (Linux; U; Android 4.2.2; en-us; M708S Build/JDQ39) AppleWebKit/534.30 (KHTML, like Gecko) Version/4.0 Safari/534.30 GSA/2.0.0.392829"
66.249.73.135 - - [17/Sep/2014:13:02:41 +0000] "GET /files/xdotool/docs/html/xdo_8h_source.html HTTP/1.1" 304 - "-" "Mozilla/5.0 (iPhone; CPU iPhone OS 6_0 like Mac OS X) AppleWebKit/536.26 (KHTML, like Gecko) Version/6.0 Mobile/10A5376e Safari/8536.25 (compatible; Googlebot/2.1; +http://www.google.com/bot.html)"
74.125.176.145 - - [17/Sep/2014:13:02:46 +0000] "GET /?flav=rss20 HTTP/1.1" 200 29941 "-" "FeedBurner/1.0 (http://www.FeedBurner.com)"
207.241.237.226 - - [17/Sep/2014:13:03:10 +0000] "GET /blog/geekery/keynav-0.20100302.html HTTP/1.0" 200 9892 "http://www.semicomplete.com/blog/tags/release" "Mozilla/5.0 (compatible; archive.org_bot +http://www.archive.org/details/archive.org_bot)"
83.253.123.163 - - [17/Sep/2014:13:03:50 +0000] "GET /projects/xdotool/ HTTP/1.1" 200 12292 "-" "Mozilla/5.0 (Windows NT 6.1; WOW64; rv:27.0) Gecko/20100101 Firefox/27.0"
83.253.123.163 - - [17/Sep/2014:13:03:51 +0000] "GET /reset.css HTTP/1.1" 200 1015 "http://www.semicomplete.com/projects/xdotool/" "Mozilla/5.0 (Windows NT 6.1; WOW64; rv:27.0) Gecko/20100101 Firefox/27.0"
83.253.123.163 - - [17/Sep/2014:13:03:51 +0000] "GET /favicon.ico HTTP/1.1" 200 3638 "-" "Mozilla/5.0 (Windows NT 6.1; WOW64; rv:27.0) Gecko/20100101 Firefox/27.0"
83.253.123.163 - - [17/Sep/2014:13:03:51 +0000] "GET /style2.css HTTP/1.1" 200 4877 "http://www.semicomplete.com/projects/xdotool/" "Mozilla/5.0 (Windows NT 6.1; WOW64; rv:27.0) Gecko/20100101 Firefox/27.0"
83.253.123.163 - - [17/Sep/2014:13:03:52 +0000] "GET /images/jordan-80.png HTTP/1.1" 200 6146 "http://www.semicomplete.com/projects/xdotool/" "Mozilla/5.0 (Windows NT 6.1; WOW64; rv:27.0) Gecko/20100101 Firefox/27.0"
83.253.123.163 - - [17/Sep/2014:13:03:52 +0000] "GET /images/web/2009/banner.png HTTP/1.1" 200 52315 "http://www.semicomplete.com/style2.css" "Mozilla/5.0 (Windows NT 6.1; WOW64; rv:27.0) Gecko/20100101 Firefox/27.0"
178.255.215.71 - - [17/Sep/2014:13:04:26 +0000] "GET /robots.txt HTTP/1.1" 200 - "-" "Mozilla/5.0 (compatible; Exabot/3.0; +http://www.exabot.com/go/robot)"
178.255.215.71 - - [17/Sep/2014:13:04:26 +0000] "GET /blog/python/pyblosxom_antispam.html HTTP/1.1" 200 9383 "-" "Mozilla/5.0 (compatible; Exabot/3.0; +http://www.exabot.com/go/robot)"
37.115.113.172 - - [17/Sep/2014:13:04:27 +0000] "GET /blog/geekery/ssl-latency.html HTTP/1.1" 200 17147 "http://blackwitchcraft.ru/" "Mozilla/4.0 (compatible; MSIE 6.0; Windows NT 5.0; .NET CLR 1.0.3705; .NET CLR 1.1.4322)"
37.115.113.172 - - [17/Sep/2014:13:04:28 +0000] "GET /blog/geekery/ssl-latency.html HTTP/1.1" 200 17147 "http://blackwitchcraft.ru/" "Mozilla/4.0 (compatible; MSIE 6.0; Windows NT 5.0; .NET CLR 1.0.3705; .NET CLR 1.1.4322)"
37.115.113.172 - - [17/Sep/2014:13:04:28 +0000] "GET /blog/geekery/ssl-latency.html HTTP/1.1" 200 17147 "http://blackwitchcraft.ru/" "Mozilla/4.0 (compatible; MSIE 6.0; Windows NT 5.0; .NET CLR 1.0.3705; .NET CLR 1.1.4322)"
207.241.237.101 - - [17/Sep/2014:13:04:45 +0000] "GET /blog/articles/ppp-over-ssh/main.html HTTP/1.0" 200 18586 "http://semicomplete.com/articles/ppp-over-ssh/" "Mozilla/5.0 (compatible; archive.org_bot +http://www.archive.org/details/archive.org_bot)"
46.105.14.53 - - [17/Sep/2014:13:06:17 +0000] "GET /blog/tags/puppet?flav=rss20 HTTP/1.1" 200 14872 "-" "UniversalFeedParser/4.2-pre-314-svn +http://feedparser.org/"
66.249.73.135 - - [17/Sep/2014:13:07:14 +0000] "GET /projects/tastydrive/tastydrive.py HTTP/1.1" 304 - "-" "Mozilla/5.0 (iPhone; CPU iPhone OS 6_0 like Mac OS X) AppleWebKit/536.26 (KHTML, like Gecko) Version/6.0 Mobile/10A5376e Safari/8536.25 (compatible; Googlebot/2.1; +http://www.google.com/bot.html)"
207.241.237.103 - - [17/Sep/2014:13:07:18 +0000] "GET /blog/tags/nomouse HTTP/1.0" 200 11570 "http://www.semicomplete.com/blog/tags/release" "Mozilla/5.0 (compatible; archive.org_bot +http://www.archive.org/details/archive.org_bot)"
157.55.35.45 - - [17/Sep/2014:13:07:41 +0000] "GET /articles/dynamic-dns-with-dhcp/ HTTP/1.1" 200 18848 "-" "Mozilla/5.0 (compatible; bingbot/2.0; +http://www.bing.com/bingbot.htm)"
79.83.255.199 - - [17/Sep/2014:13:08:44 +0000] "GET /blog/geekery/bypassing-captive-portals.html HTTP/1.1" 200 10613 "https://www.google.fr/" "Mozilla/5.0 (Windows NT 6.1; WOW64) AppleWebKit/537.36 (KHTML, like Gecko) Chrome/32.0.1700.107 Safari/537.36"
79.83.255.199 - - [17/Sep/2014:13:08:45 +0000] "GET /reset.css HTTP/1.1" 200 1015 "http://www.semicomplete.com/blog/geekery/bypassing-captive-portals.html" "Mozilla/5.0 (Windows NT 6.1; WOW64) AppleWebKit/537.36 (KHTML, like Gecko) Chrome/32.0.1700.107 Safari/537.36"
79.83.255.199 - - [17/Sep/2014:13:08:45 +0000] "GET /style2.css HTTP/1.1" 200 4877 "http://www.semicomplete.com/blog/geekery/bypassing-captive-portals.html" "Mozilla/5.0 (Windows NT 6.1; WOW64) AppleWebKit/537.36 (KHTML, like Gecko) Chrome/32.0.1700.107 Safari/537.36"
79.83.255.199 - - [17/Sep/2014:13:08:45 +0000] "GET /images/jordan-80.png HTTP/1.1" 200 6146 "http://www.semicomplete.com/blog/geekery/bypassing-captive-portals.html" "Mozilla/5.0 (Windows NT 6.1; WOW64) AppleWebKit/537.36 (KHTML, like Gecko) Chrome/32.0.1700.107 Safari/537.36"
79.83.255.199 - - [17/Sep/2014:13:08:45 +0000] "GET /images/web/2009/banner.png HTTP/1.1" 200 52315 "http://www.semicomplete.com/blog/geekery/bypassing-captive-portals.html" "Mozilla/5.0 (Windows NT 6.1; WOW64) AppleWebKit/537.36 (KHTML, like Gecko) Chrome/32.0.1700.107 Safari/537.36"
79.83.255.199 - - [17/Sep/2014:13:08:46 +0000] "GET /favicon.ico HTTP/1.1" 200 3638 "-" "Mozilla/5.0 (Windows NT 6.1; WOW64) AppleWebKit/537.36 (KHTML, like Gecko) Chrome/32.0.1700.107 Safari/537.36"
50.16.19.13 - - [17/Sep/2014:13:10:57 +0000] "GET /blog/tags/puppet?flav=rss20 HTTP/1.1" 200 14872 "http://www.semicomplete.com/blog/tags/puppet?flav=rss20" "Tiny Tiny RSS/1.11 (http://tt-rss.org/)"
46.105.14.53 - - [17/Sep/2014:13:11:18 +0000] "GET /blog/tags/puppet?flav=rss20 HTTP/1.1" 200 14872 "-" "UniversalFeedParser/4.2-pre-314-svn +http://feedparser.org/"
178.255.215.71 - - [17/Sep/2014:13:11:40 +0000] "GET /blog/site/183.html HTTP/1.1" 200 8590 "-" "Mozilla/5.0 (compatible; Exabot/3.0; +http://www.exabot.com/go/robot)"
66.249.73.185 - - [17/Sep/2014:13:11:43 +0000] "GET /files/xmlpresenter/ HTTP/1.1" 200 950 "-" "Mozilla/5.0 (iPhone; CPU iPhone OS 6_0 like Mac OS X) AppleWebKit/536.26 (KHTML, like Gecko) Version/6.0 Mobile/10A5376e Safari/8536.25 (compatible; Googlebot/2.1; +http://www.google.com/bot.html)"
208.93.0.48 - - [17/Sep/2014:13:14:02 +0000] "GET /?flav=rss20 HTTP/1.1" 200 29941 "-" "LiveJournal.com (webmaster@livejournal.com; for http://www.livejournal.com/users/cshpsionic/; 8 readers)"
208.91.156.11 - - [17/Sep/2014:13:14:20 +0000] "GET /files/logstash/logstash-1.3.2-monolithic.jar HTTP/1.1" 404 324 "-" "Chef Client/10.18.2 (ruby-1.9.3-p327; ohai-6.16.0; x86_64-linux; +http://opscode.com)"
66.249.73.135 - - [17/Sep/2014:13:14:22 +0000] "GET /blog/tags/firefox?flav=rss20 HTTP/1.1" 200 16021 "-" "Mozilla/5.0 (compatible; Googlebot/2.1; +http://www.google.com/bot.html)"
207.241.237.228 - - [17/Sep/2014:13:15:46 +0000] "GET /blog/geekery/xdotool-2.20100623.html HTTP/1.0" 200 11954 "http://www.semicomplete.com/blog/tags/xdotool" "Mozilla/5.0 (compatible; archive.org_bot +http://www.archive.org/details/archive.org_bot)"
207.241.237.228 - - [17/Sep/2014:13:15:49 +0000] "GET /blog/tags/glob HTTP/1.0" 200 9171 "http://www.semicomplete.com/blog/tags/logstash" "Mozilla/5.0 (compatible; archive.org_bot +http://www.archive.org/details/archive.org_bot)"
207.241.237.228 - - [17/Sep/2014:13:15:53 +0000] "GET /blog/tags/motherboards HTTP/1.0" 200 9368 "http://www.semicomplete.com/blog/tags/linux" "Mozilla/5.0 (compatible; archive.org_bot +http://www.archive.org/details/archive.org_bot)"
66.249.73.135 - - [17/Sep/2014:13:15:53 +0000] "GET /blog/tags/xlib?page=2 HTTP/1.1" 200 24410 "-" "Mozilla/5.0 (compatible; Googlebot/2.1; +http://www.google.com/bot.html)"
207.241.237.228 - - [17/Sep/2014:13:15:56 +0000] "GET /blog/tags/virtualization HTTP/1.0" 200 12416 "http://www.semicomplete.com/blog/tags/linux" "Mozilla/5.0 (compatible; archive.org_bot +http://www.archive.org/details/archive.org_bot)"
207.241.237.228 - - [17/Sep/2014:13:16:00 +0000] "GET /blog/tags/upgrades HTTP/1.0" 200 10732 "http://www.semicomplete.com/blog/tags/linux" "Mozilla/5.0 (compatible; archive.org_bot +http://www.archive.org/details/archive.org_bot)"
207.241.237.228 - - [17/Sep/2014:13:16:03 +0000] "GET /blog/geekery/fedora-9-subversion-1.5.html HTTP/1.0" 200 8877 "http://www.semicomplete.com/blog/tags/linux" "Mozilla/5.0 (compatible; archive.org_bot +http://www.archive.org/details/archive.org_bot)"
207.241.237.228 - - [17/Sep/2014:13:16:06 +0000] "GET /blog/geekery/firewall-reset-for-testing.html HTTP/1.0" 200 10395 "http://www.semicomplete.com/blog/tags/linux" "Mozilla/5.0 (compatible; archive.org_bot +http://www.archive.org/details/archive.org_bot)"
207.241.237.228 - - [17/Sep/2014:13:16:10 +0000] "GET /projects/kioskweb/demo/keyboard.html HTTP/1.0" 200 994 "http://www.semicomplete.com/blog/tags/year%20review" "Mozilla/5.0 (compatible; archive.org_bot +http://www.archive.org/details/archive.org_bot)"
207.241.237.228 - - [17/Sep/2014:13:16:13 +0000] "GET /blog/geekery/222.html HTTP/1.0" 200 10322 "http://www.semicomplete.com/blog/tags/year%20review" "Mozilla/5.0 (compatible; archive.org_bot +http://www.archive.org/details/archive.org_bot)"
66.249.73.135 - - [17/Sep/2014:13:16:16 +0000] "GET /blog/geekery/sms-traffic-reports.html HTTP/1.1" 200 9097 "-" "Mozilla/5.0 (iPhone; CPU iPhone OS 6_0 like Mac OS X) AppleWebKit/536.26 (KHTML, like Gecko) Version/6.0 Mobile/10A5376e Safari/8536.25 (compatible; Googlebot/2.1; +http://www.google.com/bot.html)"
207.241.237.228 - - [17/Sep/2014:13:16:17 +0000] "GET /blog/tags/travel HTTP/1.0" 200 44288 "http://www.semicomplete.com/blog/tags/year%20review" "Mozilla/5.0 (compatible; archive.org_bot +http://www.archive.org/details/archive.org_bot)"
207.241.237.101 - - [17/Sep/2014:13:16:17 +0000] "GET /blog/tags/release?page=2 HTTP/1.0" 200 28250 "http://www.semicomplete.com/blog/tags/release" "Mozilla/5.0 (compatible; archive.org_bot +http://www.archive.org/details/archive.org_bot)"
207.241.237.228 - - [17/Sep/2014:13:16:20 +0000] "GET /blog/tags/shmoocon HTTP/1.0" 200 16395 "http://www.semicomplete.com/blog/tags/year%20review" "Mozilla/5.0 (compatible; archive.org_bot +http://www.archive.org/details/archive.org_bot)"
46.105.14.53 - - [17/Sep/2014:13:16:21 +0000] "GET /blog/tags/puppet?flav=rss20 HTTP/1.1" 200 14872 "-" "UniversalFeedParser/4.2-pre-314-svn +http://feedparser.org/"
207.241.237.228 - - [17/Sep/2014:13:16:23 +0000] "GET /blog/tags/keyboard HTTP/1.0" 200 11571 "http://www.semicomplete.com/blog/tags/release" "Mozilla/5.0 (compatible; archive.org_bot +http://www.archive.org/details/archive.org_bot)"
108.174.55.234 - - [17/Sep/2014:13:17:42 +0000] "GET /?flav=rss20 HTTP/1.1" 200 29941 "-" "-"
185.2.138.125 - - [17/Sep/2014:13:18:06 +0000] "GET /projects/xdotool/ HTTP/1.1" 200 12292 "-" "Mozilla/5.0 (Windows NT 6.1; rv:24.0) Gecko/20100101 Firefox/24.0"
185.2.138.125 - - [17/Sep/2014:13:18:06 +0000] "GET /reset.css HTTP/1.1" 200 1015 "http://www.semicomplete.com/projects/xdotool/" "Mozilla/5.0 (Windows NT 6.1; rv:24.0) Gecko/20100101 Firefox/24.0"
185.2.138.125 - - [17/Sep/2014:13:18:07 +0000] "GET /favicon.ico HTTP/1.1" 200 3638 "-" "Mozilla/5.0 (Windows NT 6.1; rv:24.0) Gecko/20100101 Firefox/24.0"
185.2.138.125 - - [17/Sep/2014:13:18:07 +0000] "GET /style2.css HTTP/1.1" 200 4877 "http://www.semicomplete.com/projects/xdotool/" "Mozilla/5.0 (Windows NT 6.1; rv:24.0) Gecko/20100101 Firefox/24.0"
185.2.138.125 - - [17/Sep/2014:13:18:07 +0000] "GET /images/jordan-80.png HTTP/1.1" 200 6146 "http://www.semicomplete.com/projects/xdotool/" "Mozilla/5.0 (Windows NT 6.1; rv:24.0) Gecko/20100101 Firefox/24.0"
185.2.138.125 - - [17/Sep/2014:13:18:08 +0000] "GET /images/web/2009/banner.png HTTP/1.1" 200 52315 "http://www.semicomplete.com/style2.css" "Mozilla/5.0 (Windows NT 6.1; rv:24.0) Gecko/20100101 Firefox/24.0"
185.2.138.125 - - [17/Sep/2014:13:18:13 +0000] "GET /favicon.ico HTTP/1.1" 200 3638 "-" "Mozilla/5.0 (Windows NT 6.1; rv:24.0) Gecko/20100101 Firefox/24.0"
80.118.116.26 - - [17/Sep/2014:13:19:00 +0000] "GET /articles/ppp-over-ssh/ HTTP/1.1" 200 18586 "http://www.google.fr/url?sa=t&rct=j&q=&esrc=s&source=web&cd=1&ved=0CCwQFjAA&url=http%3A%2F%2Fwww.semicomplete.com%2Farticles%2Fppp-over-ssh%2F&ei=xCQBU-vNMOTB0gWUiIGAAQ&usg=AFQjCNHJ26OprxM_R-TJv_w97bzhN-UEag&bvm=bv.61535280,d.d2k" "Mozilla/5.0 (Windows NT 6.1; WOW64; rv:27.0) Gecko/20100101 Firefox/27.0"
80.118.116.26 - - [17/Sep/2014:13:19:00 +0000] "GET /reset.css HTTP/1.1" 200 1015 "http://www.semicomplete.com/articles/ppp-over-ssh/" "Mozilla/5.0 (Windows NT 6.1; WOW64; rv:27.0) Gecko/20100101 Firefox/27.0"
80.118.116.26 - - [17/Sep/2014:13:19:00 +0000] "GET /style2.css HTTP/1.1" 200 4877 "http://www.semicomplete.com/articles/ppp-over-ssh/" "Mozilla/5.0 (Windows NT 6.1; WOW64; rv:27.0) Gecko/20100101 Firefox/27.0"
80.118.116.26 - - [17/Sep/2014:13:19:00 +0000] "GET /favicon.ico HTTP/1.1" 200 3638 "-" "Mozilla/5.0 (Windows NT 6.1; WOW64; rv:27.0) Gecko/20100101 Firefox/27.0"
80.118.116.26 - - [17/Sep/2014:13:19:00 +0000] "GET /images/jordan-80.png HTTP/1.1" 200 6146 "http://www.semicomplete.com/articles/ppp-over-ssh/" "Mozilla/5.0 (Windows NT 6.1; WOW64; rv:27.0) Gecko/20100101 Firefox/27.0"
80.118.116.26 - - [17/Sep/2014:13:19:00 +0000] "GET /articles/ppp-over-ssh/pppoverssh.png HTTP/1.1" 200 39437 "http://www.semicomplete.com/articles/ppp-over-ssh/" "Mozilla/5.0 (Windows NT 6.1; WOW64; rv:27.0) Gecko/20100101 Firefox/27.0"
80.118.116.26 - - [17/Sep/2014:13:19:01 +0000] "GET /images/web/2009/banner.png HTTP/1.1" 200 52315 "http://www.semicomplete.com/style2.css" "Mozilla/5.0 (Windows NT 6.1; WOW64; rv:27.0) Gecko/20100101 Firefox/27.0"
74.125.19.84 - - [17/Sep/2014:13:19:47 +0000] "GET /?flav=rss20 HTTP/1.1" 200 29941 "-" "FeedBurner/1.0 (http://www.FeedBurner.com)"
173.232.105.27 - - [17/Sep/2014:13:19:57 +0000] "GET / HTTP/1.0" 200 37932 "http://semicomplete.com/" "Mozilla/5.0 (Macintosh; Intel Mac OS X 10.7; rv:21.0) Gecko/20100101 Firefox/21.0"
173.232.105.27 - - [17/Sep/2014:13:20:09 +0000] "GET /articles/ssh-security/ HTTP/1.0" 200 16543 "http://semicomplete.com/" "Mozilla/5.0 (Macintosh; Intel Mac OS X 10.7; rv:21.0) Gecko/20100101 Firefox/21.0"
66.249.73.135 - - [17/Sep/2014:13:20:47 +0000] "GET /blog/tags/databases HTTP/1.1" 200 13075 "-" "Mozilla/5.0 (iPhone; CPU iPhone OS 6_0 like Mac OS X) AppleWebKit/536.26 (KHTML, like Gecko) Version/6.0 Mobile/10A5376e Safari/8536.25 (compatible; Googlebot/2.1; +http://www.google.com/bot.html)"
46.105.14.53 - - [17/Sep/2014:13:21:18 +0000] "GET /blog/tags/puppet?flav=rss20 HTTP/1.1" 200 14872 "-" "UniversalFeedParser/4.2-pre-314-svn +http://feedparser.org/"
207.241.237.102 - - [17/Sep/2014:13:21:44 +0000] "GET /blog/geekery/grok-1.20101030.html HTTP/1.0" 200 9659 "http://www.semicomplete.com/blog/tags/release" "Mozilla/5.0 (compatible; archive.org_bot +http://www.archive.org/details/archive.org_bot)"
178.255.215.83 - - [17/Sep/2014:13:21:57 +0000] "GET /projects/pam_captcha HTTP/1.1" 301 343 "-" "Mozilla/5.0 (compatible; Exabot/3.0 (BiggerBetter); +http://www.exabot.com/go/robot)"
178.255.215.83 - - [17/Sep/2014:13:22:01 +0000] "GET /projects/pam_captcha/ HTTP/1.1" 200 10514 "-" "Mozilla/5.0 (compatible; Exabot/3.0 (BiggerBetter); +http://www.exabot.com/go/robot)"
178.255.215.83 - - [17/Sep/2014:13:22:03 +0000] "GET /projects/pam_captcha HTTP/1.1" 301 343 "-" "Mozilla/5.0 (compatible; Exabot/3.0 (BiggerBetter); +http://www.exabot.com/go/robot)"
178.255.215.83 - - [17/Sep/2014:13:22:06 +0000] "GET /projects/pam_captcha/ HTTP/1.1" 200 10514 "-" "Mozilla/5.0 (compatible; Exabot/3.0 (BiggerBetter); +http://www.exabot.com/go/robot)"
68.180.224.225 - - [17/Sep/2014:13:23:34 +0000] "GET /scripts/xinitrc HTTP/1.1" 200 396 "-" "Mozilla/5.0 (compatible; Yahoo! Slurp; http://help.yahoo.com/help/us/ysearch/slurp)"
180.76.5.144 - - [17/Sep/2014:13:24:08 +0000] "GET /blog/tools/week-of-unix-pipe-friendly-tools.html?commentlimit=0 HTTP/1.1" 200 9832 "-" "Mozilla/5.0 (compatible; Baiduspider/2.0; +http://www.baidu.com/search/spider.html)"
107.170.41.69 - - [17/Sep/2014:13:24:12 +0000] "GET /?flav=atom HTTP/1.1" 200 32352 "-" "Feedbin - 1 subscribers"
66.249.73.135 - - [17/Sep/2014:13:25:15 +0000] "GET /blog/tags/pipe HTTP/1.1" 200 8705 "-" "Mozilla/5.0 (iPhone; CPU iPhone OS 6_0 like Mac OS X) AppleWebKit/536.26 (KHTML, like Gecko) Version/6.0 Mobile/10A5376e Safari/8536.25 (compatible; Googlebot/2.1; +http://www.google.com/bot.html)"
83.222.46.173 - - [17/Sep/2014:13:25:18 +0000] "GET /presentations/logstash-scale11x/images/logstash.png HTTP/1.1" 200 47731 "http://kufli.blogspot.com/2013/07/log-analysis-using-logstash.html" "Mozilla/5.0 (Macintosh; Intel Mac OS X 10_9_1) AppleWebKit/537.36 (KHTML, like Gecko) Chrome/32.0.1700.107 Safari/537.36"
46.105.14.53 - - [17/Sep/2014:13:26:18 +0000] "GET /blog/tags/puppet?flav=rss20 HTTP/1.1" 200 14872 "-" "UniversalFeedParser/4.2-pre-314-svn +http://feedparser.org/"
88.134.8.254 - - [17/Sep/2014:13:26:36 +0000] "GET /favicon.ico HTTP/1.1" 200 3638 "-" "Mozilla/5.0 (X11; Linux x86_64; rv:27.0) Gecko/20100101 Firefox/27.0"
50.16.19.13 - - [17/Sep/2014:13:26:55 +0000] "GET /blog/tags/puppet?flav=rss20 HTTP/1.1" 200 14872 "http://www.semicomplete.com/blog/tags/puppet?flav=rss20" "Tiny Tiny RSS/1.11 (http://tt-rss.org/)"
83.105.90.45 - - [17/Sep/2014:13:27:28 +0000] "GET /projects/xdotool/ HTTP/1.1" 200 12292 "http://www.google.co.uk/url?sa=t&rct=j&q=xdotool%20command%20mac&source=web&cd=2&ved=0CDMQFjAB&url=http%3A%2F%2Fwww.semicomplete.com%2Fprojects%2Fxdotool%2F&ei=yCYBU-DdGcqThQeOhYCYDQ&usg=AFQjCNE3V_aCf3-gfNcbS924S6jZ6FqffA&bvm=bv.61535280,d.ZG4" "Mozilla/5.0 (Macintosh; Intel Mac OS X 10_6_8) AppleWebKit/534.59.10 (KHTML, like Gecko) Version/5.1.9 Safari/534.59.10"
83.105.90.45 - - [17/Sep/2014:13:27:29 +0000] "GET /reset.css HTTP/1.1" 200 1015 "http://www.semicomplete.com/projects/xdotool/" "Mozilla/5.0 (Macintosh; Intel Mac OS X 10_6_8) AppleWebKit/534.59.10 (KHTML, like Gecko) Version/5.1.9 Safari/534.59.10"
83.105.90.45 - - [17/Sep/2014:13:27:29 +0000] "GET /style2.css HTTP/1.1" 200 4877 "http://www.semicomplete.com/projects/xdotool/" "Mozilla/5.0 (Macintosh; Intel Mac OS X 10_6_8) AppleWebKit/534.59.10 (KHTML, like Gecko) Version/5.1.9 Safari/534.59.10"
83.105.90.45 - - [17/Sep/2014:13:27:29 +0000] "GET /images/jordan-80.png HTTP/1.1" 200 6146 "http://www.semicomplete.com/projects/xdotool/" "Mozilla/5.0 (Macintosh; Intel Mac OS X 10_6_8) AppleWebKit/534.59.10 (KHTML, like Gecko) Version/5.1.9 Safari/534.59.10"
83.105.90.45 - - [17/Sep/2014:13:27:29 +0000] "GET /images/web/2009/banner.png HTTP/1.1" 200 52315 "http://www.semicomplete.com/projects/xdotool/" "Mozilla/5.0 (Macintosh; Intel Mac OS X 10_6_8) AppleWebKit/534.59.10 (KHTML, like Gecko) Version/5.1.9 Safari/534.59.10"
83.105.90.45 - - [17/Sep/2014:13:27:30 +0000] "GET /favicon.ico HTTP/1.1" 200 3638 "http://www.semicomplete.com/projects/xdotool/" "Mozilla/5.0 (Macintosh; Intel Mac OS X 10_6_8) AppleWebKit/534.59.10 (KHTML, like Gecko) Version/5.1.9 Safari/534.59.10"
208.115.111.72 - - [17/Sep/2014:13:29:02 +0000] "GET /robots.txt HTTP/1.1" 200 - "-" "Mozilla/5.0 (compatible; Ezooms/1.0; help@moz.com)"
208.115.111.72 - - [17/Sep/2014:13:29:02 +0000] "GET /robots.txt HTTP/1.1" 200 - "-" "Mozilla/5.0 (compatible; Ezooms/1.0; help@moz.com)"
198.46.149.143 - - [17/Sep/2014:13:29:24 +0000] "GET /blog/geekery/disabling-battery-in-ubuntu-vms.html?utm_source=feedburner&utm_medium=feed&utm_campaign=Feed%3A+semicomplete%2Fmain+%28semicomplete.com+-+Jordan+Sissel%29 HTTP/1.1" 200 9316 "-" "Tiny Tiny RSS/1.11 (http://tt-rss.org/)"
198.46.149.143 - - [17/Sep/2014:13:29:25 +0000] "GET /blog/geekery/solving-good-or-bad-problems.html?utm_source=feedburner&utm_medium=feed&utm_campaign=Feed%3A+semicomplete%2Fmain+%28semicomplete.com+-+Jordan+Sissel%29 HTTP/1.1" 200 10756 "-" "Tiny Tiny RSS/1.11 (http://tt-rss.org/)"
66.249.81.91 - - [17/Sep/2014:13:29:35 +0000] "GET /favicon.ico HTTP/1.1" 200 3638 "-" "Mozilla/5.0 (Windows NT 6.1; rv:6.0) Gecko/20110814 Firefox/6.0 Google favicon"
66.249.73.135 - - [17/Sep/2014:13:29:49 +0000] "GET /blog/tags/service%20providers HTTP/1.1" 200 13313 "-" "Mozilla/5.0 (iPhone; CPU iPhone OS 6_0 like Mac OS X) AppleWebKit/536.26 (KHTML, like Gecko) Version/6.0 Mobile/10A5376e Safari/8536.25 (compatible; Googlebot/2.1; +http://www.google.com/bot.html)"
66.249.73.135 - - [17/Sep/2014:13:30:47 +0000] "GET /?flav=rss20 HTTP/1.1" 200 29941 "-" "Mozilla/5.0 (compatible; Googlebot/2.1; +http://www.google.com/bot.html)"
27.159.203.227 - - [17/Sep/2014:13:30:56 +0000] "GET / HTTP/1.1" 200 37932 "http://www.semicomplete.com/" "Mozilla/5.0 (Macintosh; Intel Mac OS X 10.7; rv:22.0) Gecko/20100101 Firefox/22.0"
27.159.203.227 - - [17/Sep/2014:13:30:57 +0000] "GET /blog/geekery/installing-windows-8-consumer-preview.html HTTP/1.1" 200 8948 "http://www.semicomplete.com/" "Mozilla/5.0 (Macintosh; Intel Mac OS X 10.7; rv:22.0) Gecko/20100101 Firefox/22.0"
46.105.14.53 - - [17/Sep/2014:13:31:23 +0000] "GET /blog/tags/puppet?flav=rss20 HTTP/1.1" 200 14872 "-" "UniversalFeedParser/4.2-pre-314-svn +http://feedparser.org/"
66.249.73.135 - - [17/Sep/2014:13:31:58 +0000] "GET /misc/Title.php.txt HTTP/1.1" 500 - "-" "Mozilla/5.0 (compatible; Googlebot/2.1; +http://www.google.com/bot.html)"
69.171.237.10 - - [17/Sep/2014:13:32:07 +0000] "GET /presentations/logstash-puppetconf-2012/images/office-space-printer-beat-down-gif.gif HTTP/1.1" 404 364 "-" "facebookexternalhit/1.1 (+http://www.facebook.com/externalhit_uatext.php)"
69.171.237.9 - - [17/Sep/2014:13:32:08 +0000] "GET /presentations/logstash-puppetconf-2012/images/office-space-printer-beat-down-gif.gif HTTP/1.1" 404 364 "-" "facebookexternalhit/1.0 (+http://www.facebook.com/externalhit_uatext.php)"
178.255.215.71 - - [17/Sep/2014:13:32:51 +0000] "GET /blog/tags/ruby HTTP/1.1" 200 35904 "-" "Mozilla/5.0 (compatible; Exabot/3.0; +http://www.exabot.com/go/robot)"
131.253.24.32 - - [17/Sep/2014:13:33:22 +0000] "GET /blog/geekery/fpm.html HTTP/1.1" 200 11275 "-" "Mozilla/5.0 (compatible; MSIE 9.0; Windows NT 6.1; Trident/5.0;  WOW64;  Trident/5.0)"
131.253.24.32 - - [17/Sep/2014:13:33:22 +0000] "GET /reset.css HTTP/1.1" 200 1015 "http://www.semicomplete.com/blog/geekery/fpm.html" "Mozilla/5.0 (compatible; MSIE 9.0; Windows NT 6.1; Trident/5.0;  WOW64;  Trident/5.0)"
131.253.24.32 - - [17/Sep/2014:13:33:22 +0000] "GET /style2.css HTTP/1.1" 200 4877 "http://www.semicomplete.com/blog/geekery/fpm.html" "Mozilla/5.0 (compatible; MSIE 9.0; Windows NT 6.1; Trident/5.0;  WOW64;  Trident/5.0)"
86.130.160.107 - - [17/Sep/2014:13:33:25 +0000] "GET /projects/xdotool/xdotool.xhtml HTTP/1.1" 200 50112 "http://www.google.co.uk/url?sa=t&rct=j&q=&esrc=s&source=web&cd=4&ved=0CEgQFjAD&url=http%3A%2F%2Fwww.semicomplete.com%2Fprojects%2Fxdotool%2Fxdotool.xhtml&ei=JigBU4HWN47T7AaFuYGwDA&usg=AFQjCNFwZFAI0RQdN_N0kFH-oj8cLsJRNQ&sig2=cUPbJkOfAnAM_XZeN9dmBA&bvm=bv.61535280,d.ZGU" "Mozilla/5.0 (X11; Linux x86_64; rv:17.0) Gecko/20100101 Firefox/17.0"
86.130.160.107 - - [17/Sep/2014:13:33:26 +0000] "GET /favicon.ico HTTP/1.1" 200 3638 "-" "Mozilla/5.0 (X11; Linux x86_64; rv:17.0) Gecko/20100101 Firefox/17.0"
209.85.238.199 - - [17/Sep/2014:13:33:47 +0000] "GET /blog/tags/firefox?flav=rss20 HTTP/1.1" 200 16021 "-" "Feedfetcher-Google; (+http://www.google.com/feedfetcher.html; 3 subscribers; feed-id=14171215010336145331)"
178.48.154.212 - - [17/Sep/2014:13:33:59 +0000] "HEAD /blog HTTP/1.1" 200 - "-" "Xenu Link Sleuth/1.3.8"
207.241.237.223 - - [17/Sep/2014:13:34:49 +0000] "GET /blog/articles/week-of-unix-tools/day-1-sed.html HTTP/1.0" 200 16563 "http://semicomplete.com/articles/week-of-unix-tools/" "Mozilla/5.0 (compatible; archive.org_bot +http://www.archive.org/details/archive.org_bot)"
66.249.73.135 - - [17/Sep/2014:13:35:10 +0000] "GET /?flav=atom HTTP/1.1" 200 32352 "-" "Mozilla/5.0 (compatible; Googlebot/2.1; +http://www.google.com/bot.html)"
180.153.236.122 - - [17/Sep/2014:13:35:46 +0000] "GET /articles/ssh-security/ HTTP/1.1" 200 16543 "http://www.semicomplete.com/articles/ssh-security/" "Mozilla/5.0 (Windows; U; Windows NT 5.1; zh-CN; )  Firefox/1.5.0.11; 360Spider"
207.241.237.225 - - [17/Sep/2014:13:35:48 +0000] "GET /blog/articles/week-of-unix-tools/main.html HTTP/1.0" 200 9313 "http://semicomplete.com/articles/week-of-unix-tools/" "Mozilla/5.0 (compatible; archive.org_bot +http://www.archive.org/details/archive.org_bot)"
41.99.29.14 - - [17/Sep/2014:13:35:52 +0000] "GET /images/googledotcom.png HTTP/1.1" 200 65748 "http://www.google.dz/search?q=www.google.com&client=ms-android-lge&hl=fr&source=android-search-app&v=133247963&source=lnms&tbm=isch&sa=X&ei=0CYBU4f1DcKjhgfq0YDYCQ&ved=0CAkQ_AUoAA" "Mozilla/5.0 (Linux; U; Android 2.3.4; fr-fr; LG-P698 Build/GRJ22) AppleWebKit/533.1 (KHTML, like Gecko) Version/4.0 Mobile Safari/533.1 MMS/LG-Android-MMS-V1.0/1.2"
74.125.19.82 - - [17/Sep/2014:13:36:04 +0000] "GET /?flav=rss20 HTTP/1.1" 200 29941 "-" "FeedBurner/1.0 (http://www.FeedBurner.com)"
46.105.14.53 - - [17/Sep/2014:13:36:18 +0000] "GET /blog/tags/puppet?flav=rss20 HTTP/1.1" 200 14872 "-" "UniversalFeedParser/4.2-pre-314-svn +http://feedparser.org/"
66.249.73.135 - - [17/Sep/2014:13:36:31 +0000] "GET /blog/articles/week-of-unix-tools/day-4-data-sources.html HTTP/1.1" 200 13042 "-" "Mozilla/5.0 (compatible; Googlebot/2.1; +http://www.google.com/bot.html)"
84.60.79.43 - - [17/Sep/2014:13:36:34 +0000] "GET /blog/geekery/shebang-fix.html HTTP/1.1" 200 9438 "http://stackoverflow.com/questions/5194484/handling-perl-command-line-arguments-with-spaces-from-a-bash-script" "Mozilla/5.0 (Macintosh; Intel Mac OS X 10_9_1) AppleWebKit/537.73.11 (KHTML, like Gecko) Version/7.0.1 Safari/537.73.11"
84.60.79.43 - - [17/Sep/2014:13:36:35 +0000] "GET /reset.css HTTP/1.1" 200 1015 "http://www.semicomplete.com/blog/geekery/shebang-fix.html" "Mozilla/5.0 (Macintosh; Intel Mac OS X 10_9_1) AppleWebKit/537.73.11 (KHTML, like Gecko) Version/7.0.1 Safari/537.73.11"
84.60.79.43 - - [17/Sep/2014:13:36:35 +0000] "GET /style2.css HTTP/1.1" 200 4877 "http://www.semicomplete.com/blog/geekery/shebang-fix.html" "Mozilla/5.0 (Macintosh; Intel Mac OS X 10_9_1) AppleWebKit/537.73.11 (KHTML, like Gecko) Version/7.0.1 Safari/537.73.11"
84.60.79.43 - - [17/Sep/2014:13:36:35 +0000] "GET /images/jordan-80.png HTTP/1.1" 200 6146 "http://www.semicomplete.com/blog/geekery/shebang-fix.html" "Mozilla/5.0 (Macintosh; Intel Mac OS X 10_9_1) AppleWebKit/537.73.11 (KHTML, like Gecko) Version/7.0.1 Safari/537.73.11"
84.60.79.43 - - [17/Sep/2014:13:36:35 +0000] "GET /images/web/2009/banner.png HTTP/1.1" 200 52315 "http://www.semicomplete.com/blog/geekery/shebang-fix.html" "Mozilla/5.0 (Macintosh; Intel Mac OS X 10_9_1) AppleWebKit/537.73.11 (KHTML, like Gecko) Version/7.0.1 Safari/537.73.11"
84.60.79.43 - - [17/Sep/2014:13:36:37 +0000] "GET /favicon.ico HTTP/1.1" 200 3638 "http://www.semicomplete.com/blog/geekery/shebang-fix.html" "Mozilla/5.0 (Macintosh; Intel Mac OS X 10_9_1) AppleWebKit/537.73.11 (KHTML, like Gecko) Version/7.0.1 Safari/537.73.11"
98.202.182.168 - - [17/Sep/2014:13:38:30 +0000] "GET /presentations/logstash-scale11x/images/ahhh___rage_face_by_samusmmx-d5g5zap.png HTTP/1.1" 200 175208 "-" "Mozilla/5.0 (Windows NT 6.1; WOW64) AppleWebKit/537.36 (KHTML, like Gecko) Chrome/32.0.1700.107 Safari/537.36"
66.249.73.135 - - [17/Sep/2014:13:38:45 +0000] "GET /blog/tags/ewmh HTTP/1.1" 200 10282 "-" "Mozilla/5.0 (iPhone; CPU iPhone OS 6_0 like Mac OS X) AppleWebKit/536.26 (KHTML, like Gecko) Version/6.0 Mobile/10A5376e Safari/8536.25 (compatible; Googlebot/2.1; +http://www.google.com/bot.html)"
71.191.158.163 - - [17/Sep/2014:13:38:57 +0000] "GET /projects/xdotool/ HTTP/1.1" 200 12292 "http://www.google.com/url?sa=t&rct=j&q=&esrc=s&source=web&cd=2&ved=0CDgQ0gIoAzAB&url=http%3A%2F%2Fwww.semicomplete.com%2Fprojects%2Fxdotool%2F%23idp9392&ei=PikBU7GtE-r90gHm2oHoBQ&usg=AFQjCNE3V_aCf3-gfNcbS924S6jZ6FqffA&bvm=bv.61535280,d.dmQ" "Mozilla/5.0 (Macintosh; Intel Mac OS X 10_7_5) AppleWebKit/537.73.11 (KHTML, like Gecko) Version/6.1.1 Safari/537.73.11"
71.191.158.163 - - [17/Sep/2014:13:38:57 +0000] "GET /reset.css HTTP/1.1" 200 1015 "http://www.semicomplete.com/projects/xdotool/" "Mozilla/5.0 (Macintosh; Intel Mac OS X 10_7_5) AppleWebKit/537.73.11 (KHTML, like Gecko) Version/6.1.1 Safari/537.73.11"
71.191.158.163 - - [17/Sep/2014:13:38:57 +0000] "GET /style2.css HTTP/1.1" 200 4877 "http://www.semicomplete.com/projects/xdotool/" "Mozilla/5.0 (Macintosh; Intel Mac OS X 10_7_5) AppleWebKit/537.73.11 (KHTML, like Gecko) Version/6.1.1 Safari/537.73.11"
71.191.158.163 - - [17/Sep/2014:13:38:57 +0000] "GET /images/jordan-80.png HTTP/1.1" 200 6146 "http://www.semicomplete.com/projects/xdotool/" "Mozilla/5.0 (Macintosh; Intel Mac OS X 10_7_5) AppleWebKit/537.73.11 (KHTML, like Gecko) Version/6.1.1 Safari/537.73.11"
54.219.33.174 - - [17/Sep/2014:13:38:57 +0000] "GET /?flav=atom HTTP/1.1" 200 32352 "-" "Digg Feed Fetcher 1.0 (Mozilla/5.0 (Macintosh; Intel Mac OS X 10_7_1) AppleWebKit/534.48.3 (KHTML, like Gecko) Version/5.1 Safari/534.48.3)"
71.191.158.163 - - [17/Sep/2014:13:38:57 +0000] "GET /images/web/2009/banner.png HTTP/1.1" 200 52315 "http://www.semicomplete.com/projects/xdotool/" "Mozilla/5.0 (Macintosh; Intel Mac OS X 10_7_5) AppleWebKit/537.73.11 (KHTML, like Gecko) Version/6.1.1 Safari/537.73.11"
71.191.158.163 - - [17/Sep/2014:13:38:58 +0000] "GET /favicon.ico HTTP/1.1" 200 3638 "http://www.semicomplete.com/projects/xdotool/" "Mozilla/5.0 (Macintosh; Intel Mac OS X 10_7_5) AppleWebKit/537.73.11 (KHTML, like Gecko) Version/6.1.1 Safari/537.73.11"
180.76.6.150 - - [17/Sep/2014:13:39:08 +0000] "GET /blog/articles/week-of-unix-tools/day-5-xargs.html HTTP/1.1" 200 12571 "-" "Mozilla/5.0 (compatible; Baiduspider/2.0; +http://www.baidu.com/search/spider.html)"
207.241.237.227 - - [17/Sep/2014:13:39:40 +0000] "GET /blog/articles/week-of-unix-tools/day-3-awk.html HTTP/1.0" 200 15457 "http://semicomplete.com/articles/week-of-unix-tools/" "Mozilla/5.0 (compatible; archive.org_bot +http://www.archive.org/details/archive.org_bot)"
37.137.150.253 - - [17/Sep/2014:13:39:56 +0000] "GET /images/googledotcom.png HTTP/1.1" 200 65748 "http://www.google.com/search?q=www.google.com+images&client=ms-android-samsung&hl=fa&source=android-browser-suggest&v=200400000&source=lnms&tbm=isch&sa=X&ei=VigBU-6HII3CtAbHvIDgBg&ved=0CAgQ_AUoADgK" "Mozilla/5.0 (Linux; U; Android 4.1.2; fa-fa; GT-I9082 Build/JZO54K) AppleWebKit/534.30 (KHTML, like Gecko) Version/4.0 Mobile Safari/534.30"
46.105.14.53 - - [17/Sep/2014:13:41:18 +0000] "GET /blog/tags/puppet?flav=rss20 HTTP/1.1" 200 14872 "-" "UniversalFeedParser/4.2-pre-314-svn +http://feedparser.org/"
108.170.215.93 - - [17/Sep/2014:13:41:18 +0000] "GET / HTTP/1.1" 200 37932 "-" "Mozilla/5.0 (X11; Linux x86_64) AppleWebKit/537.36 (KHTML, like Gecko) Chrome/34.0.1843.0 Safari/537.36"
108.170.215.93 - - [17/Sep/2014:13:41:21 +0000] "GET /reset.css HTTP/1.1" 200 1015 "http://semicomplete.com/" "Mozilla/5.0 (X11; Linux x86_64) AppleWebKit/537.36 (KHTML, like Gecko) Chrome/34.0.1843.0 Safari/537.36"
108.170.215.93 - - [17/Sep/2014:13:41:21 +0000] "GET /style2.css HTTP/1.1" 200 4877 "http://semicomplete.com/" "Mozilla/5.0 (X11; Linux x86_64) AppleWebKit/537.36 (KHTML, like Gecko) Chrome/34.0.1843.0 Safari/537.36"
108.170.215.93 - - [17/Sep/2014:13:41:23 +0000] "GET /images/jordan-80.png HTTP/1.1" 200 6146 "http://semicomplete.com/" "Mozilla/5.0 (X11; Linux x86_64) AppleWebKit/537.36 (KHTML, like Gecko) Chrome/34.0.1843.0 Safari/537.36"
50.16.19.13 - - [17/Sep/2014:13:43:13 +0000] "GET /blog/tags/puppet?flav=rss20 HTTP/1.1" 200 14872 "http://www.semicomplete.com/blog/tags/puppet?flav=rss20" "Tiny Tiny RSS/1.11 (http://tt-rss.org/)"
178.255.215.71 - - [17/Sep/2014:13:44:09 +0000] "GET /scripts/grok-py-test/main.py HTTP/1.1" 304 - "-" "Mozilla/5.0 (compatible; Exabot/3.0; +http://www.exabot.com/go/robot)"
208.91.156.11 - - [17/Sep/2014:13:44:36 +0000] "GET /files/logstash/logstash-1.3.2-monolithic.jar HTTP/1.1" 404 324 "-" "Chef Client/10.18.2 (ruby-1.9.3-p327; ohai-6.16.0; x86_64-linux; +http://opscode.com)"
207.241.237.223 - - [17/Sep/2014:13:45:28 +0000] "GET /blog/articles/week-of-unix-tools/day-5-xargs.html HTTP/1.0" 200 12571 "http://semicomplete.com/articles/week-of-unix-tools/" "Mozilla/5.0 (compatible; archive.org_bot +http://www.archive.org/details/archive.org_bot)"
84.75.200.115 - - [17/Sep/2014:13:45:36 +0000] "GET /articles/ppp-over-ssh/ HTTP/1.1" 200 18586 "http://www.google.ch/url?sa=t&rct=j&q=&esrc=s&source=web&cd=1&ved=0CC0QFjAA&url=http%3A%2F%2Fwww.semicomplete.com%2Farticles%2Fppp-over-ssh%2F&ei=CisBU5rfNoeh7Aa144GYCw&usg=AFQjCNHJ26OprxM_R-TJv_w97bzhN-UEag&bvm=bv.61535280,d.ZGU" "Mozilla/5.0 (Windows NT 6.3; WOW64; rv:27.0) Gecko/20100101 Firefox/27.0"
84.75.200.115 - - [17/Sep/2014:13:45:37 +0000] "GET /reset.css HTTP/1.1" 200 1015 "http://www.semicomplete.com/articles/ppp-over-ssh/" "Mozilla/5.0 (Windows NT 6.3; WOW64; rv:27.0) Gecko/20100101 Firefox/27.0"
84.75.200.115 - - [17/Sep/2014:13:45:37 +0000] "GET /style2.css HTTP/1.1" 200 4877 "http://www.semicomplete.com/articles/ppp-over-ssh/" "Mozilla/5.0 (Windows NT 6.3; WOW64; rv:27.0) Gecko/20100101 Firefox/27.0"
84.75.200.115 - - [17/Sep/2014:13:45:37 +0000] "GET /favicon.ico HTTP/1.1" 200 3638 "-" "Mozilla/5.0 (Windows NT 6.3; WOW64; rv:27.0) Gecko/20100101 Firefox/27.0"
84.75.200.115 - - [17/Sep/2014:13:45:37 +0000] "GET /images/jordan-80.png HTTP/1.1" 200 6146 "http://www.semicomplete.com/articles/ppp-over-ssh/" "Mozilla/5.0 (Windows NT 6.3; WOW64; rv:27.0) Gecko/20100101 Firefox/27.0"
84.75.200.115 - - [17/Sep/2014:13:45:37 +0000] "GET /articles/ppp-over-ssh/pppoverssh.png HTTP/1.1" 200 39437 "http://www.semicomplete.com/articles/ppp-over-ssh/" "Mozilla/5.0 (Windows NT 6.3; WOW64; rv:27.0) Gecko/20100101 Firefox/27.0"
84.75.200.115 - - [17/Sep/2014:13:45:37 +0000] "GET /images/web/2009/banner.png HTTP/1.1" 200 52315 "http://www.semicomplete.com/style2.css" "Mozilla/5.0 (Windows NT 6.3; WOW64; rv:27.0) Gecko/20100101 Firefox/27.0"
46.105.14.53 - - [17/Sep/2014:13:46:17 +0000] "GET /blog/tags/puppet?flav=rss20 HTTP/1.1" 200 14872 "-" "UniversalFeedParser/4.2-pre-314-svn +http://feedparser.org/"
78.157.154.210 - - [17/Sep/2014:13:46:46 +0000] "GET /files/xdotool/docs/ HTTP/1.1" 200 1328 "http://stackoverflow.com/questions/13041511/simulating-mouse-events-and-keyboard-events-c-linux" "Mozilla/5.0 (X11; Ubuntu; Linux x86_64; rv:27.0) Gecko/20100101 Firefox/27.0"
78.157.154.210 - - [17/Sep/2014:13:46:46 +0000] "GET /icons/blank.gif HTTP/1.1" 200 148 "http://www.semicomplete.com/files/xdotool/docs/" "Mozilla/5.0 (X11; Ubuntu; Linux x86_64; rv:27.0) Gecko/20100101 Firefox/27.0"
78.157.154.210 - - [17/Sep/2014:13:46:46 +0000] "GET /icons/back.gif HTTP/1.1" 200 216 "http://www.semicomplete.com/files/xdotool/docs/" "Mozilla/5.0 (X11; Ubuntu; Linux x86_64; rv:27.0) Gecko/20100101 Firefox/27.0"
78.157.154.210 - - [17/Sep/2014:13:46:46 +0000] "GET /icons/folder.gif HTTP/1.1" 200 225 "http://www.semicomplete.com/files/xdotool/docs/" "Mozilla/5.0 (X11; Ubuntu; Linux x86_64; rv:27.0) Gecko/20100101 Firefox/27.0"
78.157.154.210 - - [17/Sep/2014:13:46:47 +0000] "GET /favicon.ico HTTP/1.1" 200 3638 "-" "Mozilla/5.0 (X11; Ubuntu; Linux x86_64; rv:27.0) Gecko/20100101 Firefox/27.0"
78.157.154.210 - - [17/Sep/2014:13:46:48 +0000] "GET /files/xdotool/docs/html/ HTTP/1.1" 200 3870 "http://www.semicomplete.com/files/xdotool/docs/" "Mozilla/5.0 (X11; Ubuntu; Linux x86_64; rv:27.0) Gecko/20100101 Firefox/27.0"
78.157.154.210 - - [17/Sep/2014:13:46:49 +0000] "GET /files/xdotool/docs/html/tabs.css HTTP/1.1" 200 1844 "http://www.semicomplete.com/files/xdotool/docs/html/" "Mozilla/5.0 (X11; Ubuntu; Linux x86_64; rv:27.0) Gecko/20100101 Firefox/27.0"
78.157.154.210 - - [17/Sep/2014:13:46:49 +0000] "GET /files/xdotool/docs/html/search/search.css HTTP/1.1" 200 3843 "http://www.semicomplete.com/files/xdotool/docs/html/" "Mozilla/5.0 (X11; Ubuntu; Linux x86_64; rv:27.0) Gecko/20100101 Firefox/27.0"
78.157.154.210 - - [17/Sep/2014:13:46:49 +0000] "GET /files/xdotool/docs/html/search/search.js HTTP/1.1" 200 21330 "http://www.semicomplete.com/files/xdotool/docs/html/" "Mozilla/5.0 (X11; Ubuntu; Linux x86_64; rv:27.0) Gecko/20100101 Firefox/27.0"
78.157.154.210 - - [17/Sep/2014:13:46:49 +0000] "GET /files/xdotool/docs/html/doxygen.css HTTP/1.1" 200 7911 "http://www.semicomplete.com/files/xdotool/docs/html/" "Mozilla/5.0 (X11; Ubuntu; Linux x86_64; rv:27.0) Gecko/20100101 Firefox/27.0"
78.157.154.210 - - [17/Sep/2014:13:46:49 +0000] "GET /files/xdotool/docs/html/search/search.png HTTP/1.1" 200 527 "http://www.semicomplete.com/files/xdotool/docs/html/" "Mozilla/5.0 (X11; Ubuntu; Linux x86_64; rv:27.0) Gecko/20100101 Firefox/27.0"
78.157.154.210 - - [17/Sep/2014:13:46:49 +0000] "GET /files/xdotool/docs/html/search/close.png HTTP/1.1" 200 273 "http://www.semicomplete.com/files/xdotool/docs/html/" "Mozilla/5.0 (X11; Ubuntu; Linux x86_64; rv:27.0) Gecko/20100101 Firefox/27.0"
78.157.154.210 - - [17/Sep/2014:13:46:49 +0000] "GET /files/xdotool/docs/html/doxygen.png HTTP/1.1" 200 1281 "http://www.semicomplete.com/files/xdotool/docs/html/" "Mozilla/5.0 (X11; Ubuntu; Linux x86_64; rv:27.0) Gecko/20100101 Firefox/27.0"
78.157.154.210 - - [17/Sep/2014:13:46:49 +0000] "GET /files/xdotool/docs/html/tab_b.gif HTTP/1.1" 200 35 "http://www.semicomplete.com/files/xdotool/docs/html/tabs.css" "Mozilla/5.0 (X11; Ubuntu; Linux x86_64; rv:27.0) Gecko/20100101 Firefox/27.0"
78.157.154.210 - - [17/Sep/2014:13:46:49 +0000] "GET /files/xdotool/docs/html/tab_r.gif HTTP/1.1" 200 2585 "http://www.semicomplete.com/files/xdotool/docs/html/tabs.css" "Mozilla/5.0 (X11; Ubuntu; Linux x86_64; rv:27.0) Gecko/20100101 Firefox/27.0"
78.157.154.210 - - [17/Sep/2014:13:46:49 +0000] "GET /files/xdotool/docs/html/tab_l.gif HTTP/1.1" 200 706 "http://www.semicomplete.com/files/xdotool/docs/html/tabs.css" "Mozilla/5.0 (X11; Ubuntu; Linux x86_64; rv:27.0) Gecko/20100101 Firefox/27.0"
78.157.154.210 - - [17/Sep/2014:13:46:51 +0000] "GET /files/xdotool/docs/html/xdo_8h.html HTTP/1.1" 200 145776 "http://www.semicomplete.com/files/xdotool/docs/html/" "Mozilla/5.0 (X11; Ubuntu; Linux x86_64; rv:27.0) Gecko/20100101 Firefox/27.0"
178.255.215.83 - - [17/Sep/2014:13:47:35 +0000] "GET /blog/2007/Jan/27 HTTP/1.1" 200 12493 "-" "Mozilla/5.0 (compatible; Exabot/3.0 (BiggerBetter); +http://www.exabot.com/go/robot)"
178.255.215.83 - - [17/Sep/2014:13:47:38 +0000] "GET /blog/2007/May/27 HTTP/1.1" 200 8913 "-" "Mozilla/5.0 (compatible; Exabot/3.0 (BiggerBetter); +http://www.exabot.com/go/robot)"
66.249.73.135 - - [17/Sep/2014:13:47:43 +0000] "GET /blog/tags/pam_captcha HTTP/1.1" 200 14868 "-" "Mozilla/5.0 (iPhone; CPU iPhone OS 6_0 like Mac OS X) AppleWebKit/536.26 (KHTML, like Gecko) Version/6.0 Mobile/10A5376e Safari/8536.25 (compatible; Googlebot/2.1; +http://www.google.com/bot.html)"
207.241.237.101 - - [17/Sep/2014:13:47:43 +0000] "GET /robots.txt HTTP/1.0" 200 - "-" "Mozilla/5.0 (compatible; archive.org_bot +http://www.archive.org/details/archive.org_bot)"
207.241.237.101 - - [17/Sep/2014:13:47:46 +0000] "GET /blog/articles/week-of-unix-tools/day-2-cut-and-paste.html HTTP/1.0" 200 13312 "http://semicomplete.com/articles/week-of-unix-tools/" "Mozilla/5.0 (compatible; archive.org_bot +http://www.archive.org/details/archive.org_bot)"
157.55.32.109 - - [17/Sep/2014:13:48:12 +0000] "GET /blog/2006/Dec/19 HTTP/1.1" 200 10547 "-" "Mozilla/5.0 (compatible; bingbot/2.0; +http://www.bing.com/bingbot.htm)"
66.249.73.135 - - [17/Sep/2014:13:48:20 +0000] "GET / HTTP/1.1" 200 37932 "-" "Mozilla/5.0 (compatible; Googlebot/2.1; +http://www.google.com/bot.html)"
