50.139.66.106 - - [17/Sep/2014:11:55:04 +0000] "GET /presentations/logstash-scale11x/images/nagios-sms3.png HTTP/1.1" 200 65917 "http://semicomplete.com/presentations/logstash-scale11x/" "Mozilla/5.0 (X11; Linux x86_64) AppleWebKit/537.36 (KHTML, like Gecko) Chrome/33.0.1750.91 Safari/537.36"
50.139.66.106 - - [17/Sep/2014:11:55:04 +0000] "GET /presentations/logstash-scale11x/images/nagios-sms1.png HTTP/1.1" 200 55478 "http://semicomplete.com/presentations/logstash-scale11x/" "Mozilla/5.0 (X11; Linux x86_64) AppleWebKit/537.36 (KHTML, like Gecko) Chrome/33.0.1750.91 Safari/537.36"
50.139.66.106 - - [17/Sep/2014:11:55:04 +0000] "GET /presentations/logstash-scale11x/images/nagios-sms2.png HTTP/1.1" 200 60656 "http://semicomplete.com/presentations/logstash-scale11x/" "Mozilla/5.0 (X11; Linux x86_64) AppleWebKit/537.36 (KHTML, like Gecko) Chrome/33.0.1750.91 Safari/537.36"
50.139.66.106 - - [17/Sep/2014:11:55:05 +0000] "GET /presentations/logstash-scale11x/plugin/markdown/showdown.js HTTP/1.1" 200 9904 "http://semicomplete.com/presentations/logstash-scale11x/" "Mozilla/5.0 (X11; Linux x86_64) AppleWebKit/537.36 (KHTML, like Gecko) Chrome/33.0.1750.91 Safari/537.36"
50.139.66.106 - - [17/Sep/2014:11:55:04 +0000] "GET /presentations/logstash-scale11x/images/nagios-sms4.png HTTP/1.1" 200 72949 "http://semicomplete.com/presentations/logstash-scale11x/" "Mozilla/5.0 (X11; Linux x86_64) AppleWebKit/537.36 (KHTML, like Gecko) Chrome/33.0.1750.91 Safari/537.36"
50.139.66.106 - - [17/Sep/2014:11:55:05 +0000] "GET /presentations/logstash-scale11x/plugin/markdown/markdown.js HTTP/1.1" 200 1187 "http://semicomplete.com/presentations/logstash-scale11x/" "Mozilla/5.0 (X11; Linux x86_64) AppleWebKit/537.36 (KHTML, like Gecko) Chrome/33.0.1750.91 Safari/537.36"
50.139.66.106 - - [17/Sep/2014:11:55:05 +0000] "GET /presentations/logstash-scale11x/images/nagios-sms5.png HTTP/1.1" 200 78075 "http://semicomplete.com/presentations/logstash-scale11x/" "Mozilla/5.0 (X11; Linux x86_64) AppleWebKit/537.36 (KHTML, like Gecko) Chrome/33.0.1750.91 Safari/537.36"
50.139.66.106 - - [17/Sep/2014:11:55:05 +0000] "GET /presentations/logstash-scale11x/css/fonts/cJZKeOuBrn4kERxqtaUH3aCWcynf_cDxXwCLxiixG1c.ttf HTTP/1.1" 200 36492 "http://semicomplete.com/presentations/logstash-scale11x/" "Mozilla/5.0 (X11; Linux x86_64) AppleWebKit/537.36 (KHTML, like Gecko) Chrome/33.0.1750.91 Safari/537.36"
50.139.66.106 - - [17/Sep/2014:11:55:05 +0000] "GET /presentations/logstash-scale11x/css/fonts/xjAJXh38I15wypJXxuGMBp0EAVxt0G0biEntp43Qt6E.ttf HTTP/1.1" 200 34416 "http://semicomplete.com/presentations/logstash-scale11x/" "Mozilla/5.0 (X11; Linux x86_64) AppleWebKit/537.36 (KHTML, like Gecko) Chrome/33.0.1750.91 Safari/537.36"
50.139.66.106 - - [17/Sep/2014:11:55:05 +0000] "GET /presentations/logstash-scale11x/images/nagios-sms6.png HTTP/1.1" 200 82859 "http://semicomplete.com/presentations/logstash-scale11x/" "Mozilla/5.0 (X11; Linux x86_64) AppleWebKit/537.36 (KHTML, like Gecko) Chrome/33.0.1750.91 Safari/537.36"
50.139.66.106 - - [17/Sep/2014:11:55:05 +0000] "GET /presentations/logstash-scale11x/images/xkcd-perl.png HTTP/1.1" 200 80663 "http://semicomplete.com/presentations/logstash-scale11x/" "Mozilla/5.0 (X11; Linux x86_64) AppleWebKit/537.36 (KHTML, like Gecko) Chrome/33.0.1750.91 Safari/537.36"
50.139.66.106 - - [17/Sep/2014:11:55:05 +0000] "GET /presentations/logstash-scale11x/plugin/highlight/highlight.js HTTP/1.1" 200 26185 "http://semicomplete.com/presentations/logstash-scale11x/" "Mozilla/5.0 (X11; Linux x86_64) AppleWebKit/537.36 (KHTML, like Gecko) Chrome/33.0.1750.91 Safari/537.36"
50.139.66.106 - - [17/Sep/2014:11:55:05 +0000] "GET /presentations/logstash-scale11x/plugin/zoom-js/zoom.js HTTP/1.1" 200 7697 "http://semicomplete.com/presentations/logstash-scale11x/" "Mozilla/5.0 (X11; Linux x86_64) AppleWebKit/537.36 (KHTML, like Gecko) Chrome/33.0.1750.91 Safari/537.36"
50.139.66.106 - - [17/Sep/2014:11:55:05 +0000] "GET /presentations/logstash-scale11x/plugin/notes/notes.js HTTP/1.1" 200 2892 "http://semicomplete.com/presentations/logstash-scale11x/" "Mozilla/5.0 (X11; Linux x86_64) AppleWebKit/537.36 (KHTML, like Gecko) Chrome/33.0.1750.91 Safari/537.36"
50.139.66.106 - - [17/Sep/2014:11:55:05 +0000] "GET /presentations/logstash-scale11x/css/fonts/Roboto-Bold.ttf HTTP/1.1" 200 38720 "http://semicomplete.com/presentations/logstash-scale11x/" "Mozilla/5.0 (X11; Linux x86_64) AppleWebKit/537.36 (KHTML, like Gecko) Chrome/33.0.1750.91 Safari/537.36"
50.139.66.106 - - [17/Sep/2014:11:55:05 +0000] "GET /presentations/logstash-scale11x/css/fonts/Roboto-Regular.ttf HTTP/1.1" 200 41820 "http://semicomplete.com/presentations/logstash-scale11x/" "Mozilla/5.0 (X11; Linux x86_64) AppleWebKit/537.36 (KHTML, like Gecko) Chrome/33.0.1750.91 Safari/537.36"
50.139.66.106 - - [17/Sep/2014:11:55:05 +0000] "GET /presentations/logstash-scale11x/images/ahhh___rage_face_by_samusmmx-d5g5zap.png HTTP/1.1" 200 175208 "http://semicomplete.com/presentations/logstash-scale11x/" "Mozilla/5.0 (X11; Linux x86_64) AppleWebKit/537.36 (KHTML, like Gecko) Chrome/33.0.1750.91 Safari/537.36"
50.139.66.106 - - [17/Sep/2014:11:55:06 +0000] "GET /presentations/logstash-scale11x/images/logstashbook.png HTTP/1.1" 200 54662 "http://semicomplete.com/presentations/logstash-scale11x/" "Mozilla/5.0 (X11; Linux x86_64) AppleWebKit/537.36 (KHTML, like Gecko) Chrome/33.0.1750.91 Safari/537.36"
50.139.66.106 - - [17/Sep/2014:11:55:06 +0000] "GET /presentations/logstash-scale11x/images/frontend-response-codes.png HTTP/1.1" 200 52878 "http://semicomplete.com/presentations/logstash-scale11x/" "Mozilla/5.0 (X11; Linux x86_64) AppleWebKit/537.36 (KHTML, like Gecko) Chrome/33.0.1750.91 Safari/537.36"
50.139.66.106 - - [17/Sep/2014:11:55:06 +0000] "GET /presentations/logstash-scale11x/images/xkcd-perlswing-many.png HTTP/1.1" 200 100207 "http://semicomplete.com/presentations/logstash-scale11x/" "Mozilla/5.0 (X11; Linux x86_64) AppleWebKit/537.36 (KHTML, like Gecko) Chrome/33.0.1750.91 Safari/537.36"
50.139.66.106 - - [17/Sep/2014:11:55:06 +0000] "GET /presentations/logstash-scale11x/images/Dreamhost_logo.svg HTTP/1.1" 200 2126 "http://semicomplete.com/presentations/logstash-scale11x/" "Mozilla/5.0 (X11; Linux x86_64) AppleWebKit/537.36 (KHTML, like Gecko) Chrome/33.0.1750.91 Safari/537.36"
50.139.66.106 - - [17/Sep/2014:11:55:06 +0000] "GET /presentations/logstash-scale11x/images/computer-keyboard-jacket.jpg HTTP/1.1" 200 176805 "http://semicomplete.com/presentations/logstash-scale11x/" "Mozilla/5.0 (X11; Linux x86_64) AppleWebKit/537.36 (KHTML, like Gecko) Chrome/33.0.1750.91 Safari/537.36"
50.139.66.106 - - [17/Sep/2014:11:55:06 +0000] "GET /presentations/logstash-scale11x/images/logstash-dreamhost-day.png HTTP/1.1" 200 34213 "http://semicomplete.com/presentations/logstash-scale11x/" "Mozilla/5.0 (X11; Linux x86_64) AppleWebKit/537.36 (KHTML, like Gecko) Chrome/33.0.1750.91 Safari/537.36"
50.139.66.106 - - [17/Sep/2014:11:55:07 +0000] "GET /presentations/logstash-scale11x/images/kibana-search.png HTTP/1.1" 200 203023 "http://semicomplete.com/presentations/logstash-scale11x/" "Mozilla/5.0 (X11; Linux x86_64) AppleWebKit/537.36 (KHTML, like Gecko) Chrome/33.0.1750.91 Safari/537.36"
50.139.66.106 - - [17/Sep/2014:11:55:07 +0000] "GET /presentations/logstash-scale11x/images/kibana-dashboard3.png HTTP/1.1" 200 171717 "http://semicomplete.com/presentations/logstash-scale11x/" "Mozilla/5.0 (X11; Linux x86_64) AppleWebKit/537.36 (KHTML, like Gecko) Chrome/33.0.1750.91 Safari/537.36"
50.139.66.106 - - [17/Sep/2014:11:55:06 +0000] "GET /presentations/logstash-scale11x/images/sad-medic.png HTTP/1.1" 200 430406 "http://semicomplete.com/presentations/logstash-scale11x/" "Mozilla/5.0 (X11; Linux x86_64) AppleWebKit/537.36 (KHTML, like Gecko) Chrome/33.0.1750.91 Safari/537.36"
50.139.66.106 - - [17/Sep/2014:11:55:07 +0000] "GET /presentations/logstash-scale11x/images/kibana-dashboard2.png HTTP/1.1" 200 394967 "http://semicomplete.com/presentations/logstash-scale11x/" "Mozilla/5.0 (X11; Linux x86_64) AppleWebKit/537.36 (KHTML, like Gecko) Chrome/33.0.1750.91 Safari/537.36"
50.139.66.106 - - [17/Sep/2014:11:55:07 +0000] "GET /presentations/logstash-scale11x/images/kibana-dashboard.png HTTP/1.1" 200 321631 "http://semicomplete.com/presentations/logstash-scale11x/" "Mozilla/5.0 (X11; Linux x86_64) AppleWebKit/537.36 (KHTML, like Gecko) Chrome/33.0.1750.91 Safari/537.36"
50.139.66.106 - - [17/Sep/2014:11:55:07 +0000] "GET /presentations/logstash-scale11x/images/simple-inputs-filters.jpg HTTP/1.1" 200 1114500 "http://semicomplete.com/presentations/logstash-scale11x/" "Mozilla/5.0 (X11; Linux x86_64) AppleWebKit/537.36 (KHTML, like Gecko) Chrome/33.0.1750.91 Safari/537.36"
46.5.254.123 - - [17/Sep/2014:11:55:13 +0000] "GET /projects/xdotool/ HTTP/1.1" 200 12292 "http://www.google.de/url?sa=t&rct=j&q=&esrc=s&source=web&cd=1&ved=0CC8QFjAA&url=http%3A%2F%2Fwww.semicomplete.com%2Fprojects%2Fxdotool%2F&ei=LhEBU6DpHcvwhQeNg4HQAg&usg=AFQjCNE3V_aCf3-gfNcbS924S6jZ6FqffA&bvm=bv.61535280,d.ZG4" "Mozilla/5.0 (X11; Linux x86_64; rv:27.0) Gecko/20100101 Firefox/27.0"
46.5.254.123 - - [17/Sep/2014:11:55:13 +0000] "GET /style2.css HTTP/1.1" 200 4877 "http://www.semicomplete.com/projects/xdotool/" "Mozilla/5.0 (X11; Linux x86_64; rv:27.0) Gecko/20100101 Firefox/27.0"
46.5.254.123 - - [17/Sep/2014:11:55:13 +0000] "GET /reset.css HTTP/1.1" 200 1015 "http://www.semicomplete.com/projects/xdotool/" "Mozilla/5.0 (X11; Linux x86_64; rv:27.0) Gecko/20100101 Firefox/27.0"
46.5.254.123 - - [17/Sep/2014:11:55:13 +0000] "GET /favicon.ico HTTP/1.1" 200 3638 "-" "Mozilla/5.0 (X11; Linux x86_64; rv:27.0) Gecko/20100101 Firefox/27.0"
46.5.254.123 - - [17/Sep/2014:11:55:14 +0000] "GET /images/jordan-80.png HTTP/1.1" 200 6146 "http://www.semicomplete.com/projects/xdotool/" "Mozilla/5.0 (X11; Linux x86_64; rv:27.0) Gecko/20100101 Firefox/27.0"
46.5.254.123 - - [17/Sep/2014:11:55:14 +0000] "GET /images/web/2009/banner.png HTTP/1.1" 200 52315 "http://www.semicomplete.com/style2.css" "Mozilla/5.0 (X11; Linux x86_64; rv:27.0) Gecko/20100101 Firefox/27.0"
50.139.66.106 - - [17/Sep/2014:11:55:08 +0000] "GET /presentations/logstash-scale11x/images/simple-inputs-filters-outputs.jpg HTTP/1.1" 200 1168622 "http://semicomplete.com/presentations/logstash-scale11x/" "Mozilla/5.0 (X11; Linux x86_64) AppleWebKit/537.36 (KHTML, like Gecko) Chrome/33.0.1750.91 Safari/537.36"
50.139.66.106 - - [17/Sep/2014:11:55:08 +0000] "GET /presentations/logstash-scale11x/images/tiered-outputs-to-inputs.jpg HTTP/1.1" 200 1079983 "http://semicomplete.com/presentations/logstash-scale11x/" "Mozilla/5.0 (X11; Linux x86_64) AppleWebKit/537.36 (KHTML, like Gecko) Chrome/33.0.1750.91 Safari/537.36"
50.139.66.106 - - [17/Sep/2014:11:55:16 +0000] "GET /presentations/logstash-scale11x/css/print/paper.css HTTP/1.1" 200 4254 "http://semicomplete.com/presentations/logstash-scale11x/" "Mozilla/5.0 (X11; Linux x86_64) AppleWebKit/537.36 (KHTML, like Gecko) Chrome/33.0.1750.91 Safari/537.36"
50.139.66.106 - - [17/Sep/2014:11:55:06 +0000] "GET /presentations/logstash-scale11x/images/simple-inputs.jpg HTTP/1.1" 200 1045663 "http://semicomplete.com/presentations/logstash-scale11x/" "Mozilla/5.0 (X11; Linux x86_64) AppleWebKit/537.36 (KHTML, like Gecko) Chrome/33.0.1750.91 Safari/537.36"
50.139.66.106 - - [17/Sep/2014:11:55:09 +0000] "GET /presentations/logstash-scale11x/images/tiered-redis-output.jpg HTTP/1.1" 200 1221927 "http://semicomplete.com/presentations/logstash-scale11x/" "Mozilla/5.0 (X11; Linux x86_64) AppleWebKit/537.36 (KHTML, like Gecko) Chrome/33.0.1750.91 Safari/537.36"
50.139.66.106 - - [17/Sep/2014:11:55:12 +0000] "GET /presentations/logstash-scale11x/images/tiered-redis-input.jpg HTTP/1.1" 200 1046727 "http://semicomplete.com/presentations/logstash-scale11x/" "Mozilla/5.0 (X11; Linux x86_64) AppleWebKit/537.36 (KHTML, like Gecko) Chrome/33.0.1750.91 Safari/537.36"
50.139.66.106 - - [17/Sep/2014:11:55:16 +0000] "GET /presentations/logstash-scale11x/images/tiered-redis-input-complete.jpg HTTP/1.1" 200 1103268 "http://semicomplete.com/presentations/logstash-scale11x/" "Mozilla/5.0 (X11; Linux x86_64) AppleWebKit/537.36 (KHTML, like Gecko) Chrome/33.0.1750.91 Safari/537.36"
207.241.237.220 - - [17/Sep/2014:11:55:28 +0000] "GET /blog/geekery/shebang-fix.html HTTP/1.0" 200 9438 "http://www.semicomplete.com/blog/tags/linux" "Mozilla/5.0 (compatible; archive.org_bot +http://www.archive.org/details/archive.org_bot)"
50.139.66.106 - - [17/Sep/2014:11:55:09 +0000] "GET /presentations/logstash-scale11x/images/tiered-outputs-to-inputs-redis.jpg HTTP/1.1" 200 2763364 "http://semicomplete.com/presentations/logstash-scale11x/" "Mozilla/5.0 (X11; Linux x86_64) AppleWebKit/537.36 (KHTML, like Gecko) Chrome/33.0.1750.91 Safari/537.36"
50.139.66.106 - - [17/Sep/2014:11:55:40 +0000] "GET /favicon.ico HTTP/1.1" 200 3638 "-" "Mozilla/5.0 (X11; Linux x86_64) AppleWebKit/537.36 (KHTML, like Gecko) Chrome/33.0.1750.91 Safari/537.36"
209.85.238.199 - - [17/Sep/2014:11:55:40 +0000] "GET /?flav=rss20 HTTP/1.1" 200 29941 "-" "Feedfetcher-Google; (+http://www.google.com/feedfetcher.html; 22 subscribers; feed-id=8321906634162087507)"
79.191.201.108 - - [17/Sep/2014:11:55:43 +0000] "GET /articles/dynamic-dns-with-dhcp/ HTTP/1.1" 200 18848 "https://www.google.pl/" "Mozilla/5.0 (Windows NT 6.1) AppleWebKit/537.36 (KHTML, like Gecko) Chrome/32.0.1700.107 Safari/537.36"
79.191.201.108 - - [17/Sep/2014:11:55:43 +0000] "GET /reset.css HTTP/1.1" 200 1015 "http://www.semicomplete.com/articles/dynamic-dns-with-dhcp/" "Mozilla/5.0 (Windows NT 6.1) AppleWebKit/537.36 (KHTML, like Gecko) Chrome/32.0.1700.107 Safari/537.36"
79.191.201.108 - - [17/Sep/2014:11:55:43 +0000] "GET /style2.css HTTP/1.1" 200 4877 "http://www.semicomplete.com/articles/dynamic-dns-with-dhcp/" "Mozilla/5.0 (Windows NT 6.1) AppleWebKit/537.36 (KHTML, like Gecko) Chrome/32.0.1700.107 Safari/537.36"
79.191.201.108 - - [17/Sep/2014:11:55:43 +0000] "GET /images/jordan-80.png HTTP/1.1" 200 6146 "http://www.semicomplete.com/articles/dynamic-dns-with-dhcp/" "Mozilla/5.0 (Windows NT 6.1) AppleWebKit/537.36 (KHTML, like Gecko) Chrome/32.0.1700.107 Safari/537.36"
79.191.201.108 - - [17/Sep/2014:11:55:44 +0000] "GET /images/web/2009/banner.png HTTP/1.1" 200 52315 "http://www.semicomplete.com/articles/dynamic-dns-with-dhcp/" "Mozilla/5.0 (Windows NT 6.1) AppleWebKit/537.36 (KHTML, like Gecko) Chrome/32.0.1700.107 Safari/537.36"
79.191.201.108 - - [17/Sep/2014:11:55:45 +0000] "GET /favicon.ico HTTP/1.1" 200 3638 "-" "Mozilla/5.0 (Windows NT 6.1) AppleWebKit/537.36 (KHTML, like Gecko) Chrome/32.0.1700.107 Safari/537.36"
88.196.179.78 - - [17/Sep/2014:11:56:12 +0000] "GET /favicon.ico HTTP/1.1" 200 3638 "-" "Mozilla/5.0 (X11; Ubuntu; Linux x86_64; rv:27.0) Gecko/20100101 Firefox/27.0"
74.125.176.144 - - [17/Sep/2014:11:56:18 +0000] "GET /?flav=rss20 HTTP/1.1" 200 29941 "-" "FeedBurner/1.0 (http://www.FeedBurner.com)"
66.249.73.135 - - [17/Sep/2014:11:56:30 +0000] "GET /blog/tags/site?page=2 HTTP/1.1" 200 24031 "-" "Mozilla/5.0 (compatible; Googlebot/2.1; +http://www.google.com/bot.html)"
46.105.14.53 - - [17/Sep/2014:11:56:36 +0000] "GET /blog/tags/puppet?flav=rss20 HTTP/1.1" 200 14872 "-" "UniversalFeedParser/4.2-pre-314-svn +http://feedparser.org/"
50.152.223.37 - - [17/Sep/2014:11:56:57 +0000] "GET /presentations/logstash-scale11x/images/logstash.png HTTP/1.1" 200 47731 "http://kufli.blogspot.com/2013/07/log-analysis-using-logstash.html" "Mozilla/5.0 (Windows NT 6.1; WOW64) AppleWebKit/537.36 (KHTML, like Gecko) Chrome/32.0.1700.107 Safari/537.36"
184.60.23.120 - - [17/Sep/2014:11:57:08 +0000] "GET /articles/dynamic-dns-with-dhcp/ HTTP/1.1" 200 18848 "https://www.google.com/" "Mozilla/5.0 (Windows NT 6.3; WOW64) AppleWebKit/537.36 (KHTML, like Gecko) Chrome/32.0.1700.107 Safari/537.36"
184.60.23.120 - - [17/Sep/2014:11:57:08 +0000] "GET /reset.css HTTP/1.1" 200 1015 "http://www.semicomplete.com/articles/dynamic-dns-with-dhcp/" "Mozilla/5.0 (Windows NT 6.3; WOW64) AppleWebKit/537.36 (KHTML, like Gecko) Chrome/32.0.1700.107 Safari/537.36"
184.60.23.120 - - [17/Sep/2014:11:57:08 +0000] "GET /style2.css HTTP/1.1" 200 4877 "http://www.semicomplete.com/articles/dynamic-dns-with-dhcp/" "Mozilla/5.0 (Windows NT 6.3; WOW64) AppleWebKit/537.36 (KHTML, like Gecko) Chrome/32.0.1700.107 Safari/537.36"
184.60.23.120 - - [17/Sep/2014:11:57:08 +0000] "GET /images/jordan-80.png HTTP/1.1" 200 6146 "http://www.semicomplete.com/articles/dynamic-dns-with-dhcp/" "Mozilla/5.0 (Windows NT 6.3; WOW64) AppleWebKit/537.36 (KHTML, like Gecko) Chrome/32.0.1700.107 Safari/537.36"
184.60.23.120 - - [17/Sep/2014:11:57:08 +0000] "GET /images/web/2009/banner.png HTTP/1.1" 200 52315 "http://www.semicomplete.com/articles/dynamic-dns-with-dhcp/" "Mozilla/5.0 (Windows NT 6.3; WOW64) AppleWebKit/537.36 (KHTML, like Gecko) Chrome/32.0.1700.107 Safari/537.36"
184.60.23.120 - - [17/Sep/2014:11:57:10 +0000] "GET /favicon.ico HTTP/1.1" 200 3638 "-" "Mozilla/5.0 (Windows NT 6.3; WOW64) AppleWebKit/537.36 (KHTML, like Gecko) Chrome/32.0.1700.107 Safari/537.36"
207.241.237.227 - - [17/Sep/2014:11:57:27 +0000] "GET /blog/geekery/asus-k8n-dl-sata-boot-linux.html HTTP/1.0" 200 9368 "http://www.semicomplete.com/blog/tags/linux" "Mozilla/5.0 (compatible; archive.org_bot +http://www.archive.org/details/archive.org_bot)"
180.76.6.142 - - [17/Sep/2014:11:57:32 +0000] "GET /projects/fex HTTP/1.1" 301 335 "-" "Mozilla/5.0 (compatible; Baiduspider/2.0; +http://www.baidu.com/search/spider.html)"
180.76.5.20 - - [17/Sep/2014:11:57:32 +0000] "GET /projects/fex/ HTTP/1.1" 200 14352 "-" "Mozilla/5.0 (compatible; Baiduspider/2.0; +http://www.baidu.com/search/spider.html)"
50.139.66.106 - - [17/Sep/2014:11:57:40 +0000] "GET /presentations/logstash-scale11x/css/fonts/PRmiXeptR36kaC0GEAetxp_TkvowlIOtbR7ePgFOpF4.ttf HTTP/1.1" 200 34752 "http://semicomplete.com/presentations/logstash-scale11x/" "Mozilla/5.0 (X11; Linux x86_64) AppleWebKit/537.36 (KHTML, like Gecko) Chrome/33.0.1750.91 Safari/537.36"
84.58.19.108 - - [17/Sep/2014:11:57:45 +0000] "GET /projects/xdotool/xdotool.xhtml HTTP/1.1" 200 50112 "https://www.google.com/" "Mozilla/5.0 (X11; Linux x86_64) AppleWebKit/537.36 (KHTML, like Gecko) Chrome/31.0.1650.57 Safari/537.36"
84.58.19.108 - - [17/Sep/2014:11:57:46 +0000] "GET /favicon.ico HTTP/1.1" 200 3638 "-" "Mozilla/5.0 (X11; Linux x86_64) AppleWebKit/537.36 (KHTML, like Gecko) Chrome/31.0.1650.57 Safari/537.36"
50.139.66.106 - - [17/Sep/2014:11:58:03 +0000] "GET /presentations/logstash-scale11x/css/fonts/k3k702ZOKiLJc3WVjuplzInF5uFdDttMLvmWuJdhhgs.ttf HTTP/1.1" 200 38108 "http://semicomplete.com/presentations/logstash-scale11x/" "Mozilla/5.0 (X11; Linux x86_64) AppleWebKit/537.36 (KHTML, like Gecko) Chrome/33.0.1750.91 Safari/537.36"
2.137.32.153 - - [17/Sep/2014:11:58:08 +0000] "GET /blog/geekery/disabling-battery-in-ubuntu-vms.html HTTP/1.1" 200 9316 "http://www.google.es/url?sa=t&rct=j&q=&esrc=s&source=web&cd=2&cad=rja&ved=0CC8QFjAB&url=http%3A%2F%2Fwww.semicomplete.com%2Fblog%2Fgeekery%2Fdisabling-battery-in-ubuntu-vms.html&ei=0REBU73sEeLF0QW9m4GgBw&usg=AFQjCNGCtI7nRwy4M6vo_Nl_oqhG1IsXZg&sig2=ZBSTZkjn-7c6xs00u6dyow&bvm=bv.61535280,d.bGE" "Mozilla/5.0 (X11; Ubuntu; Linux x86_64; rv:27.0) Gecko/20100101 Firefox/27.0"
2.137.32.153 - - [17/Sep/2014:11:58:08 +0000] "GET /reset.css HTTP/1.1" 200 1015 "http://www.semicomplete.com/blog/geekery/disabling-battery-in-ubuntu-vms.html" "Mozilla/5.0 (X11; Ubuntu; Linux x86_64; rv:27.0) Gecko/20100101 Firefox/27.0"
2.137.32.153 - - [17/Sep/2014:11:58:08 +0000] "GET /style2.css HTTP/1.1" 200 4877 "http://www.semicomplete.com/blog/geekery/disabling-battery-in-ubuntu-vms.html" "Mozilla/5.0 (X11; Ubuntu; Linux x86_64; rv:27.0) Gecko/20100101 Firefox/27.0"
2.137.32.153 - - [17/Sep/2014:11:58:08 +0000] "GET /favicon.ico HTTP/1.1" 200 3638 "-" "Mozilla/5.0 (X11; Ubuntu; Linux x86_64; rv:27.0) Gecko/20100101 Firefox/27.0"
2.137.32.153 - - [17/Sep/2014:11:58:09 +0000] "GET /images/jordan-80.png HTTP/1.1" 200 6146 "http://www.semicomplete.com/blog/geekery/disabling-battery-in-ubuntu-vms.html" "Mozilla/5.0 (X11; Ubuntu; Linux x86_64; rv:27.0) Gecko/20100101 Firefox/27.0"
2.137.32.153 - - [17/Sep/2014:11:58:09 +0000] "GET /images/web/2009/banner.png HTTP/1.1" 200 52315 "http://www.semicomplete.com/style2.css" "Mozilla/5.0 (X11; Ubuntu; Linux x86_64; rv:27.0) Gecko/20100101 Firefox/27.0"
207.241.237.102 - - [17/Sep/2014:11:58:16 +0000] "GET /blog/tags/firewall HTTP/1.0" 200 13233 "http://www.semicomplete.com/blog/tags/linux" "Mozilla/5.0 (compatible; archive.org_bot +http://www.archive.org/details/archive.org_bot)"
207.241.237.221 - - [17/Sep/2014:11:58:18 +0000] "GET /blog/geekery/vmware-server-2.0-beta-1.html HTTP/1.0" 200 10732 "http://www.semicomplete.com/blog/tags/linux" "Mozilla/5.0 (compatible; archive.org_bot +http://www.archive.org/details/archive.org_bot)"
207.241.237.103 - - [17/Sep/2014:11:58:24 +0000] "GET /blog/tags/subversion HTTP/1.0" 200 12557 "http://www.semicomplete.com/blog/tags/linux" "Mozilla/5.0 (compatible; archive.org_bot +http://www.archive.org/details/archive.org_bot)"
198.46.149.143 - - [17/Sep/2014:11:59:21 +0000] "GET /blog/geekery/disabling-battery-in-ubuntu-vms.html?utm_source=feedburner&utm_medium=feed&utm_campaign=Feed%3A+semicomplete%2Fmain+%28semicomplete.com+-+Jordan+Sissel%29 HTTP/1.1" 200 9316 "-" "Tiny Tiny RSS/1.11 (http://tt-rss.org/)"
198.46.149.143 - - [17/Sep/2014:11:59:22 +0000] "GET /blog/geekery/solving-good-or-bad-problems.html?utm_source=feedburner&utm_medium=feed&utm_campaign=Feed%3A+semicomplete%2Fmain+%28semicomplete.com+-+Jordan+Sissel%29 HTTP/1.1" 200 10756 "-" "Tiny Tiny RSS/1.11 (http://tt-rss.org/)"
78.128.48.215 - - [17/Sep/2014:11:59:23 +0000] "GET /presentations/logstash-puppetconf-2012/ HTTP/1.1" 200 37269 "http://semicomplete.com/" "Mozilla/5.0 (Macintosh; Intel Mac OS X 10.7; rv:21.0) Gecko/20100101 Firefox/21.0"
78.128.48.215 - - [17/Sep/2014:11:59:23 +0000] "GET /presentations/puppet-at-loggly/puppet-at-loggly.pdf.html HTTP/1.1" 200 24747 "http://semicomplete.com/" "Mozilla/5.0 (Macintosh; Intel Mac OS X 10.7; rv:21.0) Gecko/20100101 Firefox/21.0"
66.249.73.135 - - [17/Sep/2014:11:59:31 +0000] "GET /blog/tags/xdo HTTP/1.1" 200 17500 "-" "Mozilla/5.0 (iPhone; CPU iPhone OS 6_0 like Mac OS X) AppleWebKit/536.26 (KHTML, like Gecko) Version/6.0 Mobile/10A5376e Safari/8536.25 (compatible; Googlebot/2.1; +http://www.google.com/bot.html)"
207.241.237.223 - - [17/Sep/2014:11:59:50 +0000] "GET /blog/tags/why%20did%20this%20take%20all%20night HTTP/1.0" 200 9368 "http://www.semicomplete.com/blog/tags/linux" "Mozilla/5.0 (compatible; archive.org_bot +http://www.archive.org/details/archive.org_bot)"
207.241.237.221 - - [17/Sep/2014:12:00:51 +0000] "GET /blog/tags/losetup HTTP/1.0" 200 9699 "http://www.semicomplete.com/blog/tags/linux" "Mozilla/5.0 (compatible; archive.org_bot +http://www.archive.org/details/archive.org_bot)"
94.79.44.40 - - [17/Sep/2014:12:01:06 +0000] "GET /blog/tags/xsendevent HTTP/1.1" 200 10049 "-" "Mozilla/5.0 (X11; Linux x86_64) AppleWebKit/537.31 (KHTML, like Gecko) Chrome/26.0.1410.43 Safari/537.31"
94.79.44.40 - - [17/Sep/2014:12:01:07 +0000] "GET /reset.css HTTP/1.1" 200 1015 "http://www.semicomplete.com/blog/tags/xsendevent" "Mozilla/5.0 (X11; Linux x86_64) AppleWebKit/537.31 (KHTML, like Gecko) Chrome/26.0.1410.43 Safari/537.31"
94.79.44.40 - - [17/Sep/2014:12:01:07 +0000] "GET /style2.css HTTP/1.1" 200 4877 "http://www.semicomplete.com/blog/tags/xsendevent" "Mozilla/5.0 (X11; Linux x86_64) AppleWebKit/537.31 (KHTML, like Gecko) Chrome/26.0.1410.43 Safari/537.31"
94.79.44.40 - - [17/Sep/2014:12:01:07 +0000] "GET /images/jordan-80.png HTTP/1.1" 200 6146 "http://www.semicomplete.com/blog/tags/xsendevent" "Mozilla/5.0 (X11; Linux x86_64) AppleWebKit/537.31 (KHTML, like Gecko) Chrome/26.0.1410.43 Safari/537.31"
94.79.44.40 - - [17/Sep/2014:12:01:07 +0000] "GET /images/web/2009/banner.png HTTP/1.1" 200 52315 "http://www.semicomplete.com/blog/tags/xsendevent" "Mozilla/5.0 (X11; Linux x86_64) AppleWebKit/537.31 (KHTML, like Gecko) Chrome/26.0.1410.43 Safari/537.31"
94.79.44.40 - - [17/Sep/2014:12:01:08 +0000] "GET /favicon.ico HTTP/1.1" 200 3638 "-" "Mozilla/5.0 (X11; Linux x86_64) AppleWebKit/537.31 (KHTML, like Gecko) Chrome/26.0.1410.43 Safari/537.31"
46.105.14.53 - - [17/Sep/2014:12:01:17 +0000] "GET /blog/tags/puppet?flav=rss20 HTTP/1.1" 200 14872 "-" "UniversalFeedParser/4.2-pre-314-svn +http://feedparser.org/"
178.84.1.162 - - [17/Sep/2014:12:01:32 +0000] "GET / HTTP/1.1" 200 37932 "-" "Mozilla/5.0 (Macintosh; Intel Mac OS X 10_9_1) AppleWebKit/537.73.11 (KHTML, like Gecko) Version/7.0.1 Safari/537.73.11"
46.5.254.123 - - [17/Sep/2014:12:01:39 +0000] "GET /projects/xdotool/xdotool.xhtml HTTP/1.1" 200 50112 "http://www.google.de/url?sa=t&rct=j&q=&esrc=s&source=web&cd=1&sqi=2&ved=0CC8QFjAA&url=http%3A%2F%2Fwww.semicomplete.com%2Fprojects%2Fxdotool%2Fxdotool.xhtml&ei=sBIBU4e6MMKAhAf3woCgAw&usg=AFQjCNFwZFAI0RQdN_N0kFH-oj8cLsJRNQ&bvm=bv.61535280,d.ZG4" "Mozilla/5.0 (X11; Linux x86_64; rv:27.0) Gecko/20100101 Firefox/27.0"
209.17.114.78 - - [17/Sep/2014:12:02:29 +0000] "GET /presentations/logstash-metrics-sf-2012.10/images/graphite-bieber-gangnam-moving-average.png HTTP/1.1" 200 57048 "-" "Mozilla/4.0 (compatible; MSIE 6.0; Windows NT 5.2; SV1; .NET CLR 2.0.50727; InfoPath.1)"
94.242.255.188 - - [17/Sep/2014:12:02:44 +0000] "GET /node/add/blog HTTP/1.1" 404 297 "-" "Mozilla/4.0 (compatible; MSIE 6.0; Windows NT 5.1; SV1)"
66.249.73.135 - - [17/Sep/2014:12:03:59 +0000] "GET /misc/rcfiles/zshrc HTTP/1.1" 304 - "-" "Mozilla/5.0 (iPhone; CPU iPhone OS 6_0 like Mac OS X) AppleWebKit/536.26 (KHTML, like Gecko) Version/6.0 Mobile/10A5376e Safari/8536.25 (compatible; Googlebot/2.1; +http://www.google.com/bot.html)"
94.7.215.43 - - [17/Sep/2014:12:04:23 +0000] "GET /?flav=atom HTTP/1.1" 200 32352 "-" "Liferea/1.8.3 (Linux; en_GB.UTF-8; http://liferea.sf.net/)"
77.0.42.68 - - [17/Sep/2014:12:04:27 +0000] "GET /projects/xdotool/ HTTP/1.1" 200 12292 "http://keepass.info/help/v2/setup.html" "Mozilla/5.0 (X11; Ubuntu; Linux x86_64; rv:27.0) Gecko/20100101 Firefox/27.0"
77.0.42.68 - - [17/Sep/2014:12:04:28 +0000] "GET /reset.css HTTP/1.1" 200 1015 "http://www.semicomplete.com/projects/xdotool/" "Mozilla/5.0 (X11; Ubuntu; Linux x86_64; rv:27.0) Gecko/20100101 Firefox/27.0"
77.0.42.68 - - [17/Sep/2014:12:04:28 +0000] "GET /style2.css HTTP/1.1" 200 4877 "http://www.semicomplete.com/projects/xdotool/" "Mozilla/5.0 (X11; Ubuntu; Linux x86_64; rv:27.0) Gecko/20100101 Firefox/27.0"
77.0.42.68 - - [17/Sep/2014:12:04:28 +0000] "GET /favicon.ico HTTP/1.1" 200 3638 "-" "Mozilla/5.0 (X11; Ubuntu; Linux x86_64; rv:27.0) Gecko/20100101 Firefox/27.0"
77.0.42.68 - - [17/Sep/2014:12:04:28 +0000] "GET /images/jordan-80.png HTTP/1.1" 200 6146 "http://www.semicomplete.com/projects/xdotool/" "Mozilla/5.0 (X11; Ubuntu; Linux x86_64; rv:27.0) Gecko/20100101 Firefox/27.0"
77.0.42.68 - - [17/Sep/2014:12:04:29 +0000] "GET /images/web/2009/banner.png HTTP/1.1" 200 52315 "http://www.semicomplete.com/style2.css" "Mozilla/5.0 (X11; Ubuntu; Linux x86_64; rv:27.0) Gecko/20100101 Firefox/27.0"
207.241.237.101 - - [17/Sep/2014:12:05:16 +0000] "GET /blog/geekery/find-that-lost-screen-session.html HTTP/1.0" 200 11214 "http://www.semicomplete.com/blog/tags/tools" "Mozilla/5.0 (compatible; archive.org_bot +http://www.archive.org/details/archive.org_bot)"
120.202.255.147 - - [17/Sep/2014:12:05:24 +0000] "GET /files/logstash/logstash-1.1.0-monolithic.jar HTTP/1.1" 304 - "-" "Mozilla/5.0 Gecko/20100115 Firefox/3.6"
207.241.237.104 - - [17/Sep/2014:12:05:32 +0000] "GET /geekery/find-that-lost-screen-session-2.html HTTP/1.0" 404 328 "http://www.semicomplete.com/blog/tags/tools" "Mozilla/5.0 (compatible; archive.org_bot +http://www.archive.org/details/archive.org_bot)"
207.241.237.225 - - [17/Sep/2014:12:06:14 +0000] "GET /blog/tags/life%20hacks HTTP/1.0" 200 8753 "http://www.semicomplete.com/blog/tags/tools" "Mozilla/5.0 (compatible; archive.org_bot +http://www.archive.org/details/archive.org_bot)"
207.241.237.101 - - [17/Sep/2014:12:06:15 +0000] "GET /blog/tags/centos HTTP/1.0" 200 14871 "http://www.semicomplete.com/blog/tags/tools" "Mozilla/5.0 (compatible; archive.org_bot +http://www.archive.org/details/archive.org_bot)"
50.16.19.13 - - [17/Sep/2014:12:06:17 +0000] "GET /blog/tags/puppet?flav=rss20 HTTP/1.1" 200 14872 "http://www.semicomplete.com/blog/tags/puppet?flav=rss20" "Tiny Tiny RSS/1.11 (http://tt-rss.org/)"
100.43.83.137 - - [17/Sep/2014:12:06:18 +0000] "GET /presentations/logstash-scale11x/images/jordan.jpg HTTP/1.1" 304 - "-" "Mozilla/5.0 (compatible; YandexImages/3.0; +http://yandex.com/bots)"
46.105.14.53 - - [17/Sep/2014:12:06:21 +0000] "GET /blog/tags/puppet?flav=rss20 HTTP/1.1" 200 14872 "-" "UniversalFeedParser/4.2-pre-314-svn +http://feedparser.org/"
66.249.73.135 - - [17/Sep/2014:12:06:23 +0000] "GET /blog/tags/nfs HTTP/1.1" 200 10092 "-" "Mozilla/5.0 (compatible; Googlebot/2.1; +http://www.google.com/bot.html)"
207.241.237.227 - - [17/Sep/2014:12:06:40 +0000] "GET /blog/tags/egg HTTP/1.0" 200 11338 "http://www.semicomplete.com/blog/tags/tools" "Mozilla/5.0 (compatible; archive.org_bot +http://www.archive.org/details/archive.org_bot)"
79.235.40.176 - - [17/Sep/2014:12:07:21 +0000] "GET /projects/xdotool/xdotool.xhtml HTTP/1.1" 200 50112 "https://www.google.de/" "Mozilla/5.0 (X11; Linux x86_64) AppleWebKit/537.36 (KHTML, like Gecko) Chrome/33.0.1750.91 Safari/537.36"
79.235.40.176 - - [17/Sep/2014:12:07:22 +0000] "GET /favicon.ico HTTP/1.1" 200 3638 "-" "Mozilla/5.0 (X11; Linux x86_64) AppleWebKit/537.36 (KHTML, like Gecko) Chrome/33.0.1750.91 Safari/537.36"
108.174.55.234 - - [17/Sep/2014:12:07:42 +0000] "GET /?flav=rss20 HTTP/1.1" 200 29941 "-" "-"
70.193.72.87 - - [17/Sep/2014:12:07:47 +0000] "GET /presentations/logstash-blah/images/office-space-printer-beat-down-gif.gif HTTP/1.1" 200 6443283 "https://www.google.com/" "Mozilla/5.0 (iPhone; CPU iPhone OS 6_1_4 like Mac OS X) AppleWebKit/536.26 (KHTML, like Gecko) Version/6.0 Mobile/10B350 Safari/8536.25"
91.68.55.56 - - [17/Sep/2014:12:07:58 +0000] "GET /projects/liboverride/ HTTP/1.1" 200 12909 "http://www.noah.org/wiki/LD_PRELOAD_notes" "Mozilla/5.0 (X11; Ubuntu; Linux x86_64; rv:26.0) Gecko/20100101 Firefox/26.0"
91.68.55.56 - - [17/Sep/2014:12:07:59 +0000] "GET /reset.css HTTP/1.1" 200 1015 "http://www.semicomplete.com/projects/liboverride/" "Mozilla/5.0 (X11; Ubuntu; Linux x86_64; rv:26.0) Gecko/20100101 Firefox/26.0"
91.68.55.56 - - [17/Sep/2014:12:07:59 +0000] "GET /style2.css HTTP/1.1" 200 4877 "http://www.semicomplete.com/projects/liboverride/" "Mozilla/5.0 (X11; Ubuntu; Linux x86_64; rv:26.0) Gecko/20100101 Firefox/26.0"
91.68.55.56 - - [17/Sep/2014:12:07:59 +0000] "GET /favicon.ico HTTP/1.1" 200 3638 "-" "Mozilla/5.0 (X11; Ubuntu; Linux x86_64; rv:26.0) Gecko/20100101 Firefox/26.0"
91.68.55.56 - - [17/Sep/2014:12:07:59 +0000] "GET /images/jordan-80.png HTTP/1.1" 200 6146 "http://www.semicomplete.com/projects/liboverride/" "Mozilla/5.0 (X11; Ubuntu; Linux x86_64; rv:26.0) Gecko/20100101 Firefox/26.0"
91.68.55.56 - - [17/Sep/2014:12:07:59 +0000] "GET /images/web/2009/banner.png HTTP/1.1" 200 52315 "http://www.semicomplete.com/style2.css" "Mozilla/5.0 (X11; Ubuntu; Linux x86_64; rv:26.0) Gecko/20100101 Firefox/26.0"
107.170.40.197 - - [17/Sep/2014:12:08:14 +0000] "GET /?flav=atom HTTP/1.1" 200 32352 "-" "Feedbin - 1 subscribers"
99.33.244.41 - - [17/Sep/2014:12:08:32 +0000] "GET /blog/tags/jquery%20mobile HTTP/1.1" 200 9571 "https://www.google.com/" "Mozilla/5.0 (Windows NT 5.1) AppleWebKit/537.36 (KHTML, like Gecko) Chrome/32.0.1700.107 Safari/537.36"
66.249.73.135 - - [17/Sep/2014:12:08:32 +0000] "GET /scripts/python/wrap/happyfoo.py HTTP/1.1" 200 557 "-" "Mozilla/5.0 (iPhone; CPU iPhone OS 6_0 like Mac OS X) AppleWebKit/536.26 (KHTML, like Gecko) Version/6.0 Mobile/10A5376e Safari/8536.25 (compatible; Googlebot/2.1; +http://www.google.com/bot.html)"
31.45.226.43 - - [17/Sep/2014:12:09:48 +0000] "GET /presentations/logstash-scale11x/images/ahhh___rage_face_by_samusmmx-d5g5zap.png HTTP/1.1" 200 175208 "-" "Mozilla/5.0 (Windows NT 6.1; WOW64; rv:27.0) Gecko/20100101 Firefox/27.0"
207.241.237.103 - - [17/Sep/2014:12:10:12 +0000] "GET /blog/geekery/find-taht-lost-screen-session-3.html HTTP/1.0" 200 11118 "http://www.semicomplete.com/blog/tags/tools" "Mozilla/5.0 (compatible; archive.org_bot +http://www.archive.org/details/archive.org_bot)"
46.105.14.53 - - [17/Sep/2014:12:11:17 +0000] "GET /blog/tags/puppet?flav=rss20 HTTP/1.1" 200 14872 "-" "UniversalFeedParser/4.2-pre-314-svn +http://feedparser.org/"
66.249.73.135 - - [17/Sep/2014:12:11:51 +0000] "GET / HTTP/1.1" 200 37932 "-" "Mozilla/5.0 (compatible; Googlebot/2.1; +http://www.google.com/bot.html)"
85.224.97.187 - - [17/Sep/2014:12:12:02 +0000] "GET /articles/dynamic-dns-with-dhcp/ HTTP/1.1" 200 18848 "https://www.google.se/" "Mozilla/5.0 (Windows NT 6.1; WOW64) AppleWebKit/537.36 (KHTML, like Gecko) Chrome/32.0.1700.107 Safari/537.36"
66.249.73.135 - - [17/Sep/2014:12:12:03 +0000] "GET /scripts/python/ HTTP/1.1" 200 1137 "-" "DoCoMo/2.0 N905i(c100;TB;W24H16) (compatible; Googlebot-Mobile/2.1; +http://www.google.com/bot.html)"
180.76.5.172 - - [17/Sep/2014:12:12:32 +0000] "GET /blog/geekery/honeypot-auditing.html?commentlimit=0 HTTP/1.1" 200 9734 "-" "Mozilla/5.0 (compatible; Baiduspider/2.0; +http://www.baidu.com/search/spider.html)"
74.125.176.151 - - [17/Sep/2014:12:12:40 +0000] "GET /?flav=rss20 HTTP/1.1" 200 29941 "-" "FeedBurner/1.0 (http://www.FeedBurner.com)"
207.241.237.224 - - [17/Sep/2014:12:12:58 +0000] "GET /icons/unknown.gif HTTP/1.0" 200 245 "http://www.semicomplete.com/scripts/" "Mozilla/5.0 (compatible; special_archiver/3.1.1 +http://www.archive.org/details/archive.org_bot)"
66.249.73.135 - - [17/Sep/2014:12:13:01 +0000] "GET /scripts/python/wrap/main.py HTTP/1.1" 200 185 "-" "Mozilla/5.0 (iPhone; CPU iPhone OS 6_0 like Mac OS X) AppleWebKit/536.26 (KHTML, like Gecko) Version/6.0 Mobile/10A5376e Safari/8536.25 (compatible; Googlebot/2.1; +http://www.google.com/bot.html)"
173.236.32.108 - - [17/Sep/2014:12:13:01 +0000] "GET /presentations/logstash-metrics-sf-2012.10/ HTTP/1.0" 200 18729 "http://semicomplete.com/" "Mozilla/5.0 (Macintosh; Intel Mac OS X 10.7; rv:21.0) Gecko/20100101 Firefox/21.0"
173.236.32.108 - - [17/Sep/2014:12:13:02 +0000] "GET /presentations/logstash-metrics-sf-2012.10/ HTTP/1.0" 200 18729 "http://semicomplete.com/" "Mozilla/5.0 (Macintosh; Intel Mac OS X 10.7; rv:21.0) Gecko/20100101 Firefox/21.0"
207.241.237.224 - - [17/Sep/2014:12:13:02 +0000] "GET /blog/tags/shebang HTTP/1.0" 200 9438 "http://www.semicomplete.com/blog/tags/linux" "Mozilla/5.0 (compatible; archive.org_bot +http://www.archive.org/details/archive.org_bot)"
207.241.237.224 - - [17/Sep/2014:12:13:05 +0000] "GET /blog/tags/hope%20is%20not%20a%20strategy HTTP/1.0" 200 8877 "http://www.semicomplete.com/blog/tags/linux" "Mozilla/5.0 (compatible; archive.org_bot +http://www.archive.org/details/archive.org_bot)"
207.241.237.224 - - [17/Sep/2014:12:13:09 +0000] "GET /blog/tags/loop HTTP/1.0" 200 9699 "http://www.semicomplete.com/blog/tags/linux" "Mozilla/5.0 (compatible; archive.org_bot +http://www.archive.org/details/archive.org_bot)"
207.241.237.224 - - [17/Sep/2014:12:13:13 +0000] "GET /blog/tags/screen%20ninja HTTP/1.0" 200 17995 "http://www.semicomplete.com/blog/tags/tools" "Mozilla/5.0 (compatible; archive.org_bot +http://www.archive.org/details/archive.org_bot)"
66.249.73.135 - - [17/Sep/2014:12:13:26 +0000] "GET /scripts/python/wrap.backup/ HTTP/1.1" 200 2420 "-" "DoCoMo/2.0 N905i(c100;TB;W24H16) (compatible; Googlebot-Mobile/2.1; +http://www.google.com/bot.html)"
208.91.156.11 - - [17/Sep/2014:12:13:53 +0000] "GET /files/logstash/logstash-1.3.2-monolithic.jar HTTP/1.1" 404 324 "-" "Chef Client/10.18.2 (ruby-1.9.3-p327; ohai-6.16.0; x86_64-linux; +http://opscode.com)"
94.7.215.43 - - [17/Sep/2014:12:14:33 +0000] "GET /?flav=atom HTTP/1.1" 200 32352 "-" "Liferea/1.8.3 (Linux; en_GB.UTF-8; http://liferea.sf.net/)"
61.174.9.96 - - [17/Sep/2014:12:14:40 +0000] "GET /presentations/security/ HTTP/1.0" 200 38217 "http://www.semicomplete.com/presentations/security/" "Mozilla/5.0 (Windows NT 6.1) AppleWebKit/535.11 (KHTML, like Gecko) Chrome/17.0.963.12 Safari/535.11"
46.105.14.53 - - [17/Sep/2014:12:16:20 +0000] "GET /blog/tags/puppet?flav=rss20 HTTP/1.1" 200 14872 "-" "UniversalFeedParser/4.2-pre-314-svn +http://feedparser.org/"
66.249.73.135 - - [17/Sep/2014:12:17:34 +0000] "GET /scripts/python/wrap/wrap.py HTTP/1.1" 200 256 "-" "Mozilla/5.0 (iPhone; CPU iPhone OS 6_0 like Mac OS X) AppleWebKit/536.26 (KHTML, like Gecko) Version/6.0 Mobile/10A5376e Safari/8536.25 (compatible; Googlebot/2.1; +http://www.google.com/bot.html)"
207.241.237.104 - - [17/Sep/2014:12:18:00 +0000] "GET /scripts/wakeup.sh HTTP/1.0" 200 312 "http://www.semicomplete.com/blog/tags/tools" "Mozilla/5.0 (compatible; archive.org_bot +http://www.archive.org/details/archive.org_bot)"
207.241.237.220 - - [17/Sep/2014:12:18:03 +0000] "GET /geekery/find-that-lost-screen-session.html HTTP/1.0" 404 326 "http://www.semicomplete.com/blog/tags/tools" "Mozilla/5.0 (compatible; archive.org_bot +http://www.archive.org/details/archive.org_bot)"
199.30.20.7 - - [17/Sep/2014:12:18:17 +0000] "GET /robots.txt HTTP/1.1" 200 - "-" "msnbot-media/1.1 (+http://search.msn.com/msnbot.htm)"
199.30.20.7 - - [17/Sep/2014:12:18:17 +0000] "GET /blog/geekery/101.html?commentlimit=0 HTTP/1.1" 200 9419 "-" "msnbot-media/1.1 (+http://search.msn.com/msnbot.htm)"
86.96.42.185 - - [17/Sep/2014:12:18:18 +0000] "GET /blog/tags/debugging HTTP/1.1" 200 24083 "-" "Mozilla/4.0 (MSIE 6.0; Windows NT 5.0)"
66.249.73.135 - - [17/Sep/2014:12:18:55 +0000] "GET /blog/tags/firefox?flav=rss20 HTTP/1.1" 200 16021 "-" "Mozilla/5.0 (compatible; Googlebot/2.1; +http://www.google.com/bot.html)"
207.241.237.102 - - [17/Sep/2014:12:19:02 +0000] "GET /blog/geekery/python-packages-as-rpm.html HTTP/1.0" 200 11338 "http://www.semicomplete.com/blog/tags/tools" "Mozilla/5.0 (compatible; archive.org_bot +http://www.archive.org/details/archive.org_bot)"
199.15.233.137 - - [17/Sep/2014:12:20:09 +0000] "GET /blog HTTP/1.0" 200 37936 "http://www.semicomplete.com/blog" "Mozilla/5.0 (Windows NT 6.2; WOW64; rv:16.0) Gecko/20100101 Firefox/16.0"
46.105.14.53 - - [17/Sep/2014:12:21:17 +0000] "GET /blog/tags/puppet?flav=rss20 HTTP/1.1" 200 14872 "-" "UniversalFeedParser/4.2-pre-314-svn +http://feedparser.org/"
77.230.140.4 - - [17/Sep/2014:12:21:26 +0000] "GET /favicon.ico HTTP/1.1" 200 3638 "http://www.semicomplete.com/projects/xdotool/xdotool.xhtml" "Opera/9.80 (X11; Linux x86_64) Presto/2.12.388 Version/12.16"
77.230.140.4 - - [17/Sep/2014:12:21:25 +0000] "GET /projects/xdotool/xdotool.xhtml HTTP/1.1" 200 50112 "http://www.google.es/url?sa=t&rct=j&q=&esrc=s&source=web&cd=1&ved=0CC4QFjAA&url=http%3A%2F%2Fwww.semicomplete.com%2Fprojects%2Fxdotool%2Fxdotool.xhtml&ei=TRcBU6KzELTw0gXwj4H4BQ&usg=AFQjCNFwZFAI0RQdN_N0kFH-oj8cLsJRNQ&bvm=bv.61535280,d.d2k" "Opera/9.80 (X11; Linux x86_64) Presto/2.12.388 Version/12.16"
185.5.156.107 - - [17/Sep/2014:12:21:50 +0000] "GET /images/googledotcom.png HTTP/1.1" 200 65748 "http://www.google.com/search?q=www.google.com&client=ms-android-sonyericsson&hl=fa&source=android-search-app&v=141400000&source=lnms&tbm=isch&sa=X&ei=VBYBU-isLojbtAaQmoGwBA&ved=0CAgQ_AUoAA" "Mozilla/5.0 (Linux; U; Android 4.0.4; fa-ir; SonyEricssonLT22i Build/6.1.1.B.1.54) AppleWebKit/534.30 (KHTML, like Gecko) Version/4.0 Mobile Safari/534.30"
98.227.31.237 - - [17/Sep/2014:12:21:58 +0000] "GET /projects/xdotool/ HTTP/1.1" 200 12292 "https://www.google.com/" "Mozilla/5.0 (X11; Linux x86_64) AppleWebKit/537.36 (KHTML, like Gecko) Chrome/32.0.1700.107 Safari/537.36"
98.227.31.237 - - [17/Sep/2014:12:21:58 +0000] "GET /reset.css HTTP/1.1" 200 1015 "http://www.semicomplete.com/projects/xdotool/" "Mozilla/5.0 (X11; Linux x86_64) AppleWebKit/537.36 (KHTML, like Gecko) Chrome/32.0.1700.107 Safari/537.36"
98.227.31.237 - - [17/Sep/2014:12:21:58 +0000] "GET /style2.css HTTP/1.1" 200 4877 "http://www.semicomplete.com/projects/xdotool/" "Mozilla/5.0 (X11; Linux x86_64) AppleWebKit/537.36 (KHTML, like Gecko) Chrome/32.0.1700.107 Safari/537.36"
98.227.31.237 - - [17/Sep/2014:12:21:58 +0000] "GET /images/jordan-80.png HTTP/1.1" 200 6146 "http://www.semicomplete.com/projects/xdotool/" "Mozilla/5.0 (X11; Linux x86_64) AppleWebKit/537.36 (KHTML, like Gecko) Chrome/32.0.1700.107 Safari/537.36"
98.227.31.237 - - [17/Sep/2014:12:21:58 +0000] "GET /images/web/2009/banner.png HTTP/1.1" 200 52315 "http://www.semicomplete.com/projects/xdotool/" "Mozilla/5.0 (X11; Linux x86_64) AppleWebKit/537.36 (KHTML, like Gecko) Chrome/32.0.1700.107 Safari/537.36"
98.227.31.237 - - [17/Sep/2014:12:21:59 +0000] "GET /favicon.ico HTTP/1.1" 200 3638 "-" "Mozilla/5.0 (X11; Linux x86_64) AppleWebKit/537.36 (KHTML, like Gecko) Chrome/32.0.1700.107 Safari/537.36"
46.105.125.31 - - [17/Sep/2014:12:22:21 +0000] "HEAD /projects/xdotool/ HTTP/1.1" 200 - "-" "IrssiUrlLog/0.2"
50.16.19.13 - - [17/Sep/2014:12:22:21 +0000] "GET /blog/tags/puppet?flav=rss20 HTTP/1.1" 200 14872 "http://www.semicomplete.com/blog/tags/puppet?flav=rss20" "Tiny Tiny RSS/1.11 (http://tt-rss.org/)"
201.216.154.220 - - [17/Sep/2014:12:22:27 +0000] "GET /images/googledotcom.png HTTP/1.1" 200 65748 "http://www.google.com.gt/search?q=www.google.com&client=ms-unknown&hl=es&v=141338691&source=lnms&tbm=isch&sa=X&ei=lxABU_WJGoePkAfD04GwCg&ved=0CAgQ_AUoAA" "Mozilla/5.0 (Linux; U; Android 4.0.4; es-es; Bmobile_AX540 Build/IMM76D) AppleWebKit/534.30 (KHMTL, like Gecko) Version/4.0 Mobile Safari/534.30"
84.112.29.184 - - [17/Sep/2014:12:22:31 +0000] "GET /projects/xdotool/ HTTP/1.1" 200 12292 "http://codebright.wordpress.com/2010/06/27/sendkeys-in-linux/" "Mozilla/5.0 (X11; Linux x86_64) AppleWebKit/537.36 (KHTML, like Gecko) Chrome/32.0.1700.77 Safari/537.36"
84.112.29.184 - - [17/Sep/2014:12:22:31 +0000] "GET /reset.css HTTP/1.1" 200 1015 "http://www.semicomplete.com/projects/xdotool/" "Mozilla/5.0 (X11; Linux x86_64) AppleWebKit/537.36 (KHTML, like Gecko) Chrome/32.0.1700.77 Safari/537.36"
84.112.29.184 - - [17/Sep/2014:12:22:31 +0000] "GET /images/jordan-80.png HTTP/1.1" 200 6146 "http://www.semicomplete.com/projects/xdotool/" "Mozilla/5.0 (X11; Linux x86_64) AppleWebKit/537.36 (KHTML, like Gecko) Chrome/32.0.1700.77 Safari/537.36"
84.112.29.184 - - [17/Sep/2014:12:22:31 +0000] "GET /style2.css HTTP/1.1" 200 4877 "http://www.semicomplete.com/projects/xdotool/" "Mozilla/5.0 (X11; Linux x86_64) AppleWebKit/537.36 (KHTML, like Gecko) Chrome/32.0.1700.77 Safari/537.36"
84.112.29.184 - - [17/Sep/2014:12:22:32 +0000] "GET /images/web/2009/banner.png HTTP/1.1" 200 52315 "http://www.semicomplete.com/projects/xdotool/" "Mozilla/5.0 (X11; Linux x86_64) AppleWebKit/537.36 (KHTML, like Gecko) Chrome/32.0.1700.77 Safari/537.36"
84.112.29.184 - - [17/Sep/2014:12:22:32 +0000] "GET /favicon.ico HTTP/1.1" 200 3638 "-" "Mozilla/5.0 (X11; Linux x86_64) AppleWebKit/537.36 (KHTML, like Gecko) Chrome/32.0.1700.77 Safari/537.36"
71.59.29.242 - - [17/Sep/2014:12:22:36 +0000] "GET /projects/xdotool/xdotool.xhtml HTTP/1.1" 200 50112 "http://www.google.com/url?q=http%3A%2F%2Fwww.semicomplete.com%2Fprojects%2Fxdotool%2Fxdotool.xhtml%23keyboard_commands&sa=D&sntz=1&usg=AFQjCNE99PSLvWBIRez711_mR6XayHJjfQ" "Mozilla/5.0 (X11; Ubuntu; Linux x86_64; rv:27.0) Gecko/20100101 Firefox/27.0"
71.59.29.242 - - [17/Sep/2014:12:22:36 +0000] "GET /favicon.ico HTTP/1.1" 200 3638 "-" "Mozilla/5.0 (X11; Ubuntu; Linux x86_64; rv:27.0) Gecko/20100101 Firefox/27.0"
50.90.110.61 - - [17/Sep/2014:12:22:37 +0000] "GET /favicon.ico HTTP/1.1" 200 3638 "-" "Mozilla/5.0 (X11; Linux x86_64; rv:30.0) Gecko/20100101 Firefox/30.0"
213.112.253.123 - - [17/Sep/2014:12:23:20 +0000] "GET /blog/tags/smart HTTP/1.1" 200 10068 "https://www.google.se/" "Mozilla/5.0 (Windows NT 6.1; WOW64) AppleWebKit/537.36 (KHTML, like Gecko) Chrome/32.0.1700.107 Safari/537.36"
213.112.253.123 - - [17/Sep/2014:12:23:21 +0000] "GET /reset.css HTTP/1.1" 200 1015 "http://www.semicomplete.com/blog/tags/smart" "Mozilla/5.0 (Windows NT 6.1; WOW64) AppleWebKit/537.36 (KHTML, like Gecko) Chrome/32.0.1700.107 Safari/537.36"
213.112.253.123 - - [17/Sep/2014:12:23:21 +0000] "GET /style2.css HTTP/1.1" 200 4877 "http://www.semicomplete.com/blog/tags/smart" "Mozilla/5.0 (Windows NT 6.1; WOW64) AppleWebKit/537.36 (KHTML, like Gecko) Chrome/32.0.1700.107 Safari/537.36"
213.112.253.123 - - [17/Sep/2014:12:23:21 +0000] "GET /images/jordan-80.png HTTP/1.1" 200 6146 "http://www.semicomplete.com/blog/tags/smart" "Mozilla/5.0 (Windows NT 6.1; WOW64) AppleWebKit/537.36 (KHTML, like Gecko) Chrome/32.0.1700.107 Safari/537.36"
213.112.253.123 - - [17/Sep/2014:12:23:21 +0000] "GET /images/web/2009/banner.png HTTP/1.1" 200 52315 "http://www.semicomplete.com/blog/tags/smart" "Mozilla/5.0 (Windows NT 6.1; WOW64) AppleWebKit/537.36 (KHTML, like Gecko) Chrome/32.0.1700.107 Safari/537.36"
213.112.253.123 - - [17/Sep/2014:12:23:22 +0000] "GET /favicon.ico HTTP/1.1" 200 3638 "-" "Mozilla/5.0 (Windows NT 6.1; WOW64) AppleWebKit/537.36 (KHTML, like Gecko) Chrome/32.0.1700.107 Safari/537.36"
117.172.98.228 - - [17/Sep/2014:12:23:36 +0000] "GET /presentations/logstash-puppetconf-2012/ HTTP/1.1" 200 37269 "http://semicomplete.com/" "Mozilla/5.0 (Macintosh; Intel Mac OS X 10.7; rv:21.0) Gecko/20100101 Firefox/21.0"
117.172.98.228 - - [17/Sep/2014:12:23:59 +0000] "GET /presentations/puppet-at-loggly/puppet-at-loggly.pdf.html HTTP/1.1" 200 24747 "http://semicomplete.com/" "Mozilla/5.0 (Macintosh; Intel Mac OS X 10.7; rv:21.0) Gecko/20100101 Firefox/21.0"
207.241.237.223 - - [17/Sep/2014:12:24:36 +0000] "GET /blog/geekery/find-that-lost-screen-session-2.html HTTP/1.0" 200 10566 "http://www.semicomplete.com/blog/tags/tools" "Mozilla/5.0 (compatible; archive.org_bot +http://www.archive.org/details/archive.org_bot)"
207.241.237.103 - - [17/Sep/2014:12:24:45 +0000] "GET /blog/tags/screen HTTP/1.0" 200 26645 "http://www.semicomplete.com/blog/tags/tools" "Mozilla/5.0 (compatible; archive.org_bot +http://www.archive.org/details/archive.org_bot)"
157.56.229.247 - - [17/Sep/2014:12:24:55 +0000] "GET /robots.txt HTTP/1.1" 200 - "-" "Mozilla/5.0 (compatible; bingbot/2.0; +http://www.bing.com/bingbot.htm)"
209.85.238.199 - - [17/Sep/2014:12:25:17 +0000] "GET /blog/tags/firefox?flav=rss20 HTTP/1.1" 200 16021 "-" "Feedfetcher-Google; (+http://www.google.com/feedfetcher.html; 3 subscribers; feed-id=14171215010336145331)"
66.249.73.135 - - [17/Sep/2014:12:26:14 +0000] "GET /?flav=rss20 HTTP/1.1" 200 29941 "-" "Mozilla/5.0 (compatible; Googlebot/2.1; +http://www.google.com/bot.html)"
46.105.14.53 - - [17/Sep/2014:12:26:20 +0000] "GET /blog/tags/puppet?flav=rss20 HTTP/1.1" 200 14872 "-" "UniversalFeedParser/4.2-pre-314-svn +http://feedparser.org/"
77.248.77.178 - - [17/Sep/2014:12:27:13 +0000] "GET /articles/ssh-security/ HTTP/1.1" 200 16543 "https://www.google.nl/" "Mozilla/5.0 (Windows NT 6.1; WOW64) AppleWebKit/537.36 (KHTML, like Gecko) Chrome/32.0.1700.107 Safari/537.36"
77.248.77.178 - - [17/Sep/2014:12:27:13 +0000] "GET /reset.css HTTP/1.1" 200 1015 "http://www.semicomplete.com/articles/ssh-security/" "Mozilla/5.0 (Windows NT 6.1; WOW64) AppleWebKit/537.36 (KHTML, like Gecko) Chrome/32.0.1700.107 Safari/537.36"
77.248.77.178 - - [17/Sep/2014:12:27:13 +0000] "GET /style2.css HTTP/1.1" 200 4877 "http://www.semicomplete.com/articles/ssh-security/" "Mozilla/5.0 (Windows NT 6.1; WOW64) AppleWebKit/537.36 (KHTML, like Gecko) Chrome/32.0.1700.107 Safari/537.36"
77.248.77.178 - - [17/Sep/2014:12:27:13 +0000] "GET /images/jordan-80.png HTTP/1.1" 200 6146 "http://www.semicomplete.com/articles/ssh-security/" "Mozilla/5.0 (Windows NT 6.1; WOW64) AppleWebKit/537.36 (KHTML, like Gecko) Chrome/32.0.1700.107 Safari/537.36"
77.248.77.178 - - [17/Sep/2014:12:27:14 +0000] "GET /images/web/2009/banner.png HTTP/1.1" 200 52315 "http://www.semicomplete.com/articles/ssh-security/" "Mozilla/5.0 (Windows NT 6.1; WOW64) AppleWebKit/537.36 (KHTML, like Gecko) Chrome/32.0.1700.107 Safari/537.36"
77.248.77.178 - - [17/Sep/2014:12:27:14 +0000] "GET /favicon.ico HTTP/1.1" 200 3638 "-" "Mozilla/5.0 (Windows NT 6.1; WOW64) AppleWebKit/537.36 (KHTML, like Gecko) Chrome/32.0.1700.107 Safari/537.36"
172.56.28.38 - - [17/Sep/2014:12:27:14 +0000] "GET /projects/xdotool/xdotool.xhtml HTTP/1.1" 200 50112 "http://www.google.com/url?sa=t&rct=j&q=&esrc=s&source=web&cd=1&ved=0CCQQFjAA&url=http%3A%2F%2Fwww.semicomplete.com%2Fprojects%2Fxdotool%2Fxdotool.xhtml&ei=qxgBU5zHL9O50AGn2IHgAw&usg=AFQjCNFwZFAI0RQdN_N0kFH-oj8cLsJRNQ&bvm=bv.61535280,d.dmQ" "Mozilla/5.0 (X11; Ubuntu; Linux x86_64; rv:27.0) Gecko/20100101 Firefox/27.0"
172.56.28.38 - - [17/Sep/2014:12:27:15 +0000] "GET /favicon.ico HTTP/1.1" 200 3638 "-" "Mozilla/5.0 (X11; Ubuntu; Linux x86_64; rv:27.0) Gecko/20100101 Firefox/27.0"
94.79.44.40 - - [17/Sep/2014:12:27:30 +0000] "GET /blog/geekery/xsendevent-xdotool-and-ld_preload.html HTTP/1.1" 200 10049 "http://stackoverflow.com/questions/14656615/xlib-xsendevent-click-event-do-not-work-inside-of-some-windows-on-ubuntu-12-04" "Mozilla/5.0 (X11; Linux x86_64; rv:27.0) Gecko/20100101 Firefox/27.0"
94.79.44.40 - - [17/Sep/2014:12:27:31 +0000] "GET /reset.css HTTP/1.1" 200 1015 "http://www.semicomplete.com/blog/geekery/xsendevent-xdotool-and-ld_preload.html" "Mozilla/5.0 (X11; Linux x86_64; rv:27.0) Gecko/20100101 Firefox/27.0"
94.79.44.40 - - [17/Sep/2014:12:27:31 +0000] "GET /style2.css HTTP/1.1" 200 4877 "http://www.semicomplete.com/blog/geekery/xsendevent-xdotool-and-ld_preload.html" "Mozilla/5.0 (X11; Linux x86_64; rv:27.0) Gecko/20100101 Firefox/27.0"
94.79.44.40 - - [17/Sep/2014:12:27:31 +0000] "GET /favicon.ico HTTP/1.1" 200 3638 "-" "Mozilla/5.0 (X11; Linux x86_64; rv:27.0) Gecko/20100101 Firefox/27.0"
